[2024-12-25T14:39:03.390+0300][info][gc] Using Parallel
[2024-12-25T14:39:04.048+0300][info][gc] GC(0) Pause Young (Allocation Failure) 2M->1M(11M) 5.317ms
[2024-12-25T14:39:11.744+0300][info][gc] GC(1) Pause Young (Allocation Failure) 4M->3M(11M) 6.630ms
[2024-12-25T14:39:11.894+0300][info][gc] GC(2) Pause Young (Allocation Failure) 6M->3M(11M) 3.350ms
[2024-12-25T14:39:12.026+0300][info][gc] GC(3) Pause Young (Allocation Failure) 6M->4M(11M) 6.717ms
[2024-12-25T14:39:12.114+0300][info][gc] GC(4) Pause Young (Allocation Failure) 7M->5M(11M) 5.281ms
[2024-12-25T14:39:13.669+0300][info][gc] GC(5) Pause Young (Allocation Failure) 8M->6M(10M) 5.417ms
[2024-12-25T14:39:14.078+0300][info][gc] GC(6) Pause Young (Allocation Failure) 8M->6M(11M) 4.546ms
[2024-12-25T14:39:14.403+0300][info][gc] GC(7) Pause Young (Allocation Failure) 8M->7M(11M) 2.726ms
[2024-12-25T14:39:14.427+0300][info][gc] GC(8) Pause Full (Ergonomics) 7M->4M(11M) 23.884ms
[2024-12-25T14:39:22.444+0300][info][gc] GC(9) Pause Young (Allocation Failure) 6M->4M(11M) 1.237ms
[2024-12-25T14:39:33.788+0300][info][gc] GC(10) Pause Young (Allocation Failure) 6M->4M(11M) 0.934ms
[2024-12-25T14:39:43.458+0300][info][gc] GC(11) Pause Young (Allocation Failure) 6M->5M(11M) 1.125ms
[2024-12-25T14:40:01.470+0300][info][gc] GC(12) Pause Young (Allocation Failure) 7M->5M(11M) 0.424ms
[2024-12-25T14:40:19.492+0300][info][gc] GC(13) Pause Young (Allocation Failure) 7M->5M(11M) 0.541ms
[2024-12-25T14:40:38.486+0300][info][gc] GC(14) Pause Young (Allocation Failure) 7M->5M(11M) 0.455ms
[2024-12-25T14:40:56.500+0300][info][gc] GC(15) Pause Young (Allocation Failure) 7M->5M(11M) 0.682ms
[2024-12-25T14:41:14.539+0300][info][gc] GC(16) Pause Young (Allocation Failure) 7M->5M(11M) 0.552ms
[2024-12-25T14:41:33.554+0300][info][gc] GC(17) Pause Young (Allocation Failure) 7M->5M(11M) 0.500ms
[2024-12-25T14:41:51.573+0300][info][gc] GC(18) Pause Young (Allocation Failure) 7M->5M(11M) 0.489ms
[2024-12-25T14:42:10.587+0300][info][gc] GC(19) Pause Young (Allocation Failure) 7M->5M(11M) 0.502ms
[2024-12-25T14:42:30.535+0300][info][gc] GC(20) Pause Young (Allocation Failure) 7M->5M(11M) 0.416ms
[2024-12-25T14:42:49.620+0300][info][gc] GC(21) Pause Young (Allocation Failure) 7M->5M(11M) 0.410ms
[2024-12-25T14:43:09.568+0300][info][gc] GC(22) Pause Young (Allocation Failure) 7M->5M(11M) 0.380ms
[2024-12-25T14:43:28.570+0300][info][gc] GC(23) Pause Young (Allocation Failure) 7M->5M(11M) 0.384ms
[2024-12-25T14:43:47.682+0300][info][gc] GC(24) Pause Young (Allocation Failure) 7M->5M(11M) 0.438ms
[2024-12-25T14:44:07.779+0300][info][gc] GC(25) Pause Young (Allocation Failure) 7M->5M(11M) 0.409ms
[2024-12-25T14:44:27.134+0300][info][gc] GC(26) Pause Young (Allocation Failure) 7M->5M(11M) 0.409ms
[2024-12-25T14:44:39.373+0300][info][gc] GC(27) Pause Young (Allocation Failure) 7M->5M(11M) 0.571ms
[2024-12-25T14:44:39.392+0300][info][gc] GC(28) Pause Young (Allocation Failure) 7M->6M(11M) 1.830ms
[2024-12-25T14:44:39.409+0300][info][gc] GC(29) Pause Young (Allocation Failure) 8M->6M(11M) 1.038ms
[2024-12-25T14:44:39.448+0300][info][gc] GC(30) Pause Young (Allocation Failure) 8M->6M(11M) 0.417ms
[2024-12-25T14:44:39.457+0300][info][gc] GC(31) Pause Young (Allocation Failure) 8M->7M(11M) 0.343ms
[2024-12-25T14:44:39.462+0300][info][gc] GC(32) Pause Young (Allocation Failure) 9M->7M(11M) 0.485ms
[2024-12-25T14:44:39.498+0300][info][gc] GC(33) Pause Full (Ergonomics) 7M->6M(11M) 36.268ms
[2024-12-25T14:44:39.504+0300][info][gc] GC(34) Pause Young (Allocation Failure) 8M->6M(11M) 0.496ms
[2024-12-25T14:44:39.508+0300][info][gc] GC(35) Pause Young (Allocation Failure) 8M->6M(11M) 0.279ms
[2024-12-25T14:44:39.512+0300][info][gc] GC(36) Pause Young (Allocation Failure) 8M->6M(11M) 0.351ms
[2024-12-25T14:44:39.516+0300][info][gc] GC(37) Pause Young (Allocation Failure) 8M->6M(11M) 0.350ms
[2024-12-25T14:44:39.520+0300][info][gc] GC(38) Pause Young (Allocation Failure) 8M->7M(11M) 0.358ms
[2024-12-25T14:44:39.525+0300][info][gc] GC(39) Pause Young (Allocation Failure) 9M->7M(11M) 0.348ms
[2024-12-25T14:44:39.529+0300][info][gc] GC(40) Pause Young (Allocation Failure) 9M->7M(11M) 0.427ms
[2024-12-25T14:44:39.551+0300][info][gc] GC(41) Pause Full (Ergonomics) 7M->6M(11M) 21.647ms
[2024-12-25T14:44:39.556+0300][info][gc] GC(42) Pause Young (Allocation Failure) 8M->6M(11M) 0.300ms
[2024-12-25T14:44:39.560+0300][info][gc] GC(43) Pause Young (Allocation Failure) 8M->7M(11M) 0.308ms
[2024-12-25T14:44:44.068+0300][info][gc] GC(44) Pause Young (Allocation Failure) 9M->7M(11M) 1.658ms
[2024-12-25T14:45:04.081+0300][info][gc] GC(45) Pause Young (Allocation Failure) 9M->7M(11M) 0.890ms
[2024-12-25T14:45:23.165+0300][info][gc] GC(46) Pause Young (Allocation Failure) 9M->6M(11M) 0.551ms
[2024-12-25T14:45:43.115+0300][info][gc] GC(47) Pause Young (Allocation Failure) 8M->6M(11M) 0.461ms
[2024-12-25T14:45:53.331+0300][info][gc] GC(48) Pause Young (Allocation Failure) 8M->7M(11M) 1.127ms
[2024-12-25T14:45:53.358+0300][info][gc] GC(49) Pause Full (Ergonomics) 7M->6M(11M) 26.653ms
[2024-12-25T14:46:09.338+0300][info][gc] GC(50) Pause Young (Allocation Failure) 8M->6M(11M) 0.927ms
[2024-12-25T14:46:23.019+0300][info][gc] GC(51) Pause Young (Allocation Failure) 7M->6M(11M) 0.612ms
[2024-12-25T14:46:32.365+0300][info][gc] GC(52) Pause Young (Allocation Failure) 8M->7M(11M) 0.954ms
[2024-12-25T14:46:32.386+0300][info][gc] GC(53) Pause Full (Ergonomics) 7M->6M(11M) 21.483ms
[2024-12-25T14:46:46.387+0300][info][gc] GC(54) Pause Young (Allocation Failure) 8M->6M(11M) 0.662ms
[2024-12-25T14:47:05.379+0300][info][gc] GC(55) Pause Young (Allocation Failure) 8M->6M(11M) 0.648ms
[2024-12-25T14:47:24.454+0300][info][gc] GC(56) Pause Young (Allocation Failure) 8M->6M(11M) 0.452ms
[2024-12-25T14:47:43.477+0300][info][gc] GC(57) Pause Young (Allocation Failure) 8M->6M(11M) 0.548ms
[2024-12-25T14:48:07.518+0300][info][gc] GC(58) Pause Young (Allocation Failure) 8M->6M(11M) 0.585ms
[2024-12-25T14:48:33.708+0300][info][gc] GC(59) Pause Young (Allocation Failure) 8M->6M(11M) 0.517ms
[2024-12-25T14:49:03.743+0300][info][gc] GC(60) Pause Young (Allocation Failure) 9M->6M(11M) 0.616ms
[2024-12-25T14:49:31.965+0300][info][gc] GC(61) Pause Young (Allocation Failure) 9M->6M(11M) 0.721ms
[2024-12-25T14:50:02.800+0300][info][gc] GC(62) Pause Young (Allocation Failure) 9M->6M(11M) 0.734ms
[2024-12-25T14:50:32.829+0300][info][gc] GC(63) Pause Young (Allocation Failure) 9M->6M(11M) 1.281ms
[2024-12-25T14:51:02.852+0300][info][gc] GC(64) Pause Young (Allocation Failure) 9M->6M(11M) 1.531ms
[2024-12-25T14:51:32.883+0300][info][gc] GC(65) Pause Young (Allocation Failure) 9M->6M(11M) 1.659ms
[2024-12-25T14:52:02.914+0300][info][gc] GC(66) Pause Young (Allocation Failure) 9M->6M(11M) 1.229ms
[2024-12-25T14:52:32.936+0300][info][gc] GC(67) Pause Young (Allocation Failure) 9M->6M(11M) 0.549ms
[2024-12-25T14:53:02.962+0300][info][gc] GC(68) Pause Young (Allocation Failure) 9M->6M(11M) 0.597ms
[2024-12-25T14:53:33.087+0300][info][gc] GC(69) Pause Young (Allocation Failure) 9M->6M(11M) 1.167ms
