[2024-12-25T15:37:43.359+0300][info][gc] Using The Z Garbage Collector
[2024-12-25T15:37:43.592+0300][info][gc] GC(0) Garbage Collection (Warmup) 2M(10%)->4M(20%)
[2024-12-25T15:37:43.706+0300][info][gc] GC(1) Garbage Collection (Warmup) 4M(20%)->4M(20%)
[2024-12-25T15:37:43.888+0300][info][gc] GC(2) Garbage Collection (Warmup) 6M(30%)->4M(20%)
[2024-12-25T15:37:46.195+0300][info][gc] GC(3) Garbage Collection (Proactive) 6M(30%)->4M(20%)
[2024-12-25T15:37:50.212+0300][info][gc] GC(4) Garbage Collection (Proactive) 8M(40%)->8M(40%)
[2024-12-25T15:37:54.218+0300][info][gc] GC(5) Garbage Collection (Proactive) 10M(50%)->8M(40%)
[2024-12-25T15:37:54.414+0300][info][gc] GC(6) Garbage Collection (Allocation Rate) 12M(60%)->10M(50%)
[2024-12-25T15:37:54.550+0300][info][gc] GC(7) Garbage Collection (Allocation Rate) 14M(70%)->14M(70%)
[2024-12-25T15:37:54.644+0300][info][gc] GC(8) Garbage Collection (Allocation Rate) 14M(70%)->10M(50%)
[2024-12-25T15:37:54.711+0300][info][gc] GC(9) Garbage Collection (Allocation Rate) 10M(50%)->10M(50%)
[2024-12-25T15:37:54.795+0300][info][gc] GC(10) Garbage Collection (Allocation Rate) 10M(50%)->10M(50%)
[2024-12-25T15:37:54.887+0300][info][gc] GC(11) Garbage Collection (Allocation Rate) 10M(50%)->10M(50%)
[2024-12-25T15:37:54.996+0300][info][gc] GC(12) Garbage Collection (Allocation Rate) 10M(50%)->10M(50%)
[2024-12-25T15:37:55.089+0300][info][gc] GC(13) Garbage Collection (Allocation Rate) 10M(50%)->8M(40%)
[2024-12-25T15:37:55.184+0300][info][gc] GC(14) Garbage Collection (Allocation Rate) 10M(50%)->10M(50%)
[2024-12-25T15:37:55.292+0300][info][gc] GC(15) Garbage Collection (Allocation Rate) 10M(50%)->10M(50%)
[2024-12-25T15:37:58.915+0300][info][gc] GC(16) Garbage Collection (Proactive) 12M(60%)->10M(50%)
[2024-12-25T15:37:59.514+0300][info][gc] GC(17) Garbage Collection (Allocation Rate) 14M(70%)->12M(60%)
[2024-12-25T15:38:03.115+0300][info][gc] GC(18) Garbage Collection (Proactive) 14M(70%)->12M(60%)
[2024-12-25T15:38:07.715+0300][info][gc] GC(19) Garbage Collection (Proactive) 14M(70%)->10M(50%)
[2024-12-25T15:38:10.298+0300][info][gc] GC(20) Garbage Collection (Proactive) 12M(60%)->10M(50%)
[2024-12-25T15:38:12.913+0300][info][gc] GC(21) Garbage Collection (Proactive) 12M(60%)->10M(50%)
[2024-12-25T15:38:15.008+0300][info][gc] GC(22) Garbage Collection (Proactive) 12M(60%)->10M(50%)
[2024-12-25T15:38:16.830+0300][info][gc] Allocation Stall (main) 28.553ms
[2024-12-25T15:38:16.832+0300][info][gc] GC(23) Garbage Collection (Allocation Stall) 20M(100%)->14M(70%)
[2024-12-25T15:38:16.870+0300][info][gc] Allocation Stall (main) 23.878ms
[2024-12-25T15:38:16.872+0300][info][gc] GC(24) Garbage Collection (Allocation Stall) 20M(100%)->16M(80%)
[2024-12-25T15:38:16.903+0300][info][gc] Allocation Stall (main) 23.293ms
[2024-12-25T15:38:16.903+0300][info][gc] Relocation Stall (main) 0.015ms
[2024-12-25T15:38:16.904+0300][info][gc] GC(25) Garbage Collection (Allocation Rate) 20M(100%)->16M(80%)
[2024-12-25T15:38:16.938+0300][info][gc] Allocation Stall (main) 22.841ms
[2024-12-25T15:38:16.940+0300][info][gc] GC(26) Garbage Collection (Allocation Stall) 20M(100%)->16M(80%)
[2024-12-25T15:38:17.003+0300][info][gc] GC(27) Garbage Collection (Allocation Rate) 20M(100%)->8M(40%)
[2024-12-25T15:38:17.100+0300][info][gc] GC(28) Garbage Collection (Allocation Rate) 8M(40%)->8M(40%)
[2024-12-25T15:38:17.208+0300][info][gc] GC(29) Garbage Collection (Allocation Rate) 8M(40%)->8M(40%)
[2024-12-25T15:38:17.300+0300][info][gc] GC(30) Garbage Collection (Allocation Rate) 8M(40%)->8M(40%)
[2024-12-25T15:38:17.396+0300][info][gc] GC(31) Garbage Collection (Allocation Rate) 8M(40%)->8M(40%)
[2024-12-25T15:38:17.518+0300][info][gc] GC(32) Garbage Collection (Allocation Rate) 8M(40%)->8M(40%)
[2024-12-25T15:38:17.604+0300][info][gc] GC(33) Garbage Collection (Allocation Rate) 8M(40%)->10M(50%)
[2024-12-25T15:38:17.702+0300][info][gc] GC(34) Garbage Collection (Allocation Rate) 10M(50%)->10M(50%)
[2024-12-25T15:38:17.904+0300][info][gc] GC(35) Garbage Collection (Allocation Rate) 10M(50%)->10M(50%)
[2024-12-25T15:38:17.997+0300][info][gc] GC(36) Garbage Collection (Allocation Rate) 10M(50%)->10M(50%)
[2024-12-25T15:38:18.109+0300][info][gc] GC(37) Garbage Collection (Allocation Rate) 10M(50%)->10M(50%)
[2024-12-25T15:38:18.203+0300][info][gc] GC(38) Garbage Collection (Allocation Rate) 10M(50%)->10M(50%)
[2024-12-25T15:38:18.306+0300][info][gc] GC(39) Garbage Collection (Allocation Rate) 10M(50%)->10M(50%)
[2024-12-25T15:38:18.400+0300][info][gc] GC(40) Garbage Collection (Allocation Rate) 10M(50%)->10M(50%)
[2024-12-25T15:38:18.505+0300][info][gc] GC(41) Garbage Collection (Allocation Rate) 10M(50%)->10M(50%)
[2024-12-25T15:38:18.605+0300][info][gc] GC(42) Garbage Collection (Allocation Rate) 10M(50%)->12M(60%)
[2024-12-25T15:38:18.705+0300][info][gc] GC(43) Garbage Collection (Allocation Rate) 12M(60%)->10M(50%)
[2024-12-25T15:38:20.908+0300][info][gc] GC(44) Garbage Collection (Proactive) 12M(60%)->10M(50%)
[2024-12-25T15:38:22.999+0300][info][gc] GC(45) Garbage Collection (Proactive) 12M(60%)->10M(50%)
[2024-12-25T15:38:24.805+0300][info][gc] GC(46) Garbage Collection (Proactive) 12M(60%)->10M(50%)
[2024-12-25T15:38:26.412+0300][info][gc] GC(47) Garbage Collection (Proactive) 12M(60%)->10M(50%)
[2024-12-25T15:38:28.401+0300][info][gc] GC(48) Garbage Collection (Proactive) 12M(60%)->10M(50%)
[2024-12-25T15:38:30.206+0300][info][gc] GC(49) Garbage Collection (Proactive) 12M(60%)->10M(50%)
[2024-12-25T15:38:31.793+0300][info][gc] GC(50) Garbage Collection (Proactive) 12M(60%)->10M(50%)
[2024-12-25T15:38:33.295+0300][info][gc] GC(51) Garbage Collection (Proactive) 12M(60%)->10M(50%)
[2024-12-25T15:38:34.699+0300][info][gc] GC(52) Garbage Collection (Proactive) 12M(60%)->10M(50%)
[2024-12-25T15:38:36.000+0300][info][gc] GC(53) Garbage Collection (Proactive) 12M(60%)->10M(50%)
[2024-12-25T15:38:37.292+0300][info][gc] GC(54) Garbage Collection (Proactive) 12M(60%)->10M(50%)
[2024-12-25T15:38:38.593+0300][info][gc] GC(55) Garbage Collection (Proactive) 12M(60%)->10M(50%)
[2024-12-25T15:38:39.895+0300][info][gc] GC(56) Garbage Collection (Proactive) 12M(60%)->10M(50%)
[2024-12-25T15:38:41.510+0300][info][gc] GC(57) Garbage Collection (Proactive) 12M(60%)->10M(50%)
[2024-12-25T15:38:43.293+0300][info][gc] GC(58) Garbage Collection (Proactive) 12M(60%)->10M(50%)
[2024-12-25T15:38:44.902+0300][info][gc] GC(59) Garbage Collection (Proactive) 12M(60%)->10M(50%)
[2024-12-25T15:38:46.301+0300][info][gc] GC(60) Garbage Collection (Proactive) 12M(60%)->10M(50%)
[2024-12-25T15:38:47.690+0300][info][gc] GC(61) Garbage Collection (Proactive) 12M(60%)->10M(50%)
[2024-12-25T15:38:49.001+0300][info][gc] GC(62) Garbage Collection (Proactive) 12M(60%)->10M(50%)
[2024-12-25T15:38:50.498+0300][info][gc] GC(63) Garbage Collection (Proactive) 12M(60%)->10M(50%)
[2024-12-25T15:38:52.204+0300][info][gc] GC(64) Garbage Collection (Proactive) 12M(60%)->10M(50%)
[2024-12-25T15:38:54.602+0300][info][gc] GC(65) Garbage Collection (Proactive) 12M(60%)->10M(50%)
[2024-12-25T15:38:56.799+0300][info][gc] GC(66) Garbage Collection (Proactive) 14M(70%)->12M(60%)
[2024-12-25T15:38:58.804+0300][info][gc] GC(67) Garbage Collection (Proactive) 14M(70%)->12M(60%)
[2024-12-25T15:39:00.705+0300][info][gc] GC(68) Garbage Collection (Proactive) 14M(70%)->12M(60%)
[2024-12-25T15:39:02.413+0300][info][gc] GC(69) Garbage Collection (Proactive) 14M(70%)->12M(60%)
[2024-12-25T15:39:04.513+0300][info][gc] GC(70) Garbage Collection (Proactive) 14M(70%)->12M(60%)
[2024-12-25T15:39:06.517+0300][info][gc] GC(71) Garbage Collection (Proactive) 14M(70%)->12M(60%)
[2024-12-25T15:39:08.591+0300][info][gc] GC(72) Garbage Collection (Proactive) 14M(70%)->10M(50%)
[2024-12-25T15:39:10.803+0300][info][gc] GC(73) Garbage Collection (Proactive) 12M(60%)->10M(50%)
[2024-12-25T15:39:12.604+0300][info][gc] GC(74) Garbage Collection (Proactive) 12M(60%)->10M(50%)
[2024-12-25T15:39:14.107+0300][info][gc] GC(75) Garbage Collection (Proactive) 12M(60%)->10M(50%)
[2024-12-25T15:39:15.509+0300][info][gc] GC(76) Garbage Collection (Proactive) 12M(60%)->10M(50%)
[2024-12-25T15:39:17.995+0300][info][gc] GC(77) Garbage Collection (Proactive) 12M(60%)->10M(50%)
[2024-12-25T15:39:20.098+0300][info][gc] GC(78) Garbage Collection (Proactive) 12M(60%)->10M(50%)
[2024-12-25T15:39:21.806+0300][info][gc] GC(79) Garbage Collection (Proactive) 12M(60%)->10M(50%)
[2024-12-25T15:39:23.604+0300][info][gc] GC(80) Garbage Collection (Proactive) 12M(60%)->10M(50%)
[2024-12-25T15:39:25.302+0300][info][gc] GC(81) Garbage Collection (Proactive) 12M(60%)->10M(50%)
[2024-12-25T15:39:27.010+0300][info][gc] GC(82) Garbage Collection (Proactive) 12M(60%)->10M(50%)
[2024-12-25T15:39:29.294+0300][info][gc] GC(83) Garbage Collection (Proactive) 14M(70%)->12M(60%)
[2024-12-25T15:39:31.209+0300][info][gc] GC(84) Garbage Collection (Proactive) 14M(70%)->12M(60%)
[2024-12-25T15:39:33.197+0300][info][gc] GC(85) Garbage Collection (Proactive) 14M(70%)->12M(60%)
[2024-12-25T15:39:35.007+0300][info][gc] GC(86) Garbage Collection (Proactive) 14M(70%)->12M(60%)
[2024-12-25T15:39:36.703+0300][info][gc] GC(87) Garbage Collection (Proactive) 14M(70%)->14M(70%)
[2024-12-25T15:39:48.804+0300][info][gc] GC(88) Garbage Collection (Proactive) 16M(80%)->12M(60%)
[2024-12-25T15:39:50.699+0300][info][gc] GC(89) Garbage Collection (Proactive) 14M(70%)->12M(60%)
[2024-12-25T15:39:52.505+0300][info][gc] GC(90) Garbage Collection (Proactive) 14M(70%)->12M(60%)
[2024-12-25T15:39:54.402+0300][info][gc] GC(91) Garbage Collection (Proactive) 14M(70%)->12M(60%)
[2024-12-25T15:39:56.299+0300][info][gc] GC(92) Garbage Collection (Proactive) 14M(70%)->12M(60%)
[2024-12-25T15:39:57.913+0300][info][gc] GC(93) Garbage Collection (Proactive) 14M(70%)->12M(60%)
[2024-12-25T15:40:01.011+0300][info][gc] GC(94) Garbage Collection (Proactive) 14M(70%)->12M(60%)
[2024-12-25T15:40:03.604+0300][info][gc] GC(95) Garbage Collection (Proactive) 14M(70%)->12M(60%)
[2024-12-25T15:40:05.800+0300][info][gc] GC(96) Garbage Collection (Proactive) 14M(70%)->12M(60%)
[2024-12-25T15:40:07.803+0300][info][gc] GC(97) Garbage Collection (Proactive) 14M(70%)->12M(60%)
[2024-12-25T15:40:09.509+0300][info][gc] GC(98) Garbage Collection (Proactive) 14M(70%)->12M(60%)
[2024-12-25T15:40:11.506+0300][info][gc] GC(99) Garbage Collection (Proactive) 14M(70%)->12M(60%)
[2024-12-25T15:40:13.302+0300][info][gc] GC(100) Garbage Collection (Proactive) 14M(70%)->12M(60%)
[2024-12-25T15:40:14.895+0300][info][gc] GC(101) Garbage Collection (Proactive) 14M(70%)->12M(60%)
[2024-12-25T15:40:16.405+0300][info][gc] GC(102) Garbage Collection (Proactive) 14M(70%)->12M(60%)
[2024-12-25T15:40:18.094+0300][info][gc] GC(103) Garbage Collection (Proactive) 14M(70%)->12M(60%)
[2024-12-25T15:40:19.600+0300][info][gc] GC(104) Garbage Collection (Proactive) 14M(70%)->12M(60%)
[2024-12-25T15:40:21.396+0300][info][gc] GC(105) Garbage Collection (Proactive) 14M(70%)->12M(60%)
[2024-12-25T15:40:23.097+0300][info][gc] GC(106) Garbage Collection (Proactive) 14M(70%)->12M(60%)
[2024-12-25T15:40:24.700+0300][info][gc] GC(107) Garbage Collection (Proactive) 14M(70%)->12M(60%)
[2024-12-25T15:40:26.202+0300][info][gc] GC(108) Garbage Collection (Proactive) 14M(70%)->12M(60%)
[2024-12-25T15:40:27.694+0300][info][gc] GC(109) Garbage Collection (Proactive) 14M(70%)->12M(60%)
[2024-12-25T15:40:28.999+0300][info][gc] GC(110) Garbage Collection (Proactive) 14M(70%)->12M(60%)
[2024-12-25T15:40:30.494+0300][info][gc] GC(111) Garbage Collection (Proactive) 14M(70%)->12M(60%)
[2024-12-25T15:40:31.895+0300][info][gc] GC(112) Garbage Collection (Proactive) 14M(70%)->12M(60%)
[2024-12-25T15:40:33.294+0300][info][gc] GC(113) Garbage Collection (Proactive) 14M(70%)->12M(60%)
[2024-12-25T15:40:34.691+0300][info][gc] GC(114) Garbage Collection (Proactive) 14M(70%)->12M(60%)
[2024-12-25T15:40:36.101+0300][info][gc] GC(115) Garbage Collection (Proactive) 14M(70%)->12M(60%)
[2024-12-25T15:40:38.014+0300][info][gc] GC(116) Garbage Collection (Proactive) 14M(70%)->12M(60%)
[2024-12-25T15:40:39.900+0300][info][gc] GC(117) Garbage Collection (Proactive) 14M(70%)->12M(60%)
[2024-12-25T15:40:41.706+0300][info][gc] GC(118) Garbage Collection (Proactive) 14M(70%)->12M(60%)
[2024-12-25T15:40:43.304+0300][info][gc] GC(119) Garbage Collection (Proactive) 14M(70%)->12M(60%)
[2024-12-25T15:40:44.905+0300][info][gc] GC(120) Garbage Collection (Proactive) 14M(70%)->12M(60%)
[2024-12-25T15:40:46.408+0300][info][gc] GC(121) Garbage Collection (Proactive) 14M(70%)->12M(60%)
[2024-12-25T15:40:48.616+0300][info][gc] GC(122) Garbage Collection (Proactive) 14M(70%)->12M(60%)
[2024-12-25T15:40:50.906+0300][info][gc] GC(123) Garbage Collection (Proactive) 14M(70%)->12M(60%)
[2024-12-25T15:40:52.904+0300][info][gc] GC(124) Garbage Collection (Proactive) 14M(70%)->12M(60%)
[2024-12-25T15:40:55.104+0300][info][gc] GC(125) Garbage Collection (Proactive) 14M(70%)->14M(70%)
[2024-12-25T15:41:09.207+0300][info][gc] GC(126) Garbage Collection (Proactive) 16M(80%)->12M(60%)
[2024-12-25T15:41:11.192+0300][info][gc] GC(127) Garbage Collection (Proactive) 14M(70%)->12M(60%)
[2024-12-25T15:41:13.304+0300][info][gc] GC(128) Garbage Collection (Proactive) 14M(70%)->12M(60%)
[2024-12-25T15:41:15.107+0300][info][gc] GC(129) Garbage Collection (Proactive) 14M(70%)->12M(60%)
[2024-12-25T15:41:17.001+0300][info][gc] GC(130) Garbage Collection (Proactive) 14M(70%)->12M(60%)
[2024-12-25T15:41:18.909+0300][info][gc] GC(131) Garbage Collection (Proactive) 14M(70%)->14M(70%)
[2024-12-25T15:41:32.999+0300][info][gc] GC(132) Garbage Collection (Proactive) 16M(80%)->12M(60%)
[2024-12-25T15:41:35.310+0300][info][gc] GC(133) Garbage Collection (Proactive) 14M(70%)->12M(60%)
[2024-12-25T15:41:37.204+0300][info][gc] GC(134) Garbage Collection (Proactive) 14M(70%)->12M(60%)
[2024-12-25T15:41:38.996+0300][info][gc] GC(135) Garbage Collection (Proactive) 14M(70%)->12M(60%)
[2024-12-25T15:41:40.702+0300][info][gc] GC(136) Garbage Collection (Proactive) 14M(70%)->12M(60%)
[2024-12-25T15:41:42.406+0300][info][gc] GC(137) Garbage Collection (Proactive) 14M(70%)->12M(60%)
[2024-12-25T15:41:44.094+0300][info][gc] GC(138) Garbage Collection (Proactive) 14M(70%)->12M(60%)
[2024-12-25T15:41:45.589+0300][info][gc] GC(139) Garbage Collection (Proactive) 14M(70%)->12M(60%)
[2024-12-25T15:41:47.109+0300][info][gc] GC(140) Garbage Collection (Proactive) 14M(70%)->12M(60%)
[2024-12-25T15:41:49.504+0300][info][gc] GC(141) Garbage Collection (Proactive) 14M(70%)->12M(60%)
[2024-12-25T15:41:51.808+0300][info][gc] GC(142) Garbage Collection (Proactive) 14M(70%)->12M(60%)
[2024-12-25T15:41:53.899+0300][info][gc] GC(143) Garbage Collection (Proactive) 14M(70%)->12M(60%)
[2024-12-25T15:41:55.704+0300][info][gc] GC(144) Garbage Collection (Proactive) 14M(70%)->12M(60%)
[2024-12-25T15:41:57.402+0300][info][gc] GC(145) Garbage Collection (Proactive) 14M(70%)->12M(60%)
[2024-12-25T15:41:58.892+0300][info][gc] GC(146) Garbage Collection (Proactive) 14M(70%)->12M(60%)
[2024-12-25T15:42:00.399+0300][info][gc] GC(147) Garbage Collection (Proactive) 14M(70%)->12M(60%)
[2024-12-25T15:42:01.710+0300][info][gc] GC(148) Garbage Collection (Proactive) 14M(70%)->12M(60%)
[2024-12-25T15:42:03.701+0300][info][gc] GC(149) Garbage Collection (Proactive) 14M(70%)->12M(60%)
[2024-12-25T15:42:05.506+0300][info][gc] GC(150) Garbage Collection (Proactive) 14M(70%)->12M(60%)
[2024-12-25T15:42:07.603+0300][info][gc] GC(151) Garbage Collection (Proactive) 14M(70%)->12M(60%)
[2024-12-25T15:42:09.909+0300][info][gc] GC(152) Garbage Collection (Proactive) 14M(70%)->12M(60%)
[2024-12-25T15:42:11.894+0300][info][gc] GC(153) Garbage Collection (Proactive) 14M(70%)->12M(60%)
[2024-12-25T15:42:13.797+0300][info][gc] GC(154) Garbage Collection (Proactive) 14M(70%)->12M(60%)
[2024-12-25T15:42:15.506+0300][info][gc] GC(155) Garbage Collection (Proactive) 14M(70%)->12M(60%)
[2024-12-25T15:42:17.201+0300][info][gc] GC(156) Garbage Collection (Proactive) 14M(70%)->12M(60%)
[2024-12-25T15:42:19.298+0300][info][gc] GC(157) Garbage Collection (Proactive) 14M(70%)->12M(60%)
[2024-12-25T15:42:21.397+0300][info][gc] GC(158) Garbage Collection (Proactive) 14M(70%)->12M(60%)
[2024-12-25T15:42:23.101+0300][info][gc] GC(159) Garbage Collection (Proactive) 14M(70%)->12M(60%)
[2024-12-25T15:42:24.510+0300][info][gc] GC(160) Garbage Collection (Proactive) 14M(70%)->12M(60%)
[2024-12-25T15:42:26.302+0300][info][gc] GC(161) Garbage Collection (Proactive) 14M(70%)->12M(60%)
[2024-12-25T15:42:27.899+0300][info][gc] GC(162) Garbage Collection (Proactive) 14M(70%)->12M(60%)
[2024-12-25T15:42:29.400+0300][info][gc] GC(163) Garbage Collection (Proactive) 14M(70%)->12M(60%)
[2024-12-25T15:42:31.090+0300][info][gc] GC(164) Garbage Collection (Proactive) 14M(70%)->10M(50%)
[2024-12-25T15:42:32.611+0300][info][gc] GC(165) Garbage Collection (Proactive) 12M(60%)->10M(50%)
[2024-12-25T15:42:35.199+0300][info][gc] GC(166) Garbage Collection (Proactive) 12M(60%)->10M(50%)
[2024-12-25T15:42:37.405+0300][info][gc] GC(167) Garbage Collection (Proactive) 12M(60%)->10M(50%)
[2024-12-25T15:42:39.390+0300][info][gc] GC(168) Garbage Collection (Proactive) 12M(60%)->10M(50%)
[2024-12-25T15:42:41.100+0300][info][gc] GC(169) Garbage Collection (Proactive) 12M(60%)->10M(50%)
[2024-12-25T15:42:42.596+0300][info][gc] GC(170) Garbage Collection (Proactive) 12M(60%)->10M(50%)
[2024-12-25T15:42:44.004+0300][info][gc] GC(171) Garbage Collection (Proactive) 12M(60%)->12M(60%)
[2024-12-25T15:42:58.096+0300][info][gc] GC(172) Garbage Collection (Proactive) 14M(70%)->10M(50%)
[2024-12-25T15:42:59.400+0300][info][gc] GC(173) Garbage Collection (Proactive) 12M(60%)->10M(50%)
[2024-12-25T15:43:00.692+0300][info][gc] GC(174) Garbage Collection (Proactive) 12M(60%)->10M(50%)
[2024-12-25T15:43:02.015+0300][info][gc] GC(175) Garbage Collection (Proactive) 12M(60%)->12M(60%)
[2024-12-25T15:43:16.096+0300][info][gc] GC(176) Garbage Collection (Proactive) 14M(70%)->10M(50%)
[2024-12-25T15:43:18.094+0300][info][gc] GC(177) Garbage Collection (Proactive) 12M(60%)->10M(50%)
[2024-12-25T15:43:20.104+0300][info][gc] GC(178) Garbage Collection (Proactive) 12M(60%)->10M(50%)
[2024-12-25T15:43:21.790+0300][info][gc] GC(179) Garbage Collection (Proactive) 12M(60%)->10M(50%)
[2024-12-25T15:43:23.206+0300][info][gc] GC(180) Garbage Collection (Proactive) 12M(60%)->10M(50%)
[2024-12-25T15:43:24.595+0300][info][gc] GC(181) Garbage Collection (Proactive) 12M(60%)->10M(50%)
[2024-12-25T15:43:25.997+0300][info][gc] GC(182) Garbage Collection (Proactive) 12M(60%)->10M(50%)
[2024-12-25T15:43:27.197+0300][info][gc] GC(183) Garbage Collection (Proactive) 12M(60%)->10M(50%)
[2024-12-25T15:43:28.497+0300][info][gc] GC(184) Garbage Collection (Proactive) 12M(60%)->10M(50%)
[2024-12-25T15:43:30.400+0300][info][gc] GC(185) Garbage Collection (Proactive) 12M(60%)->10M(50%)
[2024-12-25T15:43:32.009+0300][info][gc] GC(186) Garbage Collection (Proactive) 12M(60%)->10M(50%)
[2024-12-25T15:43:34.605+0300][info][gc] GC(187) Garbage Collection (Proactive) 12M(60%)->10M(50%)
[2024-12-25T15:43:36.817+0300][info][gc] GC(188) Garbage Collection (Proactive) 12M(60%)->10M(50%)
[2024-12-25T15:43:39.604+0300][info][gc] GC(189) Garbage Collection (Proactive) 12M(60%)->10M(50%)
[2024-12-25T15:43:41.988+0300][info][gc] GC(190) Garbage Collection (Proactive) 12M(60%)->10M(50%)
[2024-12-25T15:43:43.805+0300][info][gc] GC(191) Garbage Collection (Proactive) 12M(60%)->10M(50%)
[2024-12-25T15:43:46.589+0300][info][gc] GC(192) Garbage Collection (Proactive) 12M(60%)->10M(50%)
[2024-12-25T15:43:48.893+0300][info][gc] GC(193) Garbage Collection (Proactive) 12M(60%)->12M(60%)
[2024-12-25T15:44:03.193+0300][info][gc] GC(194) Garbage Collection (Proactive) 14M(70%)->10M(50%)
[2024-12-25T15:44:04.805+0300][info][gc] GC(195) Garbage Collection (Proactive) 12M(60%)->10M(50%)
[2024-12-25T15:44:06.301+0300][info][gc] GC(196) Garbage Collection (Proactive) 12M(60%)->10M(50%)
[2024-12-25T15:44:07.693+0300][info][gc] GC(197) Garbage Collection (Proactive) 12M(60%)->10M(50%)
[2024-12-25T15:44:09.097+0300][info][gc] GC(198) Garbage Collection (Proactive) 12M(60%)->12M(60%)
[2024-12-25T15:44:22.197+0300][info][gc] GC(199) Garbage Collection (Proactive) 14M(70%)->10M(50%)
[2024-12-25T15:44:23.604+0300][info][gc] GC(200) Garbage Collection (Proactive) 12M(60%)->10M(50%)
[2024-12-25T15:44:26.092+0300][info][gc] GC(201) Garbage Collection (Proactive) 12M(60%)->10M(50%)
[2024-12-25T15:44:28.294+0300][info][gc] GC(202) Garbage Collection (Proactive) 12M(60%)->10M(50%)
[2024-12-25T15:44:30.104+0300][info][gc] GC(203) Garbage Collection (Proactive) 12M(60%)->10M(50%)
[2024-12-25T15:44:31.607+0300][info][gc] GC(204) Garbage Collection (Proactive) 12M(60%)->10M(50%)
[2024-12-25T15:44:33.304+0300][info][gc] GC(205) Garbage Collection (Proactive) 12M(60%)->10M(50%)
[2024-12-25T15:44:34.799+0300][info][gc] GC(206) Garbage Collection (Proactive) 12M(60%)->10M(50%)
[2024-12-25T15:44:36.203+0300][info][gc] GC(207) Garbage Collection (Proactive) 12M(60%)->10M(50%)
[2024-12-25T15:44:37.597+0300][info][gc] GC(208) Garbage Collection (Proactive) 12M(60%)->10M(50%)
[2024-12-25T15:44:38.889+0300][info][gc] GC(209) Garbage Collection (Proactive) 12M(60%)->10M(50%)
[2024-12-25T15:44:40.099+0300][info][gc] GC(210) Garbage Collection (Proactive) 12M(60%)->10M(50%)
[2024-12-25T15:44:41.991+0300][info][gc] GC(211) Garbage Collection (Proactive) 12M(60%)->10M(50%)
[2024-12-25T15:44:43.605+0300][info][gc] GC(212) Garbage Collection (Proactive) 12M(60%)->10M(50%)
[2024-12-25T15:44:45.004+0300][info][gc] GC(213) Garbage Collection (Proactive) 12M(60%)->10M(50%)
[2024-12-25T15:44:46.401+0300][info][gc] GC(214) Garbage Collection (Proactive) 12M(60%)->10M(50%)
[2024-12-25T15:44:48.112+0300][info][gc] GC(215) Garbage Collection (Proactive) 12M(60%)->10M(50%)
[2024-12-25T15:44:50.010+0300][info][gc] GC(216) Garbage Collection (Proactive) 12M(60%)->10M(50%)
[2024-12-25T15:44:51.715+0300][info][gc] GC(217) Garbage Collection (Proactive) 12M(60%)->10M(50%)
[2024-12-25T15:44:55.098+0300][info][gc] GC(218) Garbage Collection (Proactive) 12M(60%)->10M(50%)
[2024-12-25T15:44:58.098+0300][info][gc] GC(219) Garbage Collection (Proactive) 12M(60%)->10M(50%)
[2024-12-25T15:45:00.503+0300][info][gc] GC(220) Garbage Collection (Proactive) 12M(60%)->10M(50%)
[2024-12-25T15:45:02.804+0300][info][gc] GC(221) Garbage Collection (Proactive) 12M(60%)->10M(50%)
[2024-12-25T15:45:04.998+0300][info][gc] GC(222) Garbage Collection (Proactive) 12M(60%)->10M(50%)
[2024-12-25T15:45:07.103+0300][info][gc] GC(223) Garbage Collection (Proactive) 12M(60%)->10M(50%)
[2024-12-25T15:45:08.991+0300][info][gc] GC(224) Garbage Collection (Proactive) 12M(60%)->10M(50%)
[2024-12-25T15:45:10.602+0300][info][gc] GC(225) Garbage Collection (Proactive) 12M(60%)->10M(50%)
[2024-12-25T15:45:12.092+0300][info][gc] GC(226) Garbage Collection (Proactive) 12M(60%)->10M(50%)
[2024-12-25T15:45:13.505+0300][info][gc] GC(227) Garbage Collection (Proactive) 12M(60%)->10M(50%)
[2024-12-25T15:45:14.893+0300][info][gc] GC(228) Garbage Collection (Proactive) 12M(60%)->10M(50%)
[2024-12-25T15:45:16.306+0300][info][gc] GC(229) Garbage Collection (Proactive) 12M(60%)->10M(50%)
[2024-12-25T15:45:17.814+0300][info][gc] GC(230) Garbage Collection (Proactive) 12M(60%)->10M(50%)
[2024-12-25T15:45:19.995+0300][info][gc] GC(231) Garbage Collection (Proactive) 12M(60%)->10M(50%)
[2024-12-25T15:45:21.896+0300][info][gc] GC(232) Garbage Collection (Proactive) 12M(60%)->10M(50%)
[2024-12-25T15:45:23.702+0300][info][gc] GC(233) Garbage Collection (Proactive) 12M(60%)->10M(50%)
[2024-12-25T15:45:25.204+0300][info][gc] GC(234) Garbage Collection (Proactive) 12M(60%)->10M(50%)
[2024-12-25T15:45:27.506+0300][info][gc] GC(235) Garbage Collection (Proactive) 12M(60%)->10M(50%)
[2024-12-25T15:45:29.706+0300][info][gc] GC(236) Garbage Collection (Proactive) 12M(60%)->10M(50%)
[2024-12-25T15:45:31.791+0300][info][gc] GC(237) Garbage Collection (Proactive) 12M(60%)->10M(50%)
[2024-12-25T15:45:33.509+0300][info][gc] GC(238) Garbage Collection (Proactive) 12M(60%)->10M(50%)
[2024-12-25T15:45:35.710+0300][info][gc] GC(239) Garbage Collection (Proactive) 12M(60%)->10M(50%)
[2024-12-25T15:45:37.802+0300][info][gc] GC(240) Garbage Collection (Proactive) 12M(60%)->10M(50%)
[2024-12-25T15:45:39.812+0300][info][gc] GC(241) Garbage Collection (Proactive) 12M(60%)->10M(50%)
[2024-12-25T15:45:42.799+0300][info][gc] GC(242) Garbage Collection (Proactive) 12M(60%)->10M(50%)
[2024-12-25T15:45:45.590+0300][info][gc] GC(243) Garbage Collection (Proactive) 12M(60%)->10M(50%)
[2024-12-25T15:45:47.808+0300][info][gc] GC(244) Garbage Collection (Proactive) 12M(60%)->10M(50%)
[2024-12-25T15:45:50.404+0300][info][gc] GC(245) Garbage Collection (Proactive) 12M(60%)->10M(50%)
[2024-12-25T15:45:52.600+0300][info][gc] GC(246) Garbage Collection (Proactive) 12M(60%)->10M(50%)
[2024-12-25T15:45:54.305+0300][info][gc] GC(247) Garbage Collection (Proactive) 12M(60%)->10M(50%)
[2024-12-25T15:45:55.793+0300][info][gc] GC(248) Garbage Collection (Proactive) 12M(60%)->10M(50%)
[2024-12-25T15:45:57.092+0300][info][gc] GC(249) Garbage Collection (Proactive) 12M(60%)->10M(50%)
[2024-12-25T15:45:58.304+0300][info][gc] GC(250) Garbage Collection (Proactive) 12M(60%)->10M(50%)
[2024-12-25T15:46:00.710+0300][info][gc] GC(251) Garbage Collection (Proactive) 12M(60%)->10M(50%)
[2024-12-25T15:46:02.814+0300][info][gc] GC(252) Garbage Collection (Proactive) 12M(60%)->10M(50%)
[2024-12-25T15:46:05.197+0300][info][gc] GC(253) Garbage Collection (Proactive) 12M(60%)->10M(50%)
[2024-12-25T15:46:07.519+0300][info][gc] GC(254) Garbage Collection (Proactive) 12M(60%)->10M(50%)
[2024-12-25T15:46:10.005+0300][info][gc] GC(255) Garbage Collection (Proactive) 12M(60%)->10M(50%)
[2024-12-25T15:46:12.202+0300][info][gc] GC(256) Garbage Collection (Proactive) 12M(60%)->10M(50%)
[2024-12-25T15:46:14.002+0300][info][gc] GC(257) Garbage Collection (Proactive) 12M(60%)->10M(50%)
[2024-12-25T15:46:16.313+0300][info][gc] GC(258) Garbage Collection (Proactive) 12M(60%)->10M(50%)
[2024-12-25T15:46:18.411+0300][info][gc] GC(259) Garbage Collection (Proactive) 12M(60%)->10M(50%)
[2024-12-25T15:46:20.501+0300][info][gc] GC(260) Garbage Collection (Proactive) 12M(60%)->10M(50%)
[2024-12-25T15:46:22.406+0300][info][gc] GC(261) Garbage Collection (Proactive) 12M(60%)->10M(50%)
[2024-12-25T15:46:24.290+0300][info][gc] GC(262) Garbage Collection (Proactive) 12M(60%)->10M(50%)
[2024-12-25T15:46:25.911+0300][info][gc] GC(263) Garbage Collection (Proactive) 12M(60%)->10M(50%)
[2024-12-25T15:46:27.805+0300][info][gc] GC(264) Garbage Collection (Proactive) 12M(60%)->10M(50%)
[2024-12-25T15:46:29.500+0300][info][gc] GC(265) Garbage Collection (Proactive) 12M(60%)->10M(50%)
[2024-12-25T15:46:31.096+0300][info][gc] GC(266) Garbage Collection (Proactive) 12M(60%)->10M(50%)
[2024-12-25T15:46:32.603+0300][info][gc] GC(267) Garbage Collection (Proactive) 12M(60%)->10M(50%)
[2024-12-25T15:46:35.195+0300][info][gc] GC(268) Garbage Collection (Proactive) 12M(60%)->10M(50%)
[2024-12-25T15:46:37.414+0300][info][gc] GC(269) Garbage Collection (Proactive) 12M(60%)->10M(50%)
[2024-12-25T15:46:39.804+0300][info][gc] GC(270) Garbage Collection (Proactive) 12M(60%)->10M(50%)
[2024-12-25T15:46:41.796+0300][info][gc] GC(271) Garbage Collection (Proactive) 12M(60%)->10M(50%)
[2024-12-25T15:46:43.590+0300][info][gc] GC(272) Garbage Collection (Proactive) 12M(60%)->10M(50%)
[2024-12-25T15:46:45.304+0300][info][gc] GC(273) Garbage Collection (Proactive) 12M(60%)->10M(50%)
[2024-12-25T15:46:46.793+0300][info][gc] GC(274) Garbage Collection (Proactive) 12M(60%)->10M(50%)
[2024-12-25T15:46:48.309+0300][info][gc] GC(275) Garbage Collection (Proactive) 12M(60%)->10M(50%)
[2024-12-25T15:46:51.102+0300][info][gc] GC(276) Garbage Collection (Proactive) 12M(60%)->10M(50%)
[2024-12-25T15:46:53.500+0300][info][gc] GC(277) Garbage Collection (Proactive) 12M(60%)->10M(50%)
[2024-12-25T15:46:55.293+0300][info][gc] GC(278) Garbage Collection (Proactive) 12M(60%)->10M(50%)
[2024-12-25T15:46:56.806+0300][info][gc] GC(279) Garbage Collection (Proactive) 12M(60%)->10M(50%)
[2024-12-25T15:46:59.005+0300][info][gc] GC(280) Garbage Collection (Proactive) 12M(60%)->10M(50%)
[2024-12-25T15:47:00.899+0300][info][gc] GC(281) Garbage Collection (Proactive) 12M(60%)->10M(50%)
[2024-12-25T15:47:02.515+0300][info][gc] GC(282) Garbage Collection (Proactive) 12M(60%)->10M(50%)
[2024-12-25T15:47:05.411+0300][info][gc] GC(283) Garbage Collection (Proactive) 12M(60%)->10M(50%)
[2024-12-25T15:47:07.701+0300][info][gc] GC(284) Garbage Collection (Proactive) 12M(60%)->10M(50%)
[2024-12-25T15:47:09.692+0300][info][gc] GC(285) Garbage Collection (Proactive) 12M(60%)->10M(50%)
[2024-12-25T15:47:11.293+0300][info][gc] GC(286) Garbage Collection (Proactive) 12M(60%)->12M(60%)
[2024-12-25T15:47:25.395+0300][info][gc] GC(287) Garbage Collection (Proactive) 14M(70%)->10M(50%)
[2024-12-25T15:47:26.910+0300][info][gc] GC(288) Garbage Collection (Proactive) 12M(60%)->10M(50%)
[2024-12-25T15:47:28.907+0300][info][gc] GC(289) Garbage Collection (Proactive) 12M(60%)->10M(50%)
[2024-12-25T15:47:30.601+0300][info][gc] GC(290) Garbage Collection (Proactive) 12M(60%)->10M(50%)
[2024-12-25T15:47:32.099+0300][info][gc] GC(291) Garbage Collection (Proactive) 12M(60%)->10M(50%)
[2024-12-25T15:47:33.502+0300][info][gc] GC(292) Garbage Collection (Proactive) 12M(60%)->10M(50%)
[2024-12-25T15:47:35.008+0300][info][gc] GC(293) Garbage Collection (Proactive) 12M(60%)->12M(60%)
[2024-12-25T15:47:49.399+0300][info][gc] GC(294) Garbage Collection (Proactive) 14M(70%)->10M(50%)
[2024-12-25T15:47:51.202+0300][info][gc] GC(295) Garbage Collection (Proactive) 12M(60%)->10M(50%)
[2024-12-25T15:47:52.803+0300][info][gc] GC(296) Garbage Collection (Proactive) 12M(60%)->10M(50%)
[2024-12-25T15:47:54.403+0300][info][gc] GC(297) Garbage Collection (Proactive) 12M(60%)->10M(50%)
[2024-12-25T15:47:55.893+0300][info][gc] GC(298) Garbage Collection (Proactive) 12M(60%)->10M(50%)
[2024-12-25T15:47:57.291+0300][info][gc] GC(299) Garbage Collection (Proactive) 12M(60%)->10M(50%)
[2024-12-25T15:47:58.698+0300][info][gc] GC(300) Garbage Collection (Proactive) 12M(60%)->10M(50%)
[2024-12-25T15:48:00.107+0300][info][gc] GC(301) Garbage Collection (Proactive) 12M(60%)->10M(50%)
[2024-12-25T15:48:02.196+0300][info][gc] GC(302) Garbage Collection (Proactive) 12M(60%)->10M(50%)
[2024-12-25T15:48:04.001+0300][info][gc] GC(303) Garbage Collection (Proactive) 12M(60%)->10M(50%)
[2024-12-25T15:48:05.595+0300][info][gc] GC(304) Garbage Collection (Proactive) 12M(60%)->10M(50%)
[2024-12-25T15:48:06.998+0300][info][gc] GC(305) Garbage Collection (Proactive) 12M(60%)->10M(50%)
[2024-12-25T15:48:08.293+0300][info][gc] GC(306) Garbage Collection (Proactive) 12M(60%)->10M(50%)
[2024-12-25T15:48:09.607+0300][info][gc] GC(307) Garbage Collection (Proactive) 12M(60%)->10M(50%)
[2024-12-25T15:48:11.900+0300][info][gc] GC(308) Garbage Collection (Proactive) 12M(60%)->10M(50%)
[2024-12-25T15:48:14.206+0300][info][gc] GC(309) Garbage Collection (Proactive) 12M(60%)->10M(50%)
[2024-12-25T15:48:16.299+0300][info][gc] GC(310) Garbage Collection (Proactive) 12M(60%)->10M(50%)
[2024-12-25T15:48:18.098+0300][info][gc] GC(311) Garbage Collection (Proactive) 12M(60%)->10M(50%)
[2024-12-25T15:48:19.804+0300][info][gc] GC(312) Garbage Collection (Proactive) 12M(60%)->10M(50%)
[2024-12-25T15:48:21.298+0300][info][gc] GC(313) Garbage Collection (Proactive) 12M(60%)->10M(50%)
[2024-12-25T15:48:22.821+0300][info][gc] GC(314) Garbage Collection (Proactive) 12M(60%)->10M(50%)
[2024-12-25T15:48:25.696+0300][info][gc] GC(315) Garbage Collection (Proactive) 12M(60%)->10M(50%)
[2024-12-25T15:48:28.101+0300][info][gc] GC(316) Garbage Collection (Proactive) 12M(60%)->10M(50%)
[2024-12-25T15:48:30.003+0300][info][gc] GC(317) Garbage Collection (Proactive) 12M(60%)->10M(50%)
[2024-12-25T15:48:31.602+0300][info][gc] GC(318) Garbage Collection (Proactive) 12M(60%)->10M(50%)
[2024-12-25T15:48:33.195+0300][info][gc] GC(319) Garbage Collection (Proactive) 12M(60%)->10M(50%)
[2024-12-25T15:48:34.596+0300][info][gc] GC(320) Garbage Collection (Proactive) 12M(60%)->10M(50%)
[2024-12-25T15:48:35.990+0300][info][gc] GC(321) Garbage Collection (Proactive) 12M(60%)->10M(50%)
[2024-12-25T15:48:37.203+0300][info][gc] GC(322) Garbage Collection (Proactive) 12M(60%)->10M(50%)
[2024-12-25T15:48:38.396+0300][info][gc] GC(323) Garbage Collection (Proactive) 12M(60%)->10M(50%)
[2024-12-25T15:48:39.612+0300][info][gc] GC(324) Garbage Collection (Proactive) 12M(60%)->10M(50%)
[2024-12-25T15:48:41.504+0300][info][gc] GC(325) Garbage Collection (Proactive) 12M(60%)->10M(50%)
[2024-12-25T15:48:43.100+0300][info][gc] GC(326) Garbage Collection (Proactive) 12M(60%)->10M(50%)
[2024-12-25T15:48:44.918+0300][info][gc] GC(327) Garbage Collection (Proactive) 12M(60%)->10M(50%)
[2024-12-25T15:48:47.815+0300][info][gc] GC(328) Garbage Collection (Proactive) 12M(60%)->10M(50%)
[2024-12-25T15:48:50.195+0300][info][gc] GC(329) Garbage Collection (Proactive) 12M(60%)->10M(50%)
[2024-12-25T15:48:52.414+0300][info][gc] GC(330) Garbage Collection (Proactive) 12M(60%)->12M(60%)
[2024-12-25T15:49:06.491+0300][info][gc] GC(331) Garbage Collection (Proactive) 14M(70%)->10M(50%)
[2024-12-25T15:49:09.515+0300][info][gc] GC(332) Garbage Collection (Proactive) 12M(60%)->10M(50%)
[2024-12-25T15:49:12.102+0300][info][gc] GC(333) Garbage Collection (Proactive) 12M(60%)->10M(50%)
[2024-12-25T15:49:14.190+0300][info][gc] GC(334) Garbage Collection (Proactive) 12M(60%)->10M(50%)
[2024-12-25T15:49:16.005+0300][info][gc] GC(335) Garbage Collection (Proactive) 12M(60%)->10M(50%)
[2024-12-25T15:49:17.510+0300][info][gc] GC(336) Garbage Collection (Proactive) 12M(60%)->10M(50%)
[2024-12-25T15:49:20.197+0300][info][gc] GC(337) Garbage Collection (Proactive) 12M(60%)->10M(50%)
[2024-12-25T15:49:22.508+0300][info][gc] GC(338) Garbage Collection (Proactive) 12M(60%)->10M(50%)
[2024-12-25T15:49:24.799+0300][info][gc] GC(339) Garbage Collection (Proactive) 12M(60%)->10M(50%)
[2024-12-25T15:49:26.806+0300][info][gc] GC(340) Garbage Collection (Proactive) 12M(60%)->10M(50%)
[2024-12-25T15:49:28.510+0300][info][gc] GC(341) Garbage Collection (Proactive) 12M(60%)->10M(50%)
[2024-12-25T15:49:30.794+0300][info][gc] GC(342) Garbage Collection (Proactive) 12M(60%)->10M(50%)
[2024-12-25T15:49:32.806+0300][info][gc] GC(343) Garbage Collection (Proactive) 12M(60%)->10M(50%)
[2024-12-25T15:49:35.196+0300][info][gc] GC(344) Garbage Collection (Proactive) 12M(60%)->10M(50%)
[2024-12-25T15:49:37.306+0300][info][gc] GC(345) Garbage Collection (Proactive) 12M(60%)->10M(50%)
[2024-12-25T15:49:39.004+0300][info][gc] GC(346) Garbage Collection (Proactive) 12M(60%)->10M(50%)
[2024-12-25T15:49:41.414+0300][info][gc] GC(347) Garbage Collection (Proactive) 12M(60%)->10M(50%)
[2024-12-25T15:49:43.502+0300][info][gc] GC(348) Garbage Collection (Proactive) 12M(60%)->10M(50%)
[2024-12-25T15:49:45.509+0300][info][gc] GC(349) Garbage Collection (Proactive) 12M(60%)->10M(50%)
[2024-12-25T15:49:47.705+0300][info][gc] GC(350) Garbage Collection (Proactive) 12M(60%)->10M(50%)
[2024-12-25T15:49:49.694+0300][info][gc] GC(351) Garbage Collection (Proactive) 12M(60%)->10M(50%)
[2024-12-25T15:49:51.398+0300][info][gc] GC(352) Garbage Collection (Proactive) 12M(60%)->10M(50%)
[2024-12-25T15:49:53.002+0300][info][gc] GC(353) Garbage Collection (Proactive) 12M(60%)->10M(50%)
[2024-12-25T15:49:54.693+0300][info][gc] GC(354) Garbage Collection (Proactive) 12M(60%)->10M(50%)
[2024-12-25T15:49:56.293+0300][info][gc] GC(355) Garbage Collection (Proactive) 12M(60%)->10M(50%)
[2024-12-25T15:49:57.697+0300][info][gc] GC(356) Garbage Collection (Proactive) 12M(60%)->10M(50%)
[2024-12-25T15:49:59.095+0300][info][gc] GC(357) Garbage Collection (Proactive) 12M(60%)->10M(50%)
[2024-12-25T15:50:00.521+0300][info][gc] GC(358) Garbage Collection (Proactive) 12M(60%)->10M(50%)
[2024-12-25T15:50:03.399+0300][info][gc] GC(359) Garbage Collection (Proactive) 12M(60%)->10M(50%)
[2024-12-25T15:50:05.693+0300][info][gc] GC(360) Garbage Collection (Proactive) 12M(60%)->12M(60%)
[2024-12-25T15:50:19.792+0300][info][gc] GC(361) Garbage Collection (Proactive) 14M(70%)->10M(50%)
[2024-12-25T15:50:21.402+0300][info][gc] GC(362) Garbage Collection (Proactive) 12M(60%)->10M(50%)
[2024-12-25T15:50:22.908+0300][info][gc] GC(363) Garbage Collection (Proactive) 12M(60%)->10M(50%)
[2024-12-25T15:50:24.804+0300][info][gc] GC(364) Garbage Collection (Proactive) 12M(60%)->10M(50%)
[2024-12-25T15:50:26.507+0300][info][gc] GC(365) Garbage Collection (Proactive) 12M(60%)->10M(50%)
[2024-12-25T15:50:28.392+0300][info][gc] GC(366) Garbage Collection (Proactive) 12M(60%)->10M(50%)
[2024-12-25T15:50:30.103+0300][info][gc] GC(367) Garbage Collection (Proactive) 12M(60%)->12M(60%)
[2024-12-25T15:50:44.810+0300][info][gc] GC(368) Garbage Collection (Proactive) 14M(70%)->10M(50%)
[2024-12-25T15:50:46.598+0300][info][gc] GC(369) Garbage Collection (Proactive) 12M(60%)->10M(50%)
[2024-12-25T15:50:48.310+0300][info][gc] GC(370) Garbage Collection (Proactive) 12M(60%)->10M(50%)
[2024-12-25T15:50:51.409+0300][info][gc] GC(371) Garbage Collection (Proactive) 12M(60%)->10M(50%)
[2024-12-25T15:50:53.901+0300][info][gc] GC(372) Garbage Collection (Proactive) 12M(60%)->10M(50%)
[2024-12-25T15:50:55.891+0300][info][gc] GC(373) Garbage Collection (Proactive) 12M(60%)->10M(50%)
[2024-12-25T15:50:57.512+0300][info][gc] GC(374) Garbage Collection (Proactive) 12M(60%)->10M(50%)
[2024-12-25T15:50:59.714+0300][info][gc] GC(375) Garbage Collection (Proactive) 12M(60%)->10M(50%)
[2024-12-25T15:51:02.813+0300][info][gc] GC(376) Garbage Collection (Proactive) 12M(60%)->10M(50%)
[2024-12-25T15:51:05.709+0300][info][gc] GC(377) Garbage Collection (Proactive) 12M(60%)->10M(50%)
[2024-12-25T15:51:08.204+0300][info][gc] GC(378) Garbage Collection (Proactive) 12M(60%)->10M(50%)
[2024-12-25T15:51:10.404+0300][info][gc] GC(379) Garbage Collection (Proactive) 12M(60%)->10M(50%)
[2024-12-25T15:51:12.408+0300][info][gc] GC(380) Garbage Collection (Proactive) 12M(60%)->10M(50%)
[2024-12-25T15:51:14.396+0300][info][gc] GC(381) Garbage Collection (Proactive) 12M(60%)->10M(50%)
[2024-12-25T15:51:16.601+0300][info][gc] GC(382) Garbage Collection (Proactive) 12M(60%)->10M(50%)
[2024-12-25T15:51:18.406+0300][info][gc] GC(383) Garbage Collection (Proactive) 12M(60%)->10M(50%)
[2024-12-25T15:51:20.094+0300][info][gc] GC(384) Garbage Collection (Proactive) 12M(60%)->10M(50%)
[2024-12-25T15:51:21.606+0300][info][gc] GC(385) Garbage Collection (Proactive) 12M(60%)->10M(50%)
[2024-12-25T15:51:23.508+0300][info][gc] GC(386) Garbage Collection (Proactive) 12M(60%)->10M(50%)
[2024-12-25T15:51:25.302+0300][info][gc] GC(387) Garbage Collection (Proactive) 12M(60%)->10M(50%)
[2024-12-25T15:51:27.204+0300][info][gc] GC(388) Garbage Collection (Proactive) 12M(60%)->10M(50%)
[2024-12-25T15:51:29.004+0300][info][gc] GC(389) Garbage Collection (Proactive) 12M(60%)->10M(50%)
[2024-12-25T15:51:30.612+0300][info][gc] GC(390) Garbage Collection (Proactive) 12M(60%)->10M(50%)
[2024-12-25T15:51:32.907+0300][info][gc] GC(391) Garbage Collection (Proactive) 12M(60%)->10M(50%)
[2024-12-25T15:51:34.803+0300][info][gc] GC(392) Garbage Collection (Proactive) 12M(60%)->10M(50%)
[2024-12-25T15:51:36.591+0300][info][gc] GC(393) Garbage Collection (Proactive) 12M(60%)->10M(50%)
[2024-12-25T15:51:38.218+0300][info][gc] GC(394) Garbage Collection (Proactive) 12M(60%)->10M(50%)
[2024-12-25T15:51:40.709+0300][info][gc] GC(395) Garbage Collection (Proactive) 12M(60%)->10M(50%)
[2024-12-25T15:51:43.493+0300][info][gc] GC(396) Garbage Collection (Proactive) 12M(60%)->10M(50%)
[2024-12-25T15:51:46.111+0300][info][gc] GC(397) Garbage Collection (Proactive) 12M(60%)->10M(50%)
[2024-12-25T15:51:49.210+0300][info][gc] GC(398) Garbage Collection (Proactive) 12M(60%)->10M(50%)
[2024-12-25T15:51:52.011+0300][info][gc] GC(399) Garbage Collection (Proactive) 12M(60%)->10M(50%)
[2024-12-25T15:51:54.392+0300][info][gc] GC(400) Garbage Collection (Proactive) 12M(60%)->10M(50%)
[2024-12-25T15:51:56.702+0300][info][gc] GC(401) Garbage Collection (Proactive) 12M(60%)->10M(50%)
[2024-12-25T15:51:58.605+0300][info][gc] GC(402) Garbage Collection (Proactive) 12M(60%)->10M(50%)
[2024-12-25T15:52:00.304+0300][info][gc] GC(403) Garbage Collection (Proactive) 12M(60%)->10M(50%)
[2024-12-25T15:52:01.903+0300][info][gc] GC(404) Garbage Collection (Proactive) 12M(60%)->10M(50%)
[2024-12-25T15:52:03.302+0300][info][gc] GC(405) Garbage Collection (Proactive) 12M(60%)->10M(50%)
[2024-12-25T15:52:04.693+0300][info][gc] GC(406) Garbage Collection (Proactive) 12M(60%)->10M(50%)
[2024-12-25T15:52:06.105+0300][info][gc] GC(407) Garbage Collection (Proactive) 12M(60%)->10M(50%)
[2024-12-25T15:52:07.595+0300][info][gc] GC(408) Garbage Collection (Proactive) 12M(60%)->10M(50%)
[2024-12-25T15:52:08.999+0300][info][gc] GC(409) Garbage Collection (Proactive) 12M(60%)->10M(50%)
[2024-12-25T15:52:10.496+0300][info][gc] GC(410) Garbage Collection (Proactive) 12M(60%)->10M(50%)
[2024-12-25T15:52:11.990+0300][info][gc] GC(411) Garbage Collection (Proactive) 12M(60%)->10M(50%)
[2024-12-25T15:52:13.390+0300][info][gc] GC(412) Garbage Collection (Proactive) 12M(60%)->10M(50%)
[2024-12-25T15:52:14.698+0300][info][gc] GC(413) Garbage Collection (Proactive) 12M(60%)->10M(50%)
[2024-12-25T15:52:16.201+0300][info][gc] GC(414) Garbage Collection (Proactive) 12M(60%)->10M(50%)
[2024-12-25T15:52:17.592+0300][info][gc] GC(415) Garbage Collection (Proactive) 12M(60%)->10M(50%)
[2024-12-25T15:52:18.896+0300][info][gc] GC(416) Garbage Collection (Proactive) 12M(60%)->12M(60%)
[2024-12-25T15:52:33.010+0300][info][gc] GC(417) Garbage Collection (Proactive) 14M(70%)->10M(50%)
[2024-12-25T15:52:35.106+0300][info][gc] GC(418) Garbage Collection (Proactive) 12M(60%)->10M(50%)
[2024-12-25T15:52:37.310+0300][info][gc] GC(419) Garbage Collection (Proactive) 12M(60%)->10M(50%)
[2024-12-25T15:52:39.306+0300][info][gc] GC(420) Garbage Collection (Proactive) 12M(60%)->10M(50%)
[2024-12-25T15:52:41.293+0300][info][gc] GC(421) Garbage Collection (Proactive) 12M(60%)->10M(50%)
[2024-12-25T15:52:43.001+0300][info][gc] GC(422) Garbage Collection (Proactive) 12M(60%)->10M(50%)
[2024-12-25T15:52:44.499+0300][info][gc] GC(423) Garbage Collection (Proactive) 12M(60%)->10M(50%)
[2024-12-25T15:52:46.496+0300][info][gc] GC(424) Garbage Collection (Proactive) 12M(60%)->10M(50%)
[2024-12-25T15:52:48.202+0300][info][gc] GC(425) Garbage Collection (Proactive) 12M(60%)->10M(50%)
[2024-12-25T15:52:50.309+0300][info][gc] GC(426) Garbage Collection (Proactive) 12M(60%)->10M(50%)
[2024-12-25T15:52:52.809+0300][info][gc] GC(427) Garbage Collection (Proactive) 12M(60%)->10M(50%)
[2024-12-25T15:52:55.108+0300][info][gc] GC(428) Garbage Collection (Proactive) 12M(60%)->10M(50%)
[2024-12-25T15:52:57.319+0300][info][gc] GC(429) Garbage Collection (Proactive) 12M(60%)->10M(50%)
[2024-12-25T15:52:59.519+0300][info][gc] GC(430) Garbage Collection (Proactive) 12M(60%)->10M(50%)
[2024-12-25T15:53:01.516+0300][info][gc] GC(431) Garbage Collection (Proactive) 12M(60%)->10M(50%)
[2024-12-25T15:53:03.505+0300][info][gc] GC(432) Garbage Collection (Proactive) 12M(60%)->10M(50%)
[2024-12-25T15:53:05.503+0300][info][gc] GC(433) Garbage Collection (Proactive) 12M(60%)->10M(50%)
[2024-12-25T15:53:07.396+0300][info][gc] GC(434) Garbage Collection (Proactive) 12M(60%)->10M(50%)
[2024-12-25T15:53:09.419+0300][info][gc] GC(435) Garbage Collection (Proactive) 12M(60%)->10M(50%)
[2024-12-25T15:53:11.692+0300][info][gc] GC(436) Garbage Collection (Proactive) 12M(60%)->10M(50%)
[2024-12-25T15:53:13.909+0300][info][gc] GC(437) Garbage Collection (Proactive) 12M(60%)->10M(50%)
[2024-12-25T15:53:16.902+0300][info][gc] GC(438) Garbage Collection (Proactive) 12M(60%)->10M(50%)
[2024-12-25T15:53:19.313+0300][info][gc] GC(439) Garbage Collection (Proactive) 12M(60%)->10M(50%)
[2024-12-25T15:53:21.993+0300][info][gc] GC(440) Garbage Collection (Proactive) 12M(60%)->10M(50%)
[2024-12-25T15:53:24.518+0300][info][gc] GC(441) Garbage Collection (Proactive) 12M(60%)->10M(50%)
[2024-12-25T15:53:27.322+0300][info][gc] GC(442) Garbage Collection (Proactive) 12M(60%)->10M(50%)
[2024-12-25T15:53:30.404+0300][info][gc] GC(443) Garbage Collection (Proactive) 12M(60%)->10M(50%)
[2024-12-25T15:53:33.298+0300][info][gc] GC(444) Garbage Collection (Proactive) 12M(60%)->10M(50%)
[2024-12-25T15:53:35.502+0300][info][gc] GC(445) Garbage Collection (Proactive) 12M(60%)->10M(50%)
[2024-12-25T15:53:37.598+0300][info][gc] GC(446) Garbage Collection (Proactive) 12M(60%)->10M(50%)
[2024-12-25T15:53:39.402+0300][info][gc] GC(447) Garbage Collection (Proactive) 12M(60%)->10M(50%)
[2024-12-25T15:53:41.008+0300][info][gc] GC(448) Garbage Collection (Proactive) 12M(60%)->10M(50%)
[2024-12-25T15:53:42.504+0300][info][gc] GC(449) Garbage Collection (Proactive) 12M(60%)->10M(50%)
[2024-12-25T15:53:44.595+0300][info][gc] GC(450) Garbage Collection (Proactive) 12M(60%)->10M(50%)
[2024-12-25T15:53:46.509+0300][info][gc] GC(451) Garbage Collection (Proactive) 12M(60%)->10M(50%)
[2024-12-25T15:53:48.201+0300][info][gc] GC(452) Garbage Collection (Proactive) 12M(60%)->10M(50%)
[2024-12-25T15:53:49.813+0300][info][gc] GC(453) Garbage Collection (Proactive) 12M(60%)->10M(50%)
[2024-12-25T15:53:51.891+0300][info][gc] GC(454) Garbage Collection (Proactive) 12M(60%)->10M(50%)
[2024-12-25T15:53:53.706+0300][info][gc] GC(455) Garbage Collection (Proactive) 12M(60%)->10M(50%)
[2024-12-25T15:53:55.301+0300][info][gc] GC(456) Garbage Collection (Proactive) 12M(60%)->10M(50%)
[2024-12-25T15:53:56.710+0300][info][gc] GC(457) Garbage Collection (Proactive) 12M(60%)->10M(50%)
[2024-12-25T15:53:58.603+0300][info][gc] GC(458) Garbage Collection (Proactive) 12M(60%)->10M(50%)
[2024-12-25T15:54:00.405+0300][info][gc] GC(459) Garbage Collection (Proactive) 12M(60%)->10M(50%)
[2024-12-25T15:54:03.099+0300][info][gc] GC(460) Garbage Collection (Proactive) 12M(60%)->10M(50%)
[2024-12-25T15:54:05.292+0300][info][gc] GC(461) Garbage Collection (Proactive) 12M(60%)->10M(50%)
[2024-12-25T15:54:07.015+0300][info][gc] GC(462) Garbage Collection (Proactive) 12M(60%)->10M(50%)
[2024-12-25T15:54:10.394+0300][info][gc] GC(463) Garbage Collection (Proactive) 12M(60%)->10M(50%)
[2024-12-25T15:54:13.103+0300][info][gc] GC(464) Garbage Collection (Proactive) 12M(60%)->10M(50%)
[2024-12-25T15:54:15.209+0300][info][gc] GC(465) Garbage Collection (Proactive) 12M(60%)->10M(50%)
[2024-12-25T15:54:17.014+0300][info][gc] GC(466) Garbage Collection (Proactive) 12M(60%)->10M(50%)
[2024-12-25T15:54:19.607+0300][info][gc] GC(467) Garbage Collection (Proactive) 12M(60%)->10M(50%)
[2024-12-25T15:54:21.912+0300][info][gc] GC(468) Garbage Collection (Proactive) 12M(60%)->12M(60%)
[2024-12-25T15:54:36.220+0300][info][gc] GC(469) Garbage Collection (Proactive) 14M(70%)->10M(50%)
[2024-12-25T15:54:39.214+0300][info][gc] GC(470) Garbage Collection (Proactive) 12M(60%)->12M(60%)
[2024-12-25T15:54:53.306+0300][info][gc] GC(471) Garbage Collection (Proactive) 14M(70%)->10M(50%)
[2024-12-25T15:54:56.402+0300][info][gc] GC(472) Garbage Collection (Proactive) 12M(60%)->10M(50%)
[2024-12-25T15:54:58.689+0300][info][gc] GC(473) Garbage Collection (Proactive) 12M(60%)->10M(50%)
[2024-12-25T15:55:00.501+0300][info][gc] GC(474) Garbage Collection (Proactive) 12M(60%)->10M(50%)
[2024-12-25T15:55:02.396+0300][info][gc] GC(475) Garbage Collection (Proactive) 12M(60%)->10M(50%)
[2024-12-25T15:55:03.996+0300][info][gc] GC(476) Garbage Collection (Proactive) 12M(60%)->10M(50%)
[2024-12-25T15:55:05.498+0300][info][gc] GC(477) Garbage Collection (Proactive) 12M(60%)->10M(50%)
[2024-12-25T15:55:06.906+0300][info][gc] GC(478) Garbage Collection (Proactive) 12M(60%)->10M(50%)
[2024-12-25T15:55:08.302+0300][info][gc] GC(479) Garbage Collection (Proactive) 12M(60%)->10M(50%)
[2024-12-25T15:55:09.608+0300][info][gc] GC(480) Garbage Collection (Proactive) 12M(60%)->10M(50%)
[2024-12-25T15:55:12.810+0300][info][gc] GC(481) Garbage Collection (Proactive) 12M(60%)->10M(50%)
[2024-12-25T15:55:15.399+0300][info][gc] GC(482) Garbage Collection (Proactive) 12M(60%)->10M(50%)
[2024-12-25T15:55:17.701+0300][info][gc] GC(483) Garbage Collection (Proactive) 12M(60%)->10M(50%)
[2024-12-25T15:55:19.700+0300][info][gc] GC(484) Garbage Collection (Proactive) 12M(60%)->10M(50%)
[2024-12-25T15:55:21.404+0300][info][gc] GC(485) Garbage Collection (Proactive) 12M(60%)->10M(50%)
[2024-12-25T15:55:23.794+0300][info][gc] GC(486) Garbage Collection (Proactive) 12M(60%)->10M(50%)
[2024-12-25T15:55:25.797+0300][info][gc] GC(487) Garbage Collection (Proactive) 12M(60%)->10M(50%)
[2024-12-25T15:55:27.503+0300][info][gc] GC(488) Garbage Collection (Proactive) 12M(60%)->10M(50%)
[2024-12-25T15:55:28.996+0300][info][gc] GC(489) Garbage Collection (Proactive) 12M(60%)->10M(50%)
[2024-12-25T15:55:30.403+0300][info][gc] GC(490) Garbage Collection (Proactive) 12M(60%)->10M(50%)
[2024-12-25T15:55:31.694+0300][info][gc] GC(491) Garbage Collection (Proactive) 12M(60%)->10M(50%)
[2024-12-25T15:55:33.192+0300][info][gc] GC(492) Garbage Collection (Proactive) 12M(60%)->10M(50%)
[2024-12-25T15:55:34.604+0300][info][gc] GC(493) Garbage Collection (Proactive) 12M(60%)->10M(50%)
[2024-12-25T15:55:35.914+0300][info][gc] GC(494) Garbage Collection (Proactive) 12M(60%)->10M(50%)
[2024-12-25T15:55:38.003+0300][info][gc] GC(495) Garbage Collection (Proactive) 12M(60%)->12M(60%)
[2024-12-25T15:55:52.300+0300][info][gc] GC(496) Garbage Collection (Proactive) 14M(70%)->10M(50%)
[2024-12-25T15:55:53.998+0300][info][gc] GC(497) Garbage Collection (Proactive) 12M(60%)->12M(60%)
[2024-12-25T15:56:08.409+0300][info][gc] GC(498) Garbage Collection (Proactive) 14M(70%)->10M(50%)
[2024-12-25T15:56:10.498+0300][info][gc] GC(499) Garbage Collection (Proactive) 12M(60%)->10M(50%)
[2024-12-25T15:56:12.502+0300][info][gc] GC(500) Garbage Collection (Proactive) 12M(60%)->10M(50%)
[2024-12-25T15:56:14.403+0300][info][gc] GC(501) Garbage Collection (Proactive) 12M(60%)->10M(50%)
[2024-12-25T15:56:16.089+0300][info][gc] GC(502) Garbage Collection (Proactive) 12M(60%)->10M(50%)
[2024-12-25T15:56:17.497+0300][info][gc] GC(503) Garbage Collection (Proactive) 12M(60%)->10M(50%)
[2024-12-25T15:56:18.799+0300][info][gc] GC(504) Garbage Collection (Proactive) 12M(60%)->10M(50%)
[2024-12-25T15:56:19.998+0300][info][gc] GC(505) Garbage Collection (Proactive) 12M(60%)->12M(60%)
[2024-12-25T15:56:34.402+0300][info][gc] GC(506) Garbage Collection (Proactive) 14M(70%)->10M(50%)
[2024-12-25T15:56:35.999+0300][info][gc] GC(507) Garbage Collection (Proactive) 12M(60%)->10M(50%)
[2024-12-25T15:56:37.414+0300][info][gc] GC(508) Garbage Collection (Proactive) 12M(60%)->10M(50%)
[2024-12-25T15:56:39.404+0300][info][gc] GC(509) Garbage Collection (Proactive) 12M(60%)->12M(60%)
[2024-12-25T15:56:54.201+0300][info][gc] GC(510) Garbage Collection (Proactive) 14M(70%)->10M(50%)
[2024-12-25T15:56:56.392+0300][info][gc] GC(511) Garbage Collection (Proactive) 12M(60%)->10M(50%)
[2024-12-25T15:56:58.192+0300][info][gc] GC(512) Garbage Collection (Proactive) 12M(60%)->10M(50%)
[2024-12-25T15:56:59.697+0300][info][gc] GC(513) Garbage Collection (Proactive) 12M(60%)->10M(50%)
[2024-12-25T15:57:01.196+0300][info][gc] GC(514) Garbage Collection (Proactive) 12M(60%)->10M(50%)
[2024-12-25T15:57:02.602+0300][info][gc] GC(515) Garbage Collection (Proactive) 12M(60%)->10M(50%)
[2024-12-25T15:57:03.796+0300][info][gc] GC(516) Garbage Collection (Proactive) 12M(60%)->10M(50%)
[2024-12-25T15:57:05.699+0300][info][gc] GC(517) Garbage Collection (Proactive) 12M(60%)->10M(50%)
[2024-12-25T15:57:07.293+0300][info][gc] GC(518) Garbage Collection (Proactive) 12M(60%)->10M(50%)
[2024-12-25T15:57:08.696+0300][info][gc] GC(519) Garbage Collection (Proactive) 12M(60%)->10M(50%)
[2024-12-25T15:57:09.909+0300][info][gc] GC(520) Garbage Collection (Proactive) 12M(60%)->10M(50%)
[2024-12-25T15:57:11.988+0300][info][gc] GC(521) Garbage Collection (Proactive) 12M(60%)->10M(50%)
[2024-12-25T15:57:13.791+0300][info][gc] GC(522) Garbage Collection (Proactive) 12M(60%)->10M(50%)
[2024-12-25T15:57:15.191+0300][info][gc] GC(523) Garbage Collection (Proactive) 12M(60%)->10M(50%)
[2024-12-25T15:57:16.503+0300][info][gc] GC(524) Garbage Collection (Proactive) 12M(60%)->10M(50%)
[2024-12-25T15:57:17.787+0300][info][gc] GC(525) Garbage Collection (Proactive) 12M(60%)->10M(50%)
[2024-12-25T15:57:19.114+0300][info][gc] GC(526) Garbage Collection (Proactive) 12M(60%)->10M(50%)
[2024-12-25T15:57:21.806+0300][info][gc] GC(527) Garbage Collection (Proactive) 12M(60%)->10M(50%)
[2024-12-25T15:57:23.911+0300][info][gc] GC(528) Garbage Collection (Proactive) 12M(60%)->10M(50%)
[2024-12-25T15:57:25.897+0300][info][gc] GC(529) Garbage Collection (Proactive) 12M(60%)->10M(50%)
[2024-12-25T15:57:27.807+0300][info][gc] GC(530) Garbage Collection (Proactive) 12M(60%)->10M(50%)
[2024-12-25T15:57:30.202+0300][info][gc] GC(531) Garbage Collection (Proactive) 12M(60%)->10M(50%)
[2024-12-25T15:57:32.296+0300][info][gc] GC(532) Garbage Collection (Proactive) 12M(60%)->10M(50%)
[2024-12-25T15:57:33.908+0300][info][gc] GC(533) Garbage Collection (Proactive) 12M(60%)->10M(50%)
[2024-12-25T15:57:35.994+0300][info][gc] GC(534) Garbage Collection (Proactive) 12M(60%)->10M(50%)
[2024-12-25T15:57:37.698+0300][info][gc] GC(535) Garbage Collection (Proactive) 12M(60%)->10M(50%)
[2024-12-25T15:57:39.207+0300][info][gc] GC(536) Garbage Collection (Proactive) 12M(60%)->10M(50%)
[2024-12-25T15:57:40.701+0300][info][gc] GC(537) Garbage Collection (Proactive) 12M(60%)->10M(50%)
[2024-12-25T15:57:42.395+0300][info][gc] GC(538) Garbage Collection (Proactive) 12M(60%)->10M(50%)
[2024-12-25T15:57:43.996+0300][info][gc] GC(539) Garbage Collection (Proactive) 12M(60%)->10M(50%)
[2024-12-25T15:57:45.411+0300][info][gc] GC(540) Garbage Collection (Proactive) 12M(60%)->10M(50%)
[2024-12-25T15:57:47.500+0300][info][gc] GC(541) Garbage Collection (Proactive) 12M(60%)->10M(50%)
[2024-12-25T15:57:49.318+0300][info][gc] GC(542) Garbage Collection (Proactive) 12M(60%)->10M(50%)
[2024-12-25T15:57:52.391+0300][info][gc] GC(543) Garbage Collection (Proactive) 12M(60%)->10M(50%)
[2024-12-25T15:57:55.094+0300][info][gc] GC(544) Garbage Collection (Proactive) 12M(60%)->10M(50%)
[2024-12-25T15:57:57.007+0300][info][gc] GC(545) Garbage Collection (Proactive) 12M(60%)->10M(50%)
[2024-12-25T15:57:59.102+0300][info][gc] GC(546) Garbage Collection (Proactive) 12M(60%)->10M(50%)
[2024-12-25T15:58:00.789+0300][info][gc] GC(547) Garbage Collection (Proactive) 12M(60%)->10M(50%)
[2024-12-25T15:58:02.204+0300][info][gc] GC(548) Garbage Collection (Proactive) 12M(60%)->10M(50%)
[2024-12-25T15:58:04.402+0300][info][gc] GC(549) Garbage Collection (Proactive) 12M(60%)->10M(50%)
[2024-12-25T15:58:06.289+0300][info][gc] GC(550) Garbage Collection (Proactive) 12M(60%)->10M(50%)
[2024-12-25T15:58:07.818+0300][info][gc] GC(551) Garbage Collection (Proactive) 12M(60%)->10M(50%)
[2024-12-25T15:58:10.900+0300][info][gc] GC(552) Garbage Collection (Proactive) 12M(60%)->10M(50%)
[2024-12-25T15:58:13.307+0300][info][gc] GC(553) Garbage Collection (Proactive) 12M(60%)->10M(50%)
[2024-12-25T15:58:16.090+0300][info][gc] GC(554) Garbage Collection (Proactive) 12M(60%)->10M(50%)
[2024-12-25T15:58:18.592+0300][info][gc] GC(555) Garbage Collection (Proactive) 12M(60%)->10M(50%)
[2024-12-25T15:58:20.492+0300][info][gc] GC(556) Garbage Collection (Proactive) 12M(60%)->10M(50%)
[2024-12-25T15:58:22.099+0300][info][gc] GC(557) Garbage Collection (Proactive) 12M(60%)->10M(50%)
[2024-12-25T15:58:23.509+0300][info][gc] GC(558) Garbage Collection (Proactive) 12M(60%)->10M(50%)
[2024-12-25T15:58:26.002+0300][info][gc] GC(559) Garbage Collection (Proactive) 12M(60%)->10M(50%)
[2024-12-25T15:58:28.219+0300][info][gc] GC(560) Garbage Collection (Proactive) 12M(60%)->10M(50%)
[2024-12-25T15:58:31.217+0300][info][gc] GC(561) Garbage Collection (Proactive) 12M(60%)->10M(50%)
[2024-12-25T15:58:34.106+0300][info][gc] GC(562) Garbage Collection (Proactive) 12M(60%)->10M(50%)
[2024-12-25T15:58:37.102+0300][info][gc] GC(563) Garbage Collection (Proactive) 12M(60%)->10M(50%)
[2024-12-25T15:58:39.392+0300][info][gc] GC(564) Garbage Collection (Proactive) 12M(60%)->10M(50%)
[2024-12-25T15:58:41.297+0300][info][gc] GC(565) Garbage Collection (Proactive) 12M(60%)->10M(50%)
[2024-12-25T15:58:43.009+0300][info][gc] GC(566) Garbage Collection (Proactive) 12M(60%)->10M(50%)
[2024-12-25T15:58:45.112+0300][info][gc] GC(567) Garbage Collection (Proactive) 12M(60%)->10M(50%)
[2024-12-25T15:58:47.013+0300][info][gc] GC(568) Garbage Collection (Proactive) 12M(60%)->10M(50%)
[2024-12-25T15:58:48.999+0300][info][gc] GC(569) Garbage Collection (Proactive) 12M(60%)->10M(50%)
[2024-12-25T15:58:50.804+0300][info][gc] GC(570) Garbage Collection (Proactive) 12M(60%)->10M(50%)
[2024-12-25T15:58:52.501+0300][info][gc] GC(571) Garbage Collection (Proactive) 12M(60%)->10M(50%)
[2024-12-25T15:58:54.191+0300][info][gc] GC(572) Garbage Collection (Proactive) 12M(60%)->10M(50%)
[2024-12-25T15:58:56.104+0300][info][gc] GC(573) Garbage Collection (Proactive) 12M(60%)->10M(50%)
[2024-12-25T15:58:57.603+0300][info][gc] GC(574) Garbage Collection (Proactive) 12M(60%)->10M(50%)
[2024-12-25T15:58:58.996+0300][info][gc] GC(575) Garbage Collection (Proactive) 12M(60%)->10M(50%)
[2024-12-25T15:59:00.697+0300][info][gc] GC(576) Garbage Collection (Proactive) 12M(60%)->10M(50%)
[2024-12-25T15:59:02.291+0300][info][gc] GC(577) Garbage Collection (Proactive) 12M(60%)->10M(50%)
[2024-12-25T15:59:03.701+0300][info][gc] GC(578) Garbage Collection (Proactive) 12M(60%)->10M(50%)
[2024-12-25T15:59:04.999+0300][info][gc] GC(579) Garbage Collection (Proactive) 12M(60%)->10M(50%)
[2024-12-25T15:59:06.302+0300][info][gc] GC(580) Garbage Collection (Proactive) 12M(60%)->10M(50%)
[2024-12-25T15:59:07.491+0300][info][gc] GC(581) Garbage Collection (Proactive) 12M(60%)->10M(50%)
[2024-12-25T15:59:08.796+0300][info][gc] GC(582) Garbage Collection (Proactive) 12M(60%)->10M(50%)
[2024-12-25T15:59:10.089+0300][info][gc] GC(583) Garbage Collection (Proactive) 12M(60%)->10M(50%)
[2024-12-25T15:59:11.288+0300][info][gc] GC(584) Garbage Collection (Proactive) 12M(60%)->10M(50%)
[2024-12-25T15:59:12.402+0300][info][gc] GC(585) Garbage Collection (Proactive) 12M(60%)->10M(50%)
[2024-12-25T15:59:13.506+0300][info][gc] GC(586) Garbage Collection (Proactive) 12M(60%)->10M(50%)
[2024-12-25T15:59:15.224+0300][info][gc] GC(587) Garbage Collection (Proactive) 12M(60%)->10M(50%)
[2024-12-25T15:59:19.190+0300][info][gc] GC(588) Garbage Collection (Proactive) 12M(60%)->10M(50%)
[2024-12-25T15:59:22.494+0300][info][gc] GC(589) Garbage Collection (Proactive) 12M(60%)->10M(50%)
[2024-12-25T15:59:24.901+0300][info][gc] GC(590) Garbage Collection (Proactive) 12M(60%)->10M(50%)
[2024-12-25T15:59:26.802+0300][info][gc] GC(591) Garbage Collection (Proactive) 12M(60%)->12M(60%)
[2024-12-25T15:59:39.902+0300][info][gc] GC(592) Garbage Collection (Proactive) 14M(70%)->10M(50%)
[2024-12-25T15:59:41.698+0300][info][gc] GC(593) Garbage Collection (Proactive) 12M(60%)->10M(50%)
[2024-12-25T15:59:43.187+0300][info][gc] GC(594) Garbage Collection (Proactive) 12M(60%)->10M(50%)
[2024-12-25T15:59:44.508+0300][info][gc] GC(595) Garbage Collection (Proactive) 12M(60%)->10M(50%)
[2024-12-25T15:59:46.599+0300][info][gc] GC(596) Garbage Collection (Proactive) 12M(60%)->10M(50%)
[2024-12-25T15:59:48.409+0300][info][gc] GC(597) Garbage Collection (Proactive) 12M(60%)->10M(50%)
[2024-12-25T15:59:51.224+0300][info][gc] GC(598) Garbage Collection (Proactive) 12M(60%)->10M(50%)
[2024-12-25T15:59:54.192+0300][info][gc] GC(599) Garbage Collection (Proactive) 12M(60%)->10M(50%)
[2024-12-25T15:59:56.999+0300][info][gc] GC(600) Garbage Collection (Proactive) 12M(60%)->10M(50%)
[2024-12-25T15:59:59.119+0300][info][gc] GC(601) Garbage Collection (Proactive) 12M(60%)->10M(50%)
[2024-12-25T16:00:02.793+0300][info][gc] GC(602) Garbage Collection (Proactive) 12M(60%)->10M(50%)
[2024-12-25T16:00:05.797+0300][info][gc] GC(603) Garbage Collection (Proactive) 12M(60%)->10M(50%)
[2024-12-25T16:00:07.993+0300][info][gc] GC(604) Garbage Collection (Proactive) 12M(60%)->10M(50%)
[2024-12-25T16:00:09.702+0300][info][gc] GC(605) Garbage Collection (Proactive) 12M(60%)->10M(50%)
[2024-12-25T16:00:11.603+0300][info][gc] GC(606) Garbage Collection (Proactive) 12M(60%)->10M(50%)
[2024-12-25T16:00:13.221+0300][info][gc] GC(607) Garbage Collection (Proactive) 12M(60%)->10M(50%)
[2024-12-25T16:00:16.909+0300][info][gc] GC(608) Garbage Collection (Proactive) 12M(60%)->10M(50%)
[2024-12-25T16:00:19.695+0300][info][gc] GC(609) Garbage Collection (Proactive) 12M(60%)->10M(50%)
[2024-12-25T16:00:22.093+0300][info][gc] GC(610) Garbage Collection (Proactive) 12M(60%)->10M(50%)
[2024-12-25T16:00:23.900+0300][info][gc] GC(611) Garbage Collection (Proactive) 12M(60%)->10M(50%)
[2024-12-25T16:00:25.515+0300][info][gc] GC(612) Garbage Collection (Proactive) 12M(60%)->10M(50%)
[2024-12-25T16:00:27.990+0300][info][gc] GC(613) Garbage Collection (Proactive) 12M(60%)->10M(50%)
[2024-12-25T16:00:30.097+0300][info][gc] GC(614) Garbage Collection (Proactive) 12M(60%)->10M(50%)
[2024-12-25T16:00:31.696+0300][info][gc] GC(615) Garbage Collection (Proactive) 12M(60%)->10M(50%)
[2024-12-25T16:00:33.102+0300][info][gc] GC(616) Garbage Collection (Proactive) 12M(60%)->10M(50%)
[2024-12-25T16:00:34.405+0300][info][gc] GC(617) Garbage Collection (Proactive) 12M(60%)->10M(50%)
[2024-12-25T16:00:36.500+0300][info][gc] GC(618) Garbage Collection (Proactive) 12M(60%)->10M(50%)
[2024-12-25T16:00:38.413+0300][info][gc] GC(619) Garbage Collection (Proactive) 12M(60%)->10M(50%)
[2024-12-25T16:00:40.393+0300][info][gc] GC(620) Garbage Collection (Proactive) 12M(60%)->10M(50%)
[2024-12-25T16:00:42.200+0300][info][gc] GC(621) Garbage Collection (Proactive) 12M(60%)->10M(50%)
[2024-12-25T16:00:43.990+0300][info][gc] GC(622) Garbage Collection (Proactive) 12M(60%)->10M(50%)
[2024-12-25T16:00:45.803+0300][info][gc] GC(623) Garbage Collection (Proactive) 12M(60%)->12M(60%)
[2024-12-25T16:00:59.893+0300][info][gc] GC(624) Garbage Collection (Proactive) 14M(70%)->10M(50%)
[2024-12-25T16:01:01.497+0300][info][gc] GC(625) Garbage Collection (Proactive) 12M(60%)->10M(50%)
[2024-12-25T16:01:03.096+0300][info][gc] GC(626) Garbage Collection (Proactive) 12M(60%)->10M(50%)
[2024-12-25T16:01:04.498+0300][info][gc] GC(627) Garbage Collection (Proactive) 12M(60%)->10M(50%)
[2024-12-25T16:01:06.104+0300][info][gc] GC(628) Garbage Collection (Proactive) 12M(60%)->10M(50%)
[2024-12-25T16:01:07.605+0300][info][gc] GC(629) Garbage Collection (Proactive) 12M(60%)->10M(50%)
[2024-12-25T16:01:08.994+0300][info][gc] GC(630) Garbage Collection (Proactive) 12M(60%)->10M(50%)
[2024-12-25T16:01:10.292+0300][info][gc] GC(631) Garbage Collection (Proactive) 12M(60%)->10M(50%)
[2024-12-25T16:01:11.594+0300][info][gc] GC(632) Garbage Collection (Proactive) 12M(60%)->10M(50%)
[2024-12-25T16:01:12.825+0300][info][gc] GC(633) Garbage Collection (Proactive) 12M(60%)->12M(60%)
[2024-12-25T16:01:26.909+0300][info][gc] GC(634) Garbage Collection (Proactive) 14M(70%)->10M(50%)
[2024-12-25T16:01:29.788+0300][info][gc] GC(635) Garbage Collection (Proactive) 12M(60%)->10M(50%)
[2024-12-25T16:01:32.186+0300][info][gc] GC(636) Garbage Collection (Proactive) 12M(60%)->10M(50%)
[2024-12-25T16:01:33.994+0300][info][gc] GC(637) Garbage Collection (Proactive) 12M(60%)->10M(50%)
[2024-12-25T16:01:35.390+0300][info][gc] GC(638) Garbage Collection (Proactive) 12M(60%)->10M(50%)
[2024-12-25T16:01:36.695+0300][info][gc] GC(639) Garbage Collection (Proactive) 12M(60%)->10M(50%)
[2024-12-25T16:01:37.911+0300][info][gc] GC(640) Garbage Collection (Proactive) 12M(60%)->12M(60%)
[2024-12-25T16:01:52.003+0300][info][gc] GC(641) Garbage Collection (Proactive) 14M(70%)->10M(50%)
[2024-12-25T16:01:53.606+0300][info][gc] GC(642) Garbage Collection (Proactive) 12M(60%)->10M(50%)
[2024-12-25T16:01:55.213+0300][info][gc] GC(643) Garbage Collection (Proactive) 12M(60%)->10M(50%)
[2024-12-25T16:01:58.219+0300][info][gc] GC(644) Garbage Collection (Proactive) 12M(60%)->10M(50%)
[2024-12-25T16:02:00.806+0300][info][gc] GC(645) Garbage Collection (Proactive) 12M(60%)->10M(50%)
[2024-12-25T16:02:03.414+0300][info][gc] GC(646) Garbage Collection (Proactive) 12M(60%)->10M(50%)
[2024-12-25T16:02:06.213+0300][info][gc] GC(647) Garbage Collection (Proactive) 12M(60%)->10M(50%)
[2024-12-25T16:02:08.712+0300][info][gc] GC(648) Garbage Collection (Proactive) 12M(60%)->10M(50%)
[2024-12-25T16:02:10.895+0300][info][gc] GC(649) Garbage Collection (Proactive) 12M(60%)->10M(50%)
[2024-12-25T16:02:13.000+0300][info][gc] GC(650) Garbage Collection (Proactive) 12M(60%)->10M(50%)
[2024-12-25T16:02:14.999+0300][info][gc] GC(651) Garbage Collection (Proactive) 12M(60%)->10M(50%)
[2024-12-25T16:02:16.801+0300][info][gc] GC(652) Garbage Collection (Proactive) 12M(60%)->10M(50%)
[2024-12-25T16:02:18.308+0300][info][gc] GC(653) Garbage Collection (Proactive) 12M(60%)->10M(50%)
[2024-12-25T16:02:20.199+0300][info][gc] GC(654) Garbage Collection (Proactive) 12M(60%)->10M(50%)
[2024-12-25T16:02:22.211+0300][info][gc] GC(655) Garbage Collection (Proactive) 12M(60%)->10M(50%)
[2024-12-25T16:02:25.188+0300][info][gc] GC(656) Garbage Collection (Proactive) 12M(60%)->10M(50%)
[2024-12-25T16:02:28.012+0300][info][gc] GC(657) Garbage Collection (Proactive) 12M(60%)->10M(50%)
[2024-12-25T16:02:30.790+0300][info][gc] GC(658) Garbage Collection (Proactive) 12M(60%)->10M(50%)
[2024-12-25T16:02:33.099+0300][info][gc] GC(659) Garbage Collection (Proactive) 12M(60%)->10M(50%)
[2024-12-25T16:02:34.892+0300][info][gc] GC(660) Garbage Collection (Proactive) 12M(60%)->10M(50%)
[2024-12-25T16:02:36.298+0300][info][gc] GC(661) Garbage Collection (Proactive) 12M(60%)->10M(50%)
[2024-12-25T16:02:38.195+0300][info][gc] GC(662) Garbage Collection (Proactive) 12M(60%)->10M(50%)
[2024-12-25T16:02:39.823+0300][info][gc] GC(663) Garbage Collection (Proactive) 12M(60%)->10M(50%)
[2024-12-25T16:02:43.792+0300][info][gc] GC(664) Garbage Collection (Proactive) 12M(60%)->10M(50%)
[2024-12-25T16:02:46.900+0300][info][gc] GC(665) Garbage Collection (Proactive) 12M(60%)->10M(50%)
[2024-12-25T16:02:49.216+0300][info][gc] GC(666) Garbage Collection (Proactive) 12M(60%)->10M(50%)
[2024-12-25T16:02:51.897+0300][info][gc] GC(667) Garbage Collection (Proactive) 12M(60%)->10M(50%)
[2024-12-25T16:02:54.090+0300][info][gc] GC(668) Garbage Collection (Proactive) 12M(60%)->10M(50%)
[2024-12-25T16:02:55.792+0300][info][gc] GC(669) Garbage Collection (Proactive) 12M(60%)->10M(50%)
[2024-12-25T16:02:57.211+0300][info][gc] GC(670) Garbage Collection (Proactive) 12M(60%)->10M(50%)
[2024-12-25T16:02:59.791+0300][info][gc] GC(671) Garbage Collection (Proactive) 12M(60%)->10M(50%)
[2024-12-25T16:03:01.895+0300][info][gc] GC(672) Garbage Collection (Proactive) 12M(60%)->10M(50%)
[2024-12-25T16:03:03.712+0300][info][gc] GC(673) Garbage Collection (Proactive) 12M(60%)->10M(50%)
[2024-12-25T16:03:06.293+0300][info][gc] GC(674) Garbage Collection (Proactive) 12M(60%)->10M(50%)
[2024-12-25T16:03:08.596+0300][info][gc] GC(675) Garbage Collection (Proactive) 12M(60%)->10M(50%)
[2024-12-25T16:03:10.408+0300][info][gc] GC(676) Garbage Collection (Proactive) 12M(60%)->10M(50%)
[2024-12-25T16:03:12.823+0300][info][gc] GC(677) Garbage Collection (Proactive) 12M(60%)->10M(50%)
[2024-12-25T16:03:16.394+0300][info][gc] GC(678) Garbage Collection (Proactive) 12M(60%)->10M(50%)
[2024-12-25T16:03:19.494+0300][info][gc] GC(679) Garbage Collection (Proactive) 12M(60%)->10M(50%)
[2024-12-25T16:03:21.807+0300][info][gc] GC(680) Garbage Collection (Proactive) 12M(60%)->10M(50%)
[2024-12-25T16:03:24.692+0300][info][gc] GC(681) Garbage Collection (Proactive) 12M(60%)->10M(50%)
[2024-12-25T16:03:27.194+0300][info][gc] GC(682) Garbage Collection (Proactive) 12M(60%)->10M(50%)
[2024-12-25T16:03:29.199+0300][info][gc] GC(683) Garbage Collection (Proactive) 12M(60%)->10M(50%)
[2024-12-25T16:03:30.918+0300][info][gc] GC(684) Garbage Collection (Proactive) 12M(60%)->12M(60%)
[2024-12-25T16:03:45.100+0300][info][gc] GC(685) Garbage Collection (Proactive) 14M(70%)->10M(50%)
[2024-12-25T16:03:47.789+0300][info][gc] GC(686) Garbage Collection (Proactive) 12M(60%)->10M(50%)
[2024-12-25T16:03:49.697+0300][info][gc] GC(687) Garbage Collection (Proactive) 12M(60%)->10M(50%)
[2024-12-25T16:03:51.298+0300][info][gc] GC(688) Garbage Collection (Proactive) 12M(60%)->10M(50%)
[2024-12-25T16:03:52.698+0300][info][gc] GC(689) Garbage Collection (Proactive) 12M(60%)->10M(50%)
[2024-12-25T16:03:54.005+0300][info][gc] GC(690) Garbage Collection (Proactive) 12M(60%)->10M(50%)
[2024-12-25T16:03:55.293+0300][info][gc] GC(691) Garbage Collection (Proactive) 12M(60%)->10M(50%)
[2024-12-25T16:03:56.492+0300][info][gc] GC(692) Garbage Collection (Proactive) 12M(60%)->10M(50%)
[2024-12-25T16:03:57.689+0300][info][gc] GC(693) Garbage Collection (Proactive) 12M(60%)->10M(50%)
[2024-12-25T16:03:58.906+0300][info][gc] GC(694) Garbage Collection (Proactive) 12M(60%)->10M(50%)
[2024-12-25T16:04:00.404+0300][info][gc] GC(695) Garbage Collection (Proactive) 12M(60%)->10M(50%)
[2024-12-25T16:04:03.020+0300][info][gc] GC(696) Garbage Collection (Proactive) 12M(60%)->10M(50%)
[2024-12-25T16:04:05.997+0300][info][gc] GC(697) Garbage Collection (Proactive) 12M(60%)->10M(50%)
[2024-12-25T16:04:08.597+0300][info][gc] GC(698) Garbage Collection (Proactive) 12M(60%)->10M(50%)
[2024-12-25T16:04:10.898+0300][info][gc] GC(699) Garbage Collection (Proactive) 12M(60%)->12M(60%)
[2024-12-25T16:04:25.107+0300][info][gc] GC(700) Garbage Collection (Proactive) 14M(70%)->10M(50%)
[2024-12-25T16:04:26.903+0300][info][gc] GC(701) Garbage Collection (Proactive) 12M(60%)->12M(60%)
[2024-12-25T16:04:41.096+0300][info][gc] GC(702) Garbage Collection (Proactive) 14M(70%)->10M(50%)
[2024-12-25T16:04:42.713+0300][info][gc] GC(703) Garbage Collection (Proactive) 12M(60%)->10M(50%)
[2024-12-25T16:04:45.300+0300][info][gc] GC(704) Garbage Collection (Proactive) 12M(60%)->10M(50%)
[2024-12-25T16:04:47.496+0300][info][gc] GC(705) Garbage Collection (Proactive) 12M(60%)->10M(50%)
[2024-12-25T16:04:49.215+0300][info][gc] GC(706) Garbage Collection (Proactive) 12M(60%)->10M(50%)
[2024-12-25T16:04:52.999+0300][info][gc] GC(707) Garbage Collection (Proactive) 12M(60%)->10M(50%)
[2024-12-25T16:04:56.003+0300][info][gc] GC(708) Garbage Collection (Proactive) 12M(60%)->10M(50%)
[2024-12-25T16:04:58.500+0300][info][gc] GC(709) Garbage Collection (Proactive) 12M(60%)->10M(50%)
[2024-12-25T16:05:00.494+0300][info][gc] GC(710) Garbage Collection (Proactive) 12M(60%)->10M(50%)
[2024-12-25T16:05:02.202+0300][info][gc] GC(711) Garbage Collection (Proactive) 12M(60%)->10M(50%)
[2024-12-25T16:05:03.701+0300][info][gc] GC(712) Garbage Collection (Proactive) 12M(60%)->10M(50%)
[2024-12-25T16:05:05.895+0300][info][gc] GC(713) Garbage Collection (Proactive) 12M(60%)->10M(50%)
[2024-12-25T16:05:07.790+0300][info][gc] GC(714) Garbage Collection (Proactive) 12M(60%)->10M(50%)
[2024-12-25T16:05:09.402+0300][info][gc] GC(715) Garbage Collection (Proactive) 12M(60%)->10M(50%)
[2024-12-25T16:05:10.698+0300][info][gc] GC(716) Garbage Collection (Proactive) 12M(60%)->10M(50%)
[2024-12-25T16:05:12.099+0300][info][gc] GC(717) Garbage Collection (Proactive) 12M(60%)->12M(60%)
[2024-12-25T16:05:26.193+0300][info][gc] GC(718) Garbage Collection (Proactive) 14M(70%)->10M(50%)
[2024-12-25T16:05:27.504+0300][info][gc] GC(719) Garbage Collection (Proactive) 12M(60%)->10M(50%)
[2024-12-25T16:05:29.111+0300][info][gc] GC(720) Garbage Collection (Proactive) 12M(60%)->12M(60%)
[2024-12-25T16:05:43.197+0300][info][gc] GC(721) Garbage Collection (Proactive) 14M(70%)->10M(50%)
[2024-12-25T16:05:44.899+0300][info][gc] GC(722) Garbage Collection (Proactive) 12M(60%)->10M(50%)
[2024-12-25T16:05:46.499+0300][info][gc] GC(723) Garbage Collection (Proactive) 12M(60%)->10M(50%)
[2024-12-25T16:05:48.731+0300][info][gc] GC(724) Garbage Collection (Proactive) 12M(60%)->10M(50%)
[2024-12-25T16:05:53.112+0300][info][gc] GC(725) Garbage Collection (Proactive) 12M(60%)->10M(50%)
[2024-12-25T16:05:56.501+0300][info][gc] GC(726) Garbage Collection (Proactive) 12M(60%)->10M(50%)
[2024-12-25T16:05:59.199+0300][info][gc] GC(727) Garbage Collection (Proactive) 12M(60%)->12M(60%)
[2024-12-25T16:06:13.296+0300][info][gc] GC(728) Garbage Collection (Proactive) 14M(70%)->10M(50%)
[2024-12-25T16:06:15.199+0300][info][gc] GC(729) Garbage Collection (Proactive) 12M(60%)->10M(50%)
[2024-12-25T16:06:16.803+0300][info][gc] GC(730) Garbage Collection (Proactive) 12M(60%)->10M(50%)
[2024-12-25T16:06:19.109+0300][info][gc] GC(731) Garbage Collection (Proactive) 12M(60%)->10M(50%)
[2024-12-25T16:06:21.194+0300][info][gc] GC(732) Garbage Collection (Proactive) 12M(60%)->10M(50%)
[2024-12-25T16:06:23.094+0300][info][gc] GC(733) Garbage Collection (Proactive) 12M(60%)->10M(50%)
[2024-12-25T16:06:24.804+0300][info][gc] GC(734) Garbage Collection (Proactive) 12M(60%)->10M(50%)
[2024-12-25T16:06:26.711+0300][info][gc] GC(735) Garbage Collection (Proactive) 12M(60%)->10M(50%)
[2024-12-25T16:06:28.804+0300][info][gc] GC(736) Garbage Collection (Proactive) 12M(60%)->10M(50%)
[2024-12-25T16:06:30.892+0300][info][gc] GC(737) Garbage Collection (Proactive) 12M(60%)->10M(50%)
[2024-12-25T16:06:32.611+0300][info][gc] GC(738) Garbage Collection (Proactive) 12M(60%)->10M(50%)
[2024-12-25T16:06:34.786+0300][info][gc] GC(739) Garbage Collection (Proactive) 12M(60%)->10M(50%)
[2024-12-25T16:06:36.811+0300][info][gc] GC(740) Garbage Collection (Proactive) 12M(60%)->10M(50%)
[2024-12-25T16:06:38.796+0300][info][gc] GC(741) Garbage Collection (Proactive) 12M(60%)->10M(50%)
[2024-12-25T16:06:40.488+0300][info][gc] GC(742) Garbage Collection (Proactive) 12M(60%)->10M(50%)
[2024-12-25T16:06:41.899+0300][info][gc] GC(743) Garbage Collection (Proactive) 12M(60%)->10M(50%)
[2024-12-25T16:06:43.498+0300][info][gc] GC(744) Garbage Collection (Proactive) 12M(60%)->10M(50%)
[2024-12-25T16:06:45.102+0300][info][gc] GC(745) Garbage Collection (Proactive) 12M(60%)->10M(50%)
[2024-12-25T16:06:46.598+0300][info][gc] GC(746) Garbage Collection (Proactive) 12M(60%)->10M(50%)
[2024-12-25T16:06:48.397+0300][info][gc] GC(747) Garbage Collection (Proactive) 12M(60%)->10M(50%)
[2024-12-25T16:06:50.102+0300][info][gc] GC(748) Garbage Collection (Proactive) 12M(60%)->10M(50%)
[2024-12-25T16:06:51.903+0300][info][gc] GC(749) Garbage Collection (Proactive) 12M(60%)->10M(50%)
[2024-12-25T16:06:53.495+0300][info][gc] GC(750) Garbage Collection (Proactive) 12M(60%)->10M(50%)
[2024-12-25T16:06:55.102+0300][info][gc] GC(751) Garbage Collection (Proactive) 12M(60%)->10M(50%)
[2024-12-25T16:06:56.505+0300][info][gc] GC(752) Garbage Collection (Proactive) 12M(60%)->10M(50%)
[2024-12-25T16:06:57.990+0300][info][gc] GC(753) Garbage Collection (Proactive) 12M(60%)->10M(50%)
[2024-12-25T16:06:59.499+0300][info][gc] GC(754) Garbage Collection (Proactive) 12M(60%)->10M(50%)
[2024-12-25T16:07:00.796+0300][info][gc] GC(755) Garbage Collection (Proactive) 12M(60%)->10M(50%)
[2024-12-25T16:07:02.002+0300][info][gc] GC(756) Garbage Collection (Proactive) 12M(60%)->10M(50%)
[2024-12-25T16:07:03.692+0300][info][gc] GC(757) Garbage Collection (Proactive) 12M(60%)->10M(50%)
[2024-12-25T16:07:05.206+0300][info][gc] GC(758) Garbage Collection (Proactive) 12M(60%)->10M(50%)
[2024-12-25T16:07:07.507+0300][info][gc] GC(759) Garbage Collection (Proactive) 12M(60%)->10M(50%)
[2024-12-25T16:07:10.310+0300][info][gc] GC(760) Garbage Collection (Proactive) 12M(60%)->12M(60%)
[2024-12-25T16:07:22.894+0300][info][gc] GC(761) Garbage Collection (Proactive) 14M(70%)->10M(50%)
[2024-12-25T16:07:24.890+0300][info][gc] GC(762) Garbage Collection (Proactive) 12M(60%)->10M(50%)
[2024-12-25T16:07:26.715+0300][info][gc] GC(763) Garbage Collection (Proactive) 12M(60%)->10M(50%)
[2024-12-25T16:07:29.802+0300][info][gc] GC(764) Garbage Collection (Proactive) 12M(60%)->10M(50%)
[2024-12-25T16:07:32.290+0300][info][gc] GC(765) Garbage Collection (Proactive) 12M(60%)->10M(50%)
[2024-12-25T16:07:34.202+0300][info][gc] GC(766) Garbage Collection (Proactive) 12M(60%)->10M(50%)
[2024-12-25T16:07:35.910+0300][info][gc] GC(767) Garbage Collection (Proactive) 12M(60%)->12M(60%)
[2024-12-25T16:07:50.386+0300][info][gc] GC(768) Garbage Collection (Proactive) 14M(70%)->10M(50%)
[2024-12-25T16:07:53.097+0300][info][gc] GC(769) Garbage Collection (Proactive) 12M(60%)->10M(50%)
[2024-12-25T16:07:55.094+0300][info][gc] GC(770) Garbage Collection (Proactive) 12M(60%)->10M(50%)
[2024-12-25T16:07:56.694+0300][info][gc] GC(771) Garbage Collection (Proactive) 12M(60%)->10M(50%)
[2024-12-25T16:07:58.512+0300][info][gc] GC(772) Garbage Collection (Proactive) 12M(60%)->10M(50%)
[2024-12-25T16:08:00.398+0300][info][gc] GC(773) Garbage Collection (Proactive) 12M(60%)->10M(50%)
[2024-12-25T16:08:02.192+0300][info][gc] GC(774) Garbage Collection (Proactive) 12M(60%)->10M(50%)
[2024-12-25T16:08:03.692+0300][info][gc] GC(775) Garbage Collection (Proactive) 12M(60%)->10M(50%)
[2024-12-25T16:08:05.111+0300][info][gc] GC(776) Garbage Collection (Proactive) 12M(60%)->10M(50%)
[2024-12-25T16:08:08.394+0300][info][gc] GC(777) Garbage Collection (Proactive) 12M(60%)->10M(50%)
[2024-12-25T16:08:11.103+0300][info][gc] GC(778) Garbage Collection (Proactive) 12M(60%)->10M(50%)
[2024-12-25T16:08:13.102+0300][info][gc] GC(779) Garbage Collection (Proactive) 12M(60%)->10M(50%)
[2024-12-25T16:08:15.196+0300][info][gc] GC(780) Garbage Collection (Proactive) 12M(60%)->10M(50%)
[2024-12-25T16:08:16.908+0300][info][gc] GC(781) Garbage Collection (Proactive) 12M(60%)->12M(60%)
[2024-12-25T16:08:31.395+0300][info][gc] GC(782) Garbage Collection (Proactive) 14M(70%)->10M(50%)
[2024-12-25T16:08:33.496+0300][info][gc] GC(783) Garbage Collection (Proactive) 12M(60%)->10M(50%)
[2024-12-25T16:08:35.292+0300][info][gc] GC(784) Garbage Collection (Proactive) 12M(60%)->10M(50%)
[2024-12-25T16:08:36.800+0300][info][gc] GC(785) Garbage Collection (Proactive) 12M(60%)->10M(50%)
[2024-12-25T16:08:38.314+0300][info][gc] GC(786) Garbage Collection (Proactive) 12M(60%)->10M(50%)
[2024-12-25T16:08:40.396+0300][info][gc] GC(787) Garbage Collection (Proactive) 12M(60%)->12M(60%)
[2024-12-25T16:08:55.505+0300][info][gc] GC(788) Garbage Collection (Proactive) 14M(70%)->10M(50%)
[2024-12-25T16:08:57.693+0300][info][gc] GC(789) Garbage Collection (Proactive) 12M(60%)->10M(50%)
[2024-12-25T16:08:59.700+0300][info][gc] GC(790) Garbage Collection (Proactive) 12M(60%)->10M(50%)
[2024-12-25T16:09:01.298+0300][info][gc] GC(791) Garbage Collection (Proactive) 12M(60%)->10M(50%)
[2024-12-25T16:09:02.594+0300][info][gc] GC(792) Garbage Collection (Proactive) 12M(60%)->10M(50%)
[2024-12-25T16:09:03.819+0300][info][gc] GC(793) Garbage Collection (Proactive) 12M(60%)->10M(50%)
[2024-12-25T16:09:07.396+0300][info][gc] GC(794) Garbage Collection (Proactive) 12M(60%)->10M(50%)
[2024-12-25T16:09:10.103+0300][info][gc] GC(795) Garbage Collection (Proactive) 12M(60%)->10M(50%)
[2024-12-25T16:09:12.098+0300][info][gc] GC(796) Garbage Collection (Proactive) 12M(60%)->10M(50%)
[2024-12-25T16:09:13.814+0300][info][gc] GC(797) Garbage Collection (Proactive) 12M(60%)->10M(50%)
[2024-12-25T16:09:16.293+0300][info][gc] GC(798) Garbage Collection (Proactive) 12M(60%)->10M(50%)
[2024-12-25T16:09:18.502+0300][info][gc] GC(799) Garbage Collection (Proactive) 12M(60%)->10M(50%)
[2024-12-25T16:09:20.096+0300][info][gc] GC(800) Garbage Collection (Proactive) 12M(60%)->10M(50%)
[2024-12-25T16:09:21.496+0300][info][gc] GC(801) Garbage Collection (Proactive) 12M(60%)->10M(50%)
[2024-12-25T16:09:23.226+0300][info][gc] GC(802) Garbage Collection (Proactive) 12M(60%)->10M(50%)
[2024-12-25T16:09:27.003+0300][info][gc] GC(803) Garbage Collection (Proactive) 12M(60%)->10M(50%)
[2024-12-25T16:09:29.894+0300][info][gc] GC(804) Garbage Collection (Proactive) 12M(60%)->10M(50%)
[2024-12-25T16:09:32.197+0300][info][gc] GC(805) Garbage Collection (Proactive) 12M(60%)->10M(50%)
[2024-12-25T16:09:33.997+0300][info][gc] GC(806) Garbage Collection (Proactive) 12M(60%)->10M(50%)
[2024-12-25T16:09:35.506+0300][info][gc] GC(807) Garbage Collection (Proactive) 12M(60%)->10M(50%)
[2024-12-25T16:09:37.517+0300][info][gc] GC(808) Garbage Collection (Proactive) 12M(60%)->10M(50%)
[2024-12-25T16:09:39.999+0300][info][gc] GC(809) Garbage Collection (Proactive) 12M(60%)->10M(50%)
[2024-12-25T16:09:42.190+0300][info][gc] GC(810) Garbage Collection (Proactive) 12M(60%)->10M(50%)
[2024-12-25T16:09:44.223+0300][info][gc] GC(811) Garbage Collection (Proactive) 12M(60%)->10M(50%)
[2024-12-25T16:09:47.701+0300][info][gc] GC(812) Garbage Collection (Proactive) 12M(60%)->10M(50%)
[2024-12-25T16:09:50.413+0300][info][gc] GC(813) Garbage Collection (Proactive) 12M(60%)->10M(50%)
[2024-12-25T16:09:52.798+0300][info][gc] GC(814) Garbage Collection (Proactive) 12M(60%)->10M(50%)
[2024-12-25T16:09:55.089+0300][info][gc] GC(815) Garbage Collection (Proactive) 12M(60%)->10M(50%)
[2024-12-25T16:09:56.800+0300][info][gc] GC(816) Garbage Collection (Proactive) 12M(60%)->10M(50%)
[2024-12-25T16:09:58.606+0300][info][gc] GC(817) Garbage Collection (Proactive) 12M(60%)->10M(50%)
[2024-12-25T16:10:00.191+0300][info][gc] GC(818) Garbage Collection (Proactive) 12M(60%)->10M(50%)
[2024-12-25T16:10:01.697+0300][info][gc] GC(819) Garbage Collection (Proactive) 12M(60%)->10M(50%)
[2024-12-25T16:10:03.105+0300][info][gc] GC(820) Garbage Collection (Proactive) 12M(60%)->10M(50%)
[2024-12-25T16:10:04.702+0300][info][gc] GC(821) Garbage Collection (Proactive) 12M(60%)->10M(50%)
[2024-12-25T16:10:06.201+0300][info][gc] GC(822) Garbage Collection (Proactive) 12M(60%)->10M(50%)
[2024-12-25T16:10:07.695+0300][info][gc] GC(823) Garbage Collection (Proactive) 12M(60%)->10M(50%)
[2024-12-25T16:10:08.999+0300][info][gc] GC(824) Garbage Collection (Proactive) 12M(60%)->10M(50%)
[2024-12-25T16:10:10.289+0300][info][gc] GC(825) Garbage Collection (Proactive) 12M(60%)->10M(50%)
[2024-12-25T16:10:11.408+0300][info][gc] GC(826) Garbage Collection (Proactive) 12M(60%)->10M(50%)
[2024-12-25T16:10:13.596+0300][info][gc] GC(827) Garbage Collection (Proactive) 12M(60%)->10M(50%)
[2024-12-25T16:10:15.514+0300][info][gc] GC(828) Garbage Collection (Proactive) 12M(60%)->10M(50%)
[2024-12-25T16:10:18.298+0300][info][gc] GC(829) Garbage Collection (Proactive) 12M(60%)->10M(50%)
[2024-12-25T16:10:20.495+0300][info][gc] GC(830) Garbage Collection (Proactive) 12M(60%)->12M(60%)
[2024-12-25T16:10:34.589+0300][info][gc] GC(831) Garbage Collection (Proactive) 14M(70%)->10M(50%)
[2024-12-25T16:10:36.311+0300][info][gc] GC(832) Garbage Collection (Proactive) 12M(60%)->10M(50%)
[2024-12-25T16:10:39.616+0300][info][gc] GC(833) Garbage Collection (Proactive) 12M(60%)->10M(50%)
[2024-12-25T16:10:42.197+0300][info][gc] GC(834) Garbage Collection (Proactive) 12M(60%)->10M(50%)
[2024-12-25T16:10:44.588+0300][info][gc] GC(835) Garbage Collection (Proactive) 12M(60%)->10M(50%)
[2024-12-25T16:10:46.397+0300][info][gc] GC(836) Garbage Collection (Proactive) 12M(60%)->10M(50%)
[2024-12-25T16:10:47.902+0300][info][gc] GC(837) Garbage Collection (Proactive) 12M(60%)->10M(50%)
[2024-12-25T16:10:49.193+0300][info][gc] GC(838) Garbage Collection (Proactive) 12M(60%)->10M(50%)
[2024-12-25T16:10:50.703+0300][info][gc] GC(839) Garbage Collection (Proactive) 12M(60%)->10M(50%)
[2024-12-25T16:10:52.099+0300][info][gc] GC(840) Garbage Collection (Proactive) 12M(60%)->10M(50%)
[2024-12-25T16:10:53.400+0300][info][gc] GC(841) Garbage Collection (Proactive) 12M(60%)->10M(50%)
[2024-12-25T16:10:54.688+0300][info][gc] GC(842) Garbage Collection (Proactive) 12M(60%)->10M(50%)
[2024-12-25T16:10:55.900+0300][info][gc] GC(843) Garbage Collection (Proactive) 12M(60%)->10M(50%)
[2024-12-25T16:10:57.088+0300][info][gc] GC(844) Garbage Collection (Proactive) 12M(60%)->10M(50%)
[2024-12-25T16:10:58.199+0300][info][gc] GC(845) Garbage Collection (Proactive) 12M(60%)->10M(50%)
[2024-12-25T16:10:59.292+0300][info][gc] GC(846) Garbage Collection (Proactive) 12M(60%)->10M(50%)
[2024-12-25T16:11:00.392+0300][info][gc] GC(847) Garbage Collection (Proactive) 12M(60%)->10M(50%)
[2024-12-25T16:11:01.718+0300][info][gc] GC(848) Garbage Collection (Proactive) 12M(60%)->10M(50%)
[2024-12-25T16:11:05.603+0300][info][gc] GC(849) Garbage Collection (Proactive) 12M(60%)->10M(50%)
[2024-12-25T16:11:08.694+0300][info][gc] GC(850) Garbage Collection (Proactive) 12M(60%)->10M(50%)
[2024-12-25T16:11:10.890+0300][info][gc] GC(851) Garbage Collection (Proactive) 12M(60%)->10M(50%)
[2024-12-25T16:11:12.593+0300][info][gc] GC(852) Garbage Collection (Proactive) 12M(60%)->10M(50%)
[2024-12-25T16:11:13.997+0300][info][gc] GC(853) Garbage Collection (Proactive) 12M(60%)->10M(50%)
[2024-12-25T16:11:15.296+0300][info][gc] GC(854) Garbage Collection (Proactive) 12M(60%)->10M(50%)
[2024-12-25T16:11:16.595+0300][info][gc] GC(855) Garbage Collection (Proactive) 12M(60%)->10M(50%)
[2024-12-25T16:11:17.800+0300][info][gc] GC(856) Garbage Collection (Proactive) 12M(60%)->10M(50%)
[2024-12-25T16:11:19.596+0300][info][gc] GC(857) Garbage Collection (Proactive) 12M(60%)->10M(50%)
[2024-12-25T16:11:21.199+0300][info][gc] GC(858) Garbage Collection (Proactive) 12M(60%)->10M(50%)
[2024-12-25T16:11:22.600+0300][info][gc] GC(859) Garbage Collection (Proactive) 12M(60%)->10M(50%)
[2024-12-25T16:11:23.899+0300][info][gc] GC(860) Garbage Collection (Proactive) 12M(60%)->10M(50%)
[2024-12-25T16:11:25.202+0300][info][gc] GC(861) Garbage Collection (Proactive) 12M(60%)->10M(50%)
[2024-12-25T16:11:26.506+0300][info][gc] GC(862) Garbage Collection (Proactive) 12M(60%)->10M(50%)
[2024-12-25T16:11:28.198+0300][info][gc] GC(863) Garbage Collection (Proactive) 12M(60%)->10M(50%)
[2024-12-25T16:11:29.694+0300][info][gc] GC(864) Garbage Collection (Proactive) 12M(60%)->10M(50%)
[2024-12-25T16:11:31.295+0300][info][gc] GC(865) Garbage Collection (Proactive) 12M(60%)->10M(50%)
[2024-12-25T16:11:32.798+0300][info][gc] GC(866) Garbage Collection (Proactive) 12M(60%)->10M(50%)
[2024-12-25T16:11:34.103+0300][info][gc] GC(867) Garbage Collection (Proactive) 12M(60%)->10M(50%)
[2024-12-25T16:11:35.299+0300][info][gc] GC(868) Garbage Collection (Proactive) 12M(60%)->10M(50%)
[2024-12-25T16:11:36.506+0300][info][gc] GC(869) Garbage Collection (Proactive) 12M(60%)->10M(50%)
[2024-12-25T16:11:37.803+0300][info][gc] GC(870) Garbage Collection (Proactive) 12M(60%)->10M(50%)
[2024-12-25T16:11:39.695+0300][info][gc] GC(871) Garbage Collection (Proactive) 12M(60%)->10M(50%)
[2024-12-25T16:11:41.308+0300][info][gc] GC(872) Garbage Collection (Proactive) 12M(60%)->10M(50%)
[2024-12-25T16:11:43.404+0300][info][gc] GC(873) Garbage Collection (Proactive) 12M(60%)->10M(50%)
[2024-12-25T16:11:45.297+0300][info][gc] GC(874) Garbage Collection (Proactive) 12M(60%)->10M(50%)
[2024-12-25T16:11:46.899+0300][info][gc] GC(875) Garbage Collection (Proactive) 12M(60%)->10M(50%)
[2024-12-25T16:11:48.404+0300][info][gc] GC(876) Garbage Collection (Proactive) 12M(60%)->10M(50%)
[2024-12-25T16:11:50.305+0300][info][gc] GC(877) Garbage Collection (Proactive) 12M(60%)->10M(50%)
[2024-12-25T16:11:51.896+0300][info][gc] GC(878) Garbage Collection (Proactive) 12M(60%)->10M(50%)
[2024-12-25T16:11:53.402+0300][info][gc] GC(879) Garbage Collection (Proactive) 12M(60%)->10M(50%)
[2024-12-25T16:11:54.797+0300][info][gc] GC(880) Garbage Collection (Proactive) 12M(60%)->10M(50%)
[2024-12-25T16:11:56.201+0300][info][gc] GC(881) Garbage Collection (Proactive) 12M(60%)->10M(50%)
[2024-12-25T16:11:57.494+0300][info][gc] GC(882) Garbage Collection (Proactive) 12M(60%)->10M(50%)
[2024-12-25T16:11:58.997+0300][info][gc] GC(883) Garbage Collection (Proactive) 12M(60%)->10M(50%)
[2024-12-25T16:12:00.509+0300][info][gc] GC(884) Garbage Collection (Proactive) 12M(60%)->10M(50%)
[2024-12-25T16:12:02.501+0300][info][gc] GC(885) Garbage Collection (Proactive) 12M(60%)->10M(50%)
[2024-12-25T16:12:04.289+0300][info][gc] GC(886) Garbage Collection (Proactive) 12M(60%)->10M(50%)
[2024-12-25T16:12:06.100+0300][info][gc] GC(887) Garbage Collection (Proactive) 12M(60%)->10M(50%)
[2024-12-25T16:12:07.599+0300][info][gc] GC(888) Garbage Collection (Proactive) 12M(60%)->10M(50%)
[2024-12-25T16:12:08.911+0300][info][gc] GC(889) Garbage Collection (Proactive) 12M(60%)->10M(50%)
[2024-12-25T16:12:11.507+0300][info][gc] GC(890) Garbage Collection (Proactive) 12M(60%)->10M(50%)
[2024-12-25T16:12:13.514+0300][info][gc] GC(891) Garbage Collection (Proactive) 12M(60%)->10M(50%)
[2024-12-25T16:12:15.607+0300][info][gc] GC(892) Garbage Collection (Proactive) 12M(60%)->10M(50%)
[2024-12-25T16:12:17.395+0300][info][gc] GC(893) Garbage Collection (Proactive) 12M(60%)->10M(50%)
[2024-12-25T16:12:19.011+0300][info][gc] GC(894) Garbage Collection (Proactive) 12M(60%)->10M(50%)
[2024-12-25T16:12:20.997+0300][info][gc] GC(895) Garbage Collection (Proactive) 12M(60%)->10M(50%)
[2024-12-25T16:12:22.912+0300][info][gc] GC(896) Garbage Collection (Proactive) 12M(60%)->10M(50%)
[2024-12-25T16:12:25.204+0300][info][gc] GC(897) Garbage Collection (Proactive) 12M(60%)->10M(50%)
[2024-12-25T16:12:27.203+0300][info][gc] GC(898) Garbage Collection (Proactive) 12M(60%)->10M(50%)
[2024-12-25T16:12:28.809+0300][info][gc] GC(899) Garbage Collection (Proactive) 12M(60%)->10M(50%)
[2024-12-25T16:12:30.994+0300][info][gc] GC(900) Garbage Collection (Proactive) 12M(60%)->10M(50%)
[2024-12-25T16:12:33.004+0300][info][gc] GC(901) Garbage Collection (Proactive) 12M(60%)->10M(50%)
[2024-12-25T16:12:34.597+0300][info][gc] GC(902) Garbage Collection (Proactive) 12M(60%)->10M(50%)
[2024-12-25T16:12:36.615+0300][info][gc] GC(903) Garbage Collection (Proactive) 12M(60%)->10M(50%)
[2024-12-25T16:12:38.995+0300][info][gc] GC(904) Garbage Collection (Proactive) 12M(60%)->10M(50%)
[2024-12-25T16:12:41.199+0300][info][gc] GC(905) Garbage Collection (Proactive) 12M(60%)->10M(50%)
[2024-12-25T16:12:43.113+0300][info][gc] GC(906) Garbage Collection (Proactive) 12M(60%)->12M(60%)
[2024-12-25T16:12:57.905+0300][info][gc] GC(907) Garbage Collection (Proactive) 14M(70%)->10M(50%)
[2024-12-25T16:13:00.005+0300][info][gc] GC(908) Garbage Collection (Proactive) 12M(60%)->10M(50%)
[2024-12-25T16:13:01.891+0300][info][gc] GC(909) Garbage Collection (Proactive) 12M(60%)->10M(50%)
[2024-12-25T16:13:03.700+0300][info][gc] GC(910) Garbage Collection (Proactive) 12M(60%)->10M(50%)
[2024-12-25T16:13:05.203+0300][info][gc] GC(911) Garbage Collection (Proactive) 12M(60%)->10M(50%)
[2024-12-25T16:13:07.212+0300][info][gc] GC(912) Garbage Collection (Proactive) 12M(60%)->10M(50%)
[2024-12-25T16:13:09.117+0300][info][gc] GC(913) Garbage Collection (Proactive) 12M(60%)->10M(50%)
[2024-12-25T16:13:11.302+0300][info][gc] GC(914) Garbage Collection (Proactive) 12M(60%)->10M(50%)
[2024-12-25T16:13:13.788+0300][info][gc] GC(915) Garbage Collection (Proactive) 12M(60%)->10M(50%)
[2024-12-25T16:13:15.805+0300][info][gc] GC(916) Garbage Collection (Proactive) 12M(60%)->10M(50%)
[2024-12-25T16:13:17.398+0300][info][gc] GC(917) Garbage Collection (Proactive) 12M(60%)->10M(50%)
[2024-12-25T16:13:19.406+0300][info][gc] GC(918) Garbage Collection (Proactive) 12M(60%)->10M(50%)
[2024-12-25T16:13:21.508+0300][info][gc] GC(919) Garbage Collection (Proactive) 12M(60%)->10M(50%)
[2024-12-25T16:13:23.309+0300][info][gc] GC(920) Garbage Collection (Proactive) 12M(60%)->10M(50%)
[2024-12-25T16:13:25.002+0300][info][gc] GC(921) Garbage Collection (Proactive) 12M(60%)->10M(50%)
[2024-12-25T16:13:26.586+0300][info][gc] GC(922) Garbage Collection (Proactive) 12M(60%)->10M(50%)
[2024-12-25T16:13:28.295+0300][info][gc] GC(923) Garbage Collection (Proactive) 12M(60%)->10M(50%)
[2024-12-25T16:13:29.711+0300][info][gc] GC(924) Garbage Collection (Proactive) 12M(60%)->10M(50%)
[2024-12-25T16:13:32.608+0300][info][gc] GC(925) Garbage Collection (Proactive) 12M(60%)->10M(50%)
[2024-12-25T16:13:34.903+0300][info][gc] GC(926) Garbage Collection (Proactive) 12M(60%)->12M(60%)
[2024-12-25T16:13:48.999+0300][info][gc] GC(927) Garbage Collection (Proactive) 14M(70%)->10M(50%)
[2024-12-25T16:13:50.806+0300][info][gc] GC(928) Garbage Collection (Proactive) 12M(60%)->10M(50%)
[2024-12-25T16:13:52.409+0300][info][gc] GC(929) Garbage Collection (Proactive) 12M(60%)->10M(50%)
[2024-12-25T16:13:54.011+0300][info][gc] GC(930) Garbage Collection (Proactive) 12M(60%)->10M(50%)
[2024-12-25T16:13:55.806+0300][info][gc] GC(931) Garbage Collection (Proactive) 12M(60%)->10M(50%)
[2024-12-25T16:13:57.907+0300][info][gc] GC(932) Garbage Collection (Proactive) 12M(60%)->10M(50%)
[2024-12-25T16:14:00.004+0300][info][gc] GC(933) Garbage Collection (Proactive) 12M(60%)->12M(60%)
[2024-12-25T16:14:15.107+0300][info][gc] GC(934) Garbage Collection (Proactive) 14M(70%)->10M(50%)
[2024-12-25T16:14:17.103+0300][info][gc] GC(935) Garbage Collection (Proactive) 12M(60%)->10M(50%)
[2024-12-25T16:14:18.900+0300][info][gc] GC(936) Garbage Collection (Proactive) 12M(60%)->10M(50%)
[2024-12-25T16:14:20.701+0300][info][gc] GC(937) Garbage Collection (Proactive) 12M(60%)->10M(50%)
[2024-12-25T16:14:22.406+0300][info][gc] GC(938) Garbage Collection (Proactive) 12M(60%)->10M(50%)
[2024-12-25T16:14:24.209+0300][info][gc] GC(939) Garbage Collection (Proactive) 12M(60%)->10M(50%)
[2024-12-25T16:14:26.021+0300][info][gc] GC(940) Garbage Collection (Proactive) 12M(60%)->10M(50%)
[2024-12-25T16:14:28.419+0300][info][gc] GC(941) Garbage Collection (Proactive) 12M(60%)->10M(50%)
[2024-12-25T16:14:31.421+0300][info][gc] GC(942) Garbage Collection (Proactive) 12M(60%)->10M(50%)
[2024-12-25T16:14:48.103+0300][info][gc] GC(943) Garbage Collection (Proactive) 12M(60%)->10M(50%)
[2024-12-25T16:14:54.008+0300][info][gc] GC(944) Garbage Collection (Proactive) 12M(60%)->10M(50%)
[2024-12-25T16:14:56.805+0300][info][gc] GC(945) Garbage Collection (Proactive) 12M(60%)->12M(60%)
[2024-12-25T16:15:07.513+0300][info][gc] GC(946) Garbage Collection (Proactive) 14M(70%)->10M(50%)
[2024-12-25T16:15:10.012+0300][info][gc] GC(947) Garbage Collection (Proactive) 12M(60%)->10M(50%)
[2024-12-25T16:15:12.309+0300][info][gc] GC(948) Garbage Collection (Proactive) 12M(60%)->10M(50%)
[2024-12-25T16:15:14.393+0300][info][gc] GC(949) Garbage Collection (Proactive) 12M(60%)->10M(50%)
[2024-12-25T16:15:16.404+0300][info][gc] GC(950) Garbage Collection (Proactive) 12M(60%)->10M(50%)
[2024-12-25T16:15:18.102+0300][info][gc] GC(951) Garbage Collection (Proactive) 12M(60%)->10M(50%)
[2024-12-25T16:15:20.107+0300][info][gc] GC(952) Garbage Collection (Proactive) 12M(60%)->10M(50%)
[2024-12-25T16:15:22.007+0300][info][gc] GC(953) Garbage Collection (Proactive) 12M(60%)->10M(50%)
[2024-12-25T16:15:23.915+0300][info][gc] GC(954) Garbage Collection (Proactive) 12M(60%)->10M(50%)
[2024-12-25T16:15:26.507+0300][info][gc] GC(955) Garbage Collection (Proactive) 12M(60%)->10M(50%)
[2024-12-25T16:15:28.705+0300][info][gc] GC(956) Garbage Collection (Proactive) 12M(60%)->10M(50%)
[2024-12-25T16:15:30.702+0300][info][gc] GC(957) Garbage Collection (Proactive) 12M(60%)->10M(50%)
[2024-12-25T16:15:32.511+0300][info][gc] GC(958) Garbage Collection (Proactive) 12M(60%)->12M(60%)
[2024-12-25T16:15:46.604+0300][info][gc] GC(959) Garbage Collection (Proactive) 14M(70%)->10M(50%)
[2024-12-25T16:15:48.398+0300][info][gc] GC(960) Garbage Collection (Proactive) 12M(60%)->10M(50%)
[2024-12-25T16:15:50.194+0300][info][gc] GC(961) Garbage Collection (Proactive) 12M(60%)->10M(50%)
[2024-12-25T16:15:51.709+0300][info][gc] GC(962) Garbage Collection (Proactive) 12M(60%)->10M(50%)
[2024-12-25T16:15:53.195+0300][info][gc] GC(963) Garbage Collection (Proactive) 12M(60%)->10M(50%)
[2024-12-25T16:15:54.809+0300][info][gc] GC(964) Garbage Collection (Proactive) 12M(60%)->10M(50%)
[2024-12-25T16:15:56.595+0300][info][gc] GC(965) Garbage Collection (Proactive) 12M(60%)->10M(50%)
[2024-12-25T16:15:58.195+0300][info][gc] GC(966) Garbage Collection (Proactive) 12M(60%)->10M(50%)
[2024-12-25T16:15:59.605+0300][info][gc] GC(967) Garbage Collection (Proactive) 12M(60%)->10M(50%)
[2024-12-25T16:16:01.004+0300][info][gc] GC(968) Garbage Collection (Proactive) 12M(60%)->12M(60%)
[2024-12-25T16:16:16.011+0300][info][gc] GC(969) Garbage Collection (Proactive) 14M(70%)->12M(60%)
[2024-12-25T16:16:30.602+0300][info][gc] GC(970) Garbage Collection (Proactive) 14M(70%)->10M(50%)
[2024-12-25T16:16:32.287+0300][info][gc] GC(971) Garbage Collection (Proactive) 12M(60%)->10M(50%)
[2024-12-25T16:16:33.909+0300][info][gc] GC(972) Garbage Collection (Proactive) 12M(60%)->10M(50%)
[2024-12-25T16:16:35.800+0300][info][gc] GC(973) Garbage Collection (Proactive) 12M(60%)->10M(50%)
[2024-12-25T16:16:37.593+0300][info][gc] GC(974) Garbage Collection (Proactive) 12M(60%)->12M(60%)
[2024-12-25T16:16:52.303+0300][info][gc] GC(975) Garbage Collection (Proactive) 14M(70%)->12M(60%)
[2024-12-25T16:17:06.798+0300][info][gc] GC(976) Garbage Collection (Proactive) 14M(70%)->10M(50%)
[2024-12-25T16:17:08.616+0300][info][gc] GC(977) Garbage Collection (Proactive) 12M(60%)->10M(50%)
[2024-12-25T16:17:10.799+0300][info][gc] GC(978) Garbage Collection (Proactive) 12M(60%)->10M(50%)
[2024-12-25T16:17:12.712+0300][info][gc] GC(979) Garbage Collection (Proactive) 12M(60%)->12M(60%)
[2024-12-25T16:17:26.799+0300][info][gc] GC(980) Garbage Collection (Proactive) 14M(70%)->10M(50%)
[2024-12-25T16:17:29.091+0300][info][gc] GC(981) Garbage Collection (Proactive) 12M(60%)->10M(50%)
[2024-12-25T16:17:30.996+0300][info][gc] GC(982) Garbage Collection (Proactive) 12M(60%)->10M(50%)
[2024-12-25T16:17:32.514+0300][info][gc] GC(983) Garbage Collection (Proactive) 12M(60%)->10M(50%)
[2024-12-25T16:17:36.298+0300][info][gc] GC(984) Garbage Collection (Proactive) 12M(60%)->10M(50%)
[2024-12-25T16:17:39.205+0300][info][gc] GC(985) Garbage Collection (Proactive) 12M(60%)->10M(50%)
[2024-12-25T16:17:41.403+0300][info][gc] GC(986) Garbage Collection (Proactive) 12M(60%)->10M(50%)
[2024-12-25T16:17:43.289+0300][info][gc] GC(987) Garbage Collection (Proactive) 12M(60%)->10M(50%)
[2024-12-25T16:17:44.794+0300][info][gc] GC(988) Garbage Collection (Proactive) 12M(60%)->10M(50%)
[2024-12-25T16:17:46.104+0300][info][gc] GC(989) Garbage Collection (Proactive) 12M(60%)->10M(50%)
[2024-12-25T16:17:47.417+0300][info][gc] GC(990) Garbage Collection (Proactive) 12M(60%)->10M(50%)
[2024-12-25T16:17:49.988+0300][info][gc] GC(991) Garbage Collection (Proactive) 12M(60%)->10M(50%)
[2024-12-25T16:17:52.203+0300][info][gc] GC(992) Garbage Collection (Proactive) 12M(60%)->10M(50%)
[2024-12-25T16:17:53.994+0300][info][gc] GC(993) Garbage Collection (Proactive) 12M(60%)->10M(50%)
[2024-12-25T16:17:55.603+0300][info][gc] GC(994) Garbage Collection (Proactive) 12M(60%)->12M(60%)
[2024-12-25T16:18:07.703+0300][info][gc] GC(995) Garbage Collection (Proactive) 14M(70%)->10M(50%)
[2024-12-25T16:18:09.809+0300][info][gc] GC(996) Garbage Collection (Proactive) 12M(60%)->10M(50%)
[2024-12-25T16:18:12.698+0300][info][gc] GC(997) Garbage Collection (Proactive) 12M(60%)->10M(50%)
[2024-12-25T16:18:15.508+0300][info][gc] GC(998) Garbage Collection (Proactive) 12M(60%)->10M(50%)
[2024-12-25T16:18:17.704+0300][info][gc] GC(999) Garbage Collection (Proactive) 12M(60%)->10M(50%)
[2024-12-25T16:18:19.532+0300][info][gc] GC(1000) Garbage Collection (Proactive) 12M(60%)->10M(50%)
[2024-12-25T16:18:23.694+0300][info][gc] GC(1001) Garbage Collection (Proactive) 12M(60%)->10M(50%)
[2024-12-25T16:18:26.807+0300][info][gc] GC(1002) Garbage Collection (Proactive) 12M(60%)->10M(50%)
[2024-12-25T16:18:29.108+0300][info][gc] GC(1003) Garbage Collection (Proactive) 12M(60%)->10M(50%)
[2024-12-25T16:18:31.400+0300][info][gc] GC(1004) Garbage Collection (Proactive) 12M(60%)->10M(50%)
[2024-12-25T16:18:33.400+0300][info][gc] GC(1005) Garbage Collection (Proactive) 12M(60%)->10M(50%)
[2024-12-25T16:18:35.300+0300][info][gc] GC(1006) Garbage Collection (Proactive) 12M(60%)->10M(50%)
[2024-12-25T16:18:37.406+0300][info][gc] GC(1007) Garbage Collection (Proactive) 12M(60%)->10M(50%)
[2024-12-25T16:18:39.591+0300][info][gc] GC(1008) Garbage Collection (Proactive) 12M(60%)->10M(50%)
[2024-12-25T16:18:41.699+0300][info][gc] GC(1009) Garbage Collection (Proactive) 12M(60%)->12M(60%)
[2024-12-25T16:18:55.997+0300][info][gc] GC(1010) Garbage Collection (Proactive) 14M(70%)->10M(50%)
[2024-12-25T16:18:57.997+0300][info][gc] GC(1011) Garbage Collection (Proactive) 12M(60%)->10M(50%)
[2024-12-25T16:18:59.605+0300][info][gc] GC(1012) Garbage Collection (Proactive) 12M(60%)->10M(50%)
[2024-12-25T16:19:01.711+0300][info][gc] GC(1013) Garbage Collection (Proactive) 12M(60%)->12M(60%)
[2024-12-25T16:19:15.992+0300][info][gc] GC(1014) Garbage Collection (Proactive) 14M(70%)->10M(50%)
[2024-12-25T16:19:17.694+0300][info][gc] GC(1015) Garbage Collection (Proactive) 12M(60%)->10M(50%)
[2024-12-25T16:19:19.203+0300][info][gc] GC(1016) Garbage Collection (Proactive) 12M(60%)->10M(50%)
[2024-12-25T16:19:20.488+0300][info][gc] GC(1017) Garbage Collection (Proactive) 12M(60%)->10M(50%)
[2024-12-25T16:19:21.696+0300][info][gc] GC(1018) Garbage Collection (Proactive) 12M(60%)->10M(50%)
[2024-12-25T16:19:22.901+0300][info][gc] GC(1019) Garbage Collection (Proactive) 12M(60%)->10M(50%)
[2024-12-25T16:19:24.095+0300][info][gc] GC(1020) Garbage Collection (Proactive) 12M(60%)->10M(50%)
[2024-12-25T16:19:25.294+0300][info][gc] GC(1021) Garbage Collection (Proactive) 12M(60%)->10M(50%)
[2024-12-25T16:19:26.507+0300][info][gc] GC(1022) Garbage Collection (Proactive) 12M(60%)->10M(50%)
[2024-12-25T16:19:28.105+0300][info][gc] GC(1023) Garbage Collection (Proactive) 12M(60%)->10M(50%)
[2024-12-25T16:19:29.506+0300][info][gc] GC(1024) Garbage Collection (Proactive) 12M(60%)->10M(50%)
[2024-12-25T16:19:31.296+0300][info][gc] GC(1025) Garbage Collection (Proactive) 12M(60%)->10M(50%)
[2024-12-25T16:19:32.894+0300][info][gc] GC(1026) Garbage Collection (Proactive) 12M(60%)->10M(50%)
[2024-12-25T16:19:34.592+0300][info][gc] GC(1027) Garbage Collection (Proactive) 12M(60%)->10M(50%)
[2024-12-25T16:19:35.992+0300][info][gc] GC(1028) Garbage Collection (Proactive) 12M(60%)->10M(50%)
[2024-12-25T16:19:37.614+0300][info][gc] GC(1029) Garbage Collection (Proactive) 12M(60%)->10M(50%)
[2024-12-25T16:19:40.105+0300][info][gc] GC(1030) Garbage Collection (Proactive) 12M(60%)->10M(50%)
[2024-12-25T16:19:42.600+0300][info][gc] GC(1031) Garbage Collection (Proactive) 12M(60%)->10M(50%)
[2024-12-25T16:19:44.900+0300][info][gc] GC(1032) Garbage Collection (Proactive) 12M(60%)->10M(50%)
[2024-12-25T16:19:47.010+0300][info][gc] GC(1033) Garbage Collection (Proactive) 12M(60%)->10M(50%)
[2024-12-25T16:19:49.407+0300][info][gc] GC(1034) Garbage Collection (Proactive) 12M(60%)->10M(50%)
[2024-12-25T16:19:52.217+0300][info][gc] GC(1035) Garbage Collection (Proactive) 12M(60%)->10M(50%)
[2024-12-25T16:19:55.600+0300][info][gc] GC(1036) Garbage Collection (Proactive) 12M(60%)->10M(50%)
[2024-12-25T16:19:58.616+0300][info][gc] GC(1037) Garbage Collection (Proactive) 12M(60%)->10M(50%)
[2024-12-25T16:20:01.101+0300][info][gc] GC(1038) Garbage Collection (Proactive) 12M(60%)->10M(50%)
[2024-12-25T16:20:03.215+0300][info][gc] GC(1039) Garbage Collection (Proactive) 12M(60%)->10M(50%)
[2024-12-25T16:20:06.500+0300][info][gc] GC(1040) Garbage Collection (Proactive) 12M(60%)->10M(50%)
[2024-12-25T16:20:09.713+0300][info][gc] GC(1041) Garbage Collection (Proactive) 12M(60%)->10M(50%)
[2024-12-25T16:20:12.397+0300][info][gc] GC(1042) Garbage Collection (Proactive) 12M(60%)->10M(50%)
[2024-12-25T16:20:14.703+0300][info][gc] GC(1043) Garbage Collection (Proactive) 12M(60%)->10M(50%)
[2024-12-25T16:20:16.406+0300][info][gc] GC(1044) Garbage Collection (Proactive) 12M(60%)->10M(50%)
[2024-12-25T16:20:18.503+0300][info][gc] GC(1045) Garbage Collection (Proactive) 12M(60%)->10M(50%)
[2024-12-25T16:20:20.615+0300][info][gc] GC(1046) Garbage Collection (Proactive) 12M(60%)->10M(50%)
[2024-12-25T16:20:22.699+0300][info][gc] GC(1047) Garbage Collection (Proactive) 12M(60%)->10M(50%)
[2024-12-25T16:20:24.694+0300][info][gc] GC(1048) Garbage Collection (Proactive) 12M(60%)->10M(50%)
[2024-12-25T16:20:26.392+0300][info][gc] GC(1049) Garbage Collection (Proactive) 12M(60%)->10M(50%)
[2024-12-25T16:20:27.992+0300][info][gc] GC(1050) Garbage Collection (Proactive) 12M(60%)->12M(60%)
[2024-12-25T16:20:42.994+0300][info][gc] GC(1051) Garbage Collection (Proactive) 14M(70%)->10M(50%)
[2024-12-25T16:20:44.407+0300][info][gc] GC(1052) Garbage Collection (Proactive) 12M(60%)->10M(50%)
[2024-12-25T16:20:46.616+0300][info][gc] GC(1053) Garbage Collection (Proactive) 12M(60%)->10M(50%)
[2024-12-25T16:20:49.002+0300][info][gc] GC(1054) Garbage Collection (Proactive) 12M(60%)->10M(50%)
[2024-12-25T16:20:51.092+0300][info][gc] GC(1055) Garbage Collection (Proactive) 12M(60%)->10M(50%)
[2024-12-25T16:20:53.189+0300][info][gc] GC(1056) Garbage Collection (Proactive) 12M(60%)->10M(50%)
[2024-12-25T16:20:54.996+0300][info][gc] GC(1057) Garbage Collection (Proactive) 12M(60%)->10M(50%)
[2024-12-25T16:20:56.499+0300][info][gc] GC(1058) Garbage Collection (Proactive) 12M(60%)->10M(50%)
[2024-12-25T16:20:57.789+0300][info][gc] GC(1059) Garbage Collection (Proactive) 12M(60%)->10M(50%)
[2024-12-25T16:20:58.995+0300][info][gc] GC(1060) Garbage Collection (Proactive) 12M(60%)->10M(50%)
[2024-12-25T16:21:00.200+0300][info][gc] GC(1061) Garbage Collection (Proactive) 12M(60%)->10M(50%)
[2024-12-25T16:21:02.207+0300][info][gc] GC(1062) Garbage Collection (Proactive) 12M(60%)->10M(50%)
[2024-12-25T16:21:03.994+0300][info][gc] GC(1063) Garbage Collection (Proactive) 12M(60%)->10M(50%)
[2024-12-25T16:21:05.694+0300][info][gc] GC(1064) Garbage Collection (Proactive) 12M(60%)->10M(50%)
[2024-12-25T16:21:07.303+0300][info][gc] GC(1065) Garbage Collection (Proactive) 12M(60%)->10M(50%)
[2024-12-25T16:21:08.793+0300][info][gc] GC(1066) Garbage Collection (Proactive) 12M(60%)->10M(50%)
[2024-12-25T16:21:10.400+0300][info][gc] GC(1067) Garbage Collection (Proactive) 12M(60%)->10M(50%)
[2024-12-25T16:21:11.902+0300][info][gc] GC(1068) Garbage Collection (Proactive) 12M(60%)->10M(50%)
[2024-12-25T16:21:13.300+0300][info][gc] GC(1069) Garbage Collection (Proactive) 12M(60%)->10M(50%)
[2024-12-25T16:21:14.691+0300][info][gc] GC(1070) Garbage Collection (Proactive) 12M(60%)->10M(50%)
[2024-12-25T16:21:16.109+0300][info][gc] GC(1071) Garbage Collection (Proactive) 12M(60%)->10M(50%)
[2024-12-25T16:21:17.691+0300][info][gc] GC(1072) Garbage Collection (Proactive) 12M(60%)->10M(50%)
[2024-12-25T16:21:19.196+0300][info][gc] GC(1073) Garbage Collection (Proactive) 12M(60%)->10M(50%)
[2024-12-25T16:21:20.502+0300][info][gc] GC(1074) Garbage Collection (Proactive) 12M(60%)->10M(50%)
[2024-12-25T16:21:21.805+0300][info][gc] GC(1075) Garbage Collection (Proactive) 12M(60%)->10M(50%)
[2024-12-25T16:21:23.500+0300][info][gc] GC(1076) Garbage Collection (Proactive) 12M(60%)->10M(50%)
[2024-12-25T16:21:24.992+0300][info][gc] GC(1077) Garbage Collection (Proactive) 12M(60%)->10M(50%)
[2024-12-25T16:21:26.396+0300][info][gc] GC(1078) Garbage Collection (Proactive) 12M(60%)->10M(50%)
[2024-12-25T16:21:27.813+0300][info][gc] GC(1079) Garbage Collection (Proactive) 12M(60%)->10M(50%)
[2024-12-25T16:21:30.000+0300][info][gc] GC(1080) Garbage Collection (Proactive) 12M(60%)->10M(50%)
[2024-12-25T16:21:31.907+0300][info][gc] GC(1081) Garbage Collection (Proactive) 12M(60%)->10M(50%)
[2024-12-25T16:21:33.706+0300][info][gc] GC(1082) Garbage Collection (Proactive) 12M(60%)->10M(50%)
[2024-12-25T16:21:35.499+0300][info][gc] GC(1083) Garbage Collection (Proactive) 12M(60%)->10M(50%)
[2024-12-25T16:21:37.100+0300][info][gc] GC(1084) Garbage Collection (Proactive) 12M(60%)->12M(60%)
[2024-12-25T16:21:51.200+0300][info][gc] GC(1085) Garbage Collection (Proactive) 14M(70%)->10M(50%)
[2024-12-25T16:21:53.121+0300][info][gc] GC(1086) Garbage Collection (Proactive) 12M(60%)->12M(60%)
[2024-12-25T16:22:07.229+0300][info][gc] GC(1087) Garbage Collection (Proactive) 14M(70%)->10M(50%)
[2024-12-25T16:22:10.861+0300][info][gc] GC(1088) Garbage Collection (Proactive) 12M(60%)->10M(50%)
[2024-12-25T16:22:13.891+0300][info][gc] GC(1089) Garbage Collection (Proactive) 12M(60%)->10M(50%)
[2024-12-25T16:22:16.901+0300][info][gc] GC(1090) Garbage Collection (Proactive) 12M(60%)->10M(50%)
[2024-12-25T16:22:19.103+0300][info][gc] GC(1091) Garbage Collection (Proactive) 12M(60%)->10M(50%)
[2024-12-25T16:22:20.795+0300][info][gc] GC(1092) Garbage Collection (Proactive) 12M(60%)->10M(50%)
[2024-12-25T16:22:22.290+0300][info][gc] GC(1093) Garbage Collection (Proactive) 12M(60%)->10M(50%)
[2024-12-25T16:22:23.703+0300][info][gc] GC(1094) Garbage Collection (Proactive) 12M(60%)->10M(50%)
[2024-12-25T16:22:25.289+0300][info][gc] GC(1095) Garbage Collection (Proactive) 12M(60%)->10M(50%)
[2024-12-25T16:22:26.790+0300][info][gc] GC(1096) Garbage Collection (Proactive) 12M(60%)->10M(50%)
[2024-12-25T16:22:28.109+0300][info][gc] GC(1097) Garbage Collection (Proactive) 12M(60%)->10M(50%)
[2024-12-25T16:22:30.211+0300][info][gc] GC(1098) Garbage Collection (Proactive) 12M(60%)->10M(50%)
[2024-12-25T16:22:32.514+0300][info][gc] GC(1099) Garbage Collection (Proactive) 12M(60%)->12M(60%)
[2024-12-25T16:22:47.413+0300][info][gc] GC(1100) Garbage Collection (Proactive) 14M(70%)->10M(50%)
[2024-12-25T16:22:50.108+0300][info][gc] GC(1101) Garbage Collection (Proactive) 12M(60%)->10M(50%)
[2024-12-25T16:22:52.520+0300][info][gc] GC(1102) Garbage Collection (Proactive) 12M(60%)->12M(60%)
[2024-12-25T16:23:04.597+0300][info][gc] GC(1103) Garbage Collection (Proactive) 14M(70%)->10M(50%)
[2024-12-25T16:23:07.601+0300][info][gc] GC(1104) Garbage Collection (Proactive) 12M(60%)->10M(50%)
[2024-12-25T16:23:10.006+0300][info][gc] GC(1105) Garbage Collection (Proactive) 12M(60%)->10M(50%)
[2024-12-25T16:23:12.600+0300][info][gc] GC(1106) Garbage Collection (Proactive) 12M(60%)->10M(50%)
[2024-12-25T16:23:14.907+0300][info][gc] GC(1107) Garbage Collection (Proactive) 12M(60%)->10M(50%)
[2024-12-25T16:23:16.901+0300][info][gc] GC(1108) Garbage Collection (Proactive) 12M(60%)->10M(50%)
[2024-12-25T16:23:18.610+0300][info][gc] GC(1109) Garbage Collection (Proactive) 12M(60%)->10M(50%)
[2024-12-25T16:23:20.711+0300][info][gc] GC(1110) Garbage Collection (Proactive) 12M(60%)->10M(50%)
[2024-12-25T16:23:23.095+0300][info][gc] GC(1111) Garbage Collection (Proactive) 12M(60%)->10M(50%)
[2024-12-25T16:23:25.204+0300][info][gc] GC(1112) Garbage Collection (Proactive) 12M(60%)->10M(50%)
[2024-12-25T16:23:27.098+0300][info][gc] GC(1113) Garbage Collection (Proactive) 12M(60%)->10M(50%)
[2024-12-25T16:23:28.607+0300][info][gc] GC(1114) Garbage Collection (Proactive) 12M(60%)->10M(50%)
[2024-12-25T16:23:30.102+0300][info][gc] GC(1115) Garbage Collection (Proactive) 12M(60%)->10M(50%)
[2024-12-25T16:23:31.905+0300][info][gc] GC(1116) Garbage Collection (Proactive) 12M(60%)->10M(50%)
[2024-12-25T16:23:33.709+0300][info][gc] GC(1117) Garbage Collection (Proactive) 12M(60%)->10M(50%)
[2024-12-25T16:23:35.407+0300][info][gc] GC(1118) Garbage Collection (Proactive) 12M(60%)->10M(50%)
[2024-12-25T16:23:37.002+0300][info][gc] GC(1119) Garbage Collection (Proactive) 12M(60%)->10M(50%)
[2024-12-25T16:23:38.494+0300][info][gc] GC(1120) Garbage Collection (Proactive) 12M(60%)->10M(50%)
[2024-12-25T16:23:39.999+0300][info][gc] GC(1121) Garbage Collection (Proactive) 12M(60%)->10M(50%)
[2024-12-25T16:23:41.398+0300][info][gc] GC(1122) Garbage Collection (Proactive) 12M(60%)->10M(50%)
[2024-12-25T16:23:43.091+0300][info][gc] GC(1123) Garbage Collection (Proactive) 12M(60%)->10M(50%)
[2024-12-25T16:23:44.903+0300][info][gc] GC(1124) Garbage Collection (Proactive) 12M(60%)->10M(50%)
[2024-12-25T16:23:46.914+0300][info][gc] GC(1125) Garbage Collection (Proactive) 12M(60%)->10M(50%)
[2024-12-25T16:23:49.499+0300][info][gc] GC(1126) Garbage Collection (Proactive) 12M(60%)->10M(50%)
[2024-12-25T16:23:51.898+0300][info][gc] GC(1127) Garbage Collection (Proactive) 12M(60%)->10M(50%)
[2024-12-25T16:23:53.805+0300][info][gc] GC(1128) Garbage Collection (Proactive) 12M(60%)->10M(50%)
[2024-12-25T16:23:55.490+0300][info][gc] GC(1129) Garbage Collection (Proactive) 12M(60%)->10M(50%)
[2024-12-25T16:23:57.096+0300][info][gc] GC(1130) Garbage Collection (Proactive) 12M(60%)->10M(50%)
[2024-12-25T16:23:58.497+0300][info][gc] GC(1131) Garbage Collection (Proactive) 12M(60%)->10M(50%)
[2024-12-25T16:24:00.009+0300][info][gc] GC(1132) Garbage Collection (Proactive) 12M(60%)->10M(50%)
[2024-12-25T16:24:01.803+0300][info][gc] GC(1133) Garbage Collection (Proactive) 12M(60%)->10M(50%)
[2024-12-25T16:24:03.609+0300][info][gc] GC(1134) Garbage Collection (Proactive) 12M(60%)->10M(50%)
[2024-12-25T16:24:05.204+0300][info][gc] GC(1135) Garbage Collection (Proactive) 12M(60%)->10M(50%)
[2024-12-25T16:24:06.808+0300][info][gc] GC(1136) Garbage Collection (Proactive) 12M(60%)->10M(50%)
[2024-12-25T16:24:08.606+0300][info][gc] GC(1137) Garbage Collection (Proactive) 12M(60%)->10M(50%)
[2024-12-25T16:24:10.401+0300][info][gc] GC(1138) Garbage Collection (Proactive) 12M(60%)->10M(50%)
[2024-12-25T16:24:11.994+0300][info][gc] GC(1139) Garbage Collection (Proactive) 12M(60%)->10M(50%)
[2024-12-25T16:24:13.599+0300][info][gc] GC(1140) Garbage Collection (Proactive) 12M(60%)->10M(50%)
[2024-12-25T16:24:15.005+0300][info][gc] GC(1141) Garbage Collection (Proactive) 12M(60%)->10M(50%)
[2024-12-25T16:24:17.397+0300][info][gc] GC(1142) Garbage Collection (Proactive) 12M(60%)->10M(50%)
[2024-12-25T16:24:19.406+0300][info][gc] GC(1143) Garbage Collection (Proactive) 12M(60%)->10M(50%)
[2024-12-25T16:24:21.912+0300][info][gc] GC(1144) Garbage Collection (Proactive) 12M(60%)->10M(50%)
[2024-12-25T16:24:24.188+0300][info][gc] GC(1145) Garbage Collection (Proactive) 12M(60%)->10M(50%)
[2024-12-25T16:24:26.500+0300][info][gc] GC(1146) Garbage Collection (Proactive) 12M(60%)->10M(50%)
[2024-12-25T16:24:28.289+0300][info][gc] GC(1147) Garbage Collection (Proactive) 12M(60%)->10M(50%)
[2024-12-25T16:24:29.694+0300][info][gc] GC(1148) Garbage Collection (Proactive) 12M(60%)->10M(50%)
[2024-12-25T16:24:31.000+0300][info][gc] GC(1149) Garbage Collection (Proactive) 12M(60%)->10M(50%)
[2024-12-25T16:24:32.191+0300][info][gc] GC(1150) Garbage Collection (Proactive) 12M(60%)->10M(50%)
[2024-12-25T16:24:33.398+0300][info][gc] GC(1151) Garbage Collection (Proactive) 12M(60%)->10M(50%)
[2024-12-25T16:24:34.490+0300][info][gc] GC(1152) Garbage Collection (Proactive) 12M(60%)->10M(50%)
[2024-12-25T16:24:35.597+0300][info][gc] GC(1153) Garbage Collection (Proactive) 12M(60%)->10M(50%)
[2024-12-25T16:24:36.908+0300][info][gc] GC(1154) Garbage Collection (Proactive) 12M(60%)->10M(50%)
[2024-12-25T16:24:38.700+0300][info][gc] GC(1155) Garbage Collection (Proactive) 12M(60%)->10M(50%)
[2024-12-25T16:24:40.692+0300][info][gc] GC(1156) Garbage Collection (Proactive) 12M(60%)->10M(50%)
[2024-12-25T16:24:42.697+0300][info][gc] GC(1157) Garbage Collection (Proactive) 12M(60%)->10M(50%)
[2024-12-25T16:24:44.411+0300][info][gc] GC(1158) Garbage Collection (Proactive) 12M(60%)->10M(50%)
[2024-12-25T16:24:46.694+0300][info][gc] GC(1159) Garbage Collection (Proactive) 12M(60%)->10M(50%)
[2024-12-25T16:24:48.697+0300][info][gc] GC(1160) Garbage Collection (Proactive) 12M(60%)->10M(50%)
[2024-12-25T16:24:50.506+0300][info][gc] GC(1161) Garbage Collection (Proactive) 12M(60%)->10M(50%)
[2024-12-25T16:24:52.388+0300][info][gc] GC(1162) Garbage Collection (Proactive) 12M(60%)->10M(50%)
