[2024-12-25T14:57:50.115+0300][info][gc] Using G1
[2024-12-25T14:57:50.945+0300][info][gc] GC(0) Pause Young (Normal) (G1 Evacuation Pause) 4M->2M(12M) 8.409ms
[2024-12-25T14:57:52.626+0300][info][gc] GC(1) Pause Young (Normal) (G1 Evacuation Pause) 3M->2M(12M) 4.107ms
[2024-12-25T14:57:52.692+0300][info][gc] GC(2) Pause Young (Normal) (G1 Evacuation Pause) 3M->3M(12M) 2.826ms
[2024-12-25T14:57:52.739+0300][info][gc] GC(3) Pause Young (Normal) (G1 Evacuation Pause) 4M->3M(12M) 2.901ms
[2024-12-25T14:57:52.857+0300][info][gc] GC(4) Pause Young (Normal) (G1 Evacuation Pause) 5M->3M(12M) 2.563ms
[2024-12-25T14:57:52.977+0300][info][gc] GC(5) Pause Young (Normal) (G1 Evacuation Pause) 5M->3M(12M) 3.410ms
[2024-12-25T14:57:53.058+0300][info][gc] GC(6) Pause Young (Normal) (G1 Evacuation Pause) 6M->3M(12M) 3.372ms
[2024-12-25T14:57:53.102+0300][info][gc] GC(7) Pause Young (Normal) (G1 Evacuation Pause) 5M->3M(12M) 1.595ms
[2024-12-25T14:57:55.023+0300][info][gc] GC(8) Pause Young (Normal) (G1 Evacuation Pause) 6M->4M(12M) 4.004ms
[2024-12-25T14:57:55.261+0300][info][gc] GC(9) Pause Young (Normal) (G1 Evacuation Pause) 6M->4M(12M) 5.497ms
[2024-12-25T14:57:57.405+0300][info][gc] GC(10) Pause Young (Normal) (G1 Evacuation Pause) 6M->4M(12M) 2.988ms
[2024-12-25T14:58:03.974+0300][info][gc] GC(11) Pause Young (Concurrent Start) (G1 Humongous Allocation) 5M->4M(12M) 2.989ms
[2024-12-25T14:58:03.974+0300][info][gc] GC(12) Concurrent Undo Cycle
[2024-12-25T14:58:03.974+0300][info][gc] GC(12) Concurrent Undo Cycle 0.272ms
[2024-12-25T14:58:16.550+0300][info][gc] GC(13) Pause Young (Normal) (G1 Evacuation Pause) 7M->5M(12M) 2.320ms
[2024-12-25T14:58:34.561+0300][info][gc] GC(14) Pause Young (Concurrent Start) (G1 Evacuation Pause) 7M->5M(12M) 2.707ms
[2024-12-25T14:58:34.562+0300][info][gc] GC(15) Concurrent Mark Cycle
[2024-12-25T14:58:34.576+0300][info][gc] GC(15) Pause Remark 5M->5M(12M) 4.673ms
[2024-12-25T14:58:34.582+0300][info][gc] GC(15) Pause Cleanup 5M->5M(12M) 0.061ms
[2024-12-25T14:58:34.582+0300][info][gc] GC(15) Concurrent Mark Cycle 20.438ms
[2024-12-25T14:58:52.579+0300][info][gc] GC(16) Pause Young (Prepare Mixed) (G1 Evacuation Pause) 7M->5M(12M) 2.450ms
[2024-12-25T14:59:01.588+0300][info][gc] GC(17) Pause Young (Mixed) (G1 Evacuation Pause) 6M->5M(12M) 4.171ms
[2024-12-25T14:59:20.603+0300][info][gc] GC(18) Pause Young (Concurrent Start) (G1 Evacuation Pause) 7M->5M(12M) 2.524ms
[2024-12-25T14:59:20.604+0300][info][gc] GC(19) Concurrent Mark Cycle
[2024-12-25T14:59:20.617+0300][info][gc] GC(19) Pause Remark 5M->5M(12M) 3.449ms
[2024-12-25T14:59:20.623+0300][info][gc] GC(19) Pause Cleanup 5M->5M(12M) 0.077ms
[2024-12-25T14:59:20.623+0300][info][gc] GC(19) Concurrent Mark Cycle 19.219ms
[2024-12-25T14:59:39.623+0300][info][gc] GC(20) Pause Young (Prepare Mixed) (G1 Evacuation Pause) 7M->5M(12M) 2.078ms
[2024-12-25T14:59:49.634+0300][info][gc] GC(21) Pause Young (Mixed) (G1 Evacuation Pause) 6M->5M(12M) 4.172ms
[2024-12-25T15:00:08.644+0300][info][gc] GC(22) Pause Young (Concurrent Start) (G1 Evacuation Pause) 7M->5M(12M) 2.259ms
[2024-12-25T15:00:08.644+0300][info][gc] GC(23) Concurrent Mark Cycle
[2024-12-25T15:00:08.657+0300][info][gc] GC(23) Pause Remark 5M->5M(12M) 3.178ms
[2024-12-25T15:00:08.661+0300][info][gc] GC(23) Pause Cleanup 5M->5M(12M) 0.058ms
[2024-12-25T15:00:08.661+0300][info][gc] GC(23) Concurrent Mark Cycle 16.638ms
[2024-12-25T15:00:27.662+0300][info][gc] GC(24) Pause Young (Normal) (G1 Evacuation Pause) 7M->5M(12M) 2.114ms
[2024-12-25T15:00:47.431+0300][info][gc] GC(25) Pause Young (Concurrent Start) (G1 Evacuation Pause) 7M->5M(12M) 2.874ms
[2024-12-25T15:00:47.431+0300][info][gc] GC(26) Concurrent Mark Cycle
[2024-12-25T15:00:47.454+0300][info][gc] GC(26) Pause Remark 5M->5M(12M) 4.392ms
[2024-12-25T15:00:47.462+0300][info][gc] GC(26) Pause Cleanup 5M->5M(12M) 0.050ms
[2024-12-25T15:00:47.462+0300][info][gc] GC(26) Concurrent Mark Cycle 30.777ms
[2024-12-25T15:01:06.697+0300][info][gc] GC(27) Pause Young (Normal) (G1 Evacuation Pause) 7M->5M(12M) 2.039ms
[2024-12-25T15:01:26.446+0300][info][gc] GC(28) Pause Young (Concurrent Start) (G1 Evacuation Pause) 7M->5M(12M) 2.074ms
[2024-12-25T15:01:26.446+0300][info][gc] GC(29) Concurrent Mark Cycle
[2024-12-25T15:01:26.462+0300][info][gc] GC(29) Pause Remark 5M->5M(12M) 4.258ms
[2024-12-25T15:01:26.467+0300][info][gc] GC(29) Pause Cleanup 5M->5M(12M) 0.058ms
[2024-12-25T15:01:26.468+0300][info][gc] GC(29) Concurrent Mark Cycle 21.924ms
[2024-12-25T15:01:45.740+0300][info][gc] GC(30) Pause Young (Normal) (G1 Evacuation Pause) 7M->5M(12M) 6.616ms
[2024-12-25T15:02:04.750+0300][info][gc] GC(31) Pause Young (Concurrent Start) (G1 Evacuation Pause) 7M->5M(12M) 3.448ms
[2024-12-25T15:02:04.750+0300][info][gc] GC(32) Concurrent Mark Cycle
[2024-12-25T15:02:04.780+0300][info][gc] GC(32) Pause Remark 5M->5M(12M) 9.174ms
[2024-12-25T15:02:04.785+0300][info][gc] GC(32) Pause Cleanup 5M->5M(12M) 0.082ms
[2024-12-25T15:02:04.786+0300][info][gc] GC(32) Concurrent Mark Cycle 35.725ms
[2024-12-25T15:02:24.477+0300][info][gc] GC(33) Pause Young (Normal) (G1 Evacuation Pause) 7M->5M(12M) 1.836ms
[2024-12-25T15:02:43.783+0300][info][gc] GC(34) Pause Young (Concurrent Start) (G1 Evacuation Pause) 7M->5M(12M) 1.480ms
[2024-12-25T15:02:43.783+0300][info][gc] GC(35) Concurrent Mark Cycle
[2024-12-25T15:02:43.798+0300][info][gc] GC(35) Pause Remark 5M->5M(12M) 5.567ms
[2024-12-25T15:02:43.803+0300][info][gc] GC(35) Pause Cleanup 5M->5M(12M) 0.074ms
[2024-12-25T15:02:43.803+0300][info][gc] GC(35) Concurrent Mark Cycle 19.855ms
[2024-12-25T15:03:00.809+0300][info][gc] GC(36) Pause Young (Normal) (G1 Evacuation Pause) 7M->5M(12M) 1.216ms
[2024-12-25T15:03:20.510+0300][info][gc] GC(37) Pause Young (Concurrent Start) (G1 Evacuation Pause) 7M->5M(12M) 1.549ms
[2024-12-25T15:03:20.510+0300][info][gc] GC(38) Concurrent Mark Cycle
[2024-12-25T15:03:20.526+0300][info][gc] GC(38) Pause Remark 5M->5M(12M) 5.456ms
[2024-12-25T15:03:20.531+0300][info][gc] GC(38) Pause Cleanup 5M->5M(12M) 0.095ms
[2024-12-25T15:03:20.532+0300][info][gc] GC(38) Concurrent Mark Cycle 21.713ms
[2024-12-25T15:03:36.835+0300][info][gc] GC(39) Pause Young (Normal) (G1 Evacuation Pause) 7M->5M(12M) 1.525ms
[2024-12-25T15:03:55.858+0300][info][gc] GC(40) Pause Young (Concurrent Start) (G1 Evacuation Pause) 7M->5M(12M) 4.010ms
[2024-12-25T15:03:55.858+0300][info][gc] GC(41) Concurrent Mark Cycle
[2024-12-25T15:03:55.884+0300][info][gc] GC(41) Pause Remark 5M->5M(12M) 4.759ms
[2024-12-25T15:03:55.892+0300][info][gc] GC(41) Pause Cleanup 5M->5M(12M) 0.089ms
[2024-12-25T15:03:55.893+0300][info][gc] GC(41) Concurrent Mark Cycle 35.098ms
[2024-12-25T15:04:15.870+0300][info][gc] GC(42) Pause Young (Normal) (G1 Evacuation Pause) 7M->5M(12M) 3.061ms
[2024-12-25T15:04:34.889+0300][info][gc] GC(43) Pause Young (Concurrent Start) (G1 Evacuation Pause) 7M->5M(12M) 3.490ms
[2024-12-25T15:04:34.889+0300][info][gc] GC(44) Concurrent Mark Cycle
[2024-12-25T15:04:34.930+0300][info][gc] GC(44) Pause Remark 5M->5M(12M) 7.101ms
[2024-12-25T15:04:34.935+0300][info][gc] GC(44) Pause Cleanup 5M->5M(12M) 0.136ms
[2024-12-25T15:04:34.935+0300][info][gc] GC(44) Concurrent Mark Cycle 45.499ms
[2024-12-25T15:04:54.905+0300][info][gc] GC(45) Pause Young (Normal) (G1 Evacuation Pause) 7M->5M(12M) 1.631ms
[2024-12-25T15:05:13.923+0300][info][gc] GC(46) Pause Young (Concurrent Start) (G1 Evacuation Pause) 7M->5M(12M) 1.667ms
[2024-12-25T15:05:13.924+0300][info][gc] GC(47) Concurrent Mark Cycle
[2024-12-25T15:05:13.940+0300][info][gc] GC(47) Pause Remark 5M->5M(12M) 3.282ms
[2024-12-25T15:05:13.945+0300][info][gc] GC(47) Pause Cleanup 5M->5M(12M) 0.159ms
[2024-12-25T15:05:13.945+0300][info][gc] GC(47) Concurrent Mark Cycle 21.069ms
[2024-12-25T15:05:33.937+0300][info][gc] GC(48) Pause Young (Normal) (G1 Evacuation Pause) 7M->5M(12M) 1.884ms
[2024-12-25T15:05:53.595+0300][info][gc] GC(49) Pause Young (Concurrent Start) (G1 Evacuation Pause) 7M->5M(12M) 1.589ms
[2024-12-25T15:05:53.595+0300][info][gc] GC(50) Concurrent Mark Cycle
[2024-12-25T15:05:53.613+0300][info][gc] GC(50) Pause Remark 5M->5M(12M) 4.194ms
[2024-12-25T15:05:53.620+0300][info][gc] GC(50) Pause Cleanup 5M->5M(12M) 0.084ms
[2024-12-25T15:05:53.620+0300][info][gc] GC(50) Concurrent Mark Cycle 24.542ms
[2024-12-25T15:06:12.971+0300][info][gc] GC(51) Pause Young (Normal) (G1 Evacuation Pause) 7M->5M(12M) 1.846ms
[2024-12-25T15:06:32.984+0300][info][gc] GC(52) Pause Young (Concurrent Start) (G1 Evacuation Pause) 7M->5M(12M) 1.261ms
[2024-12-25T15:06:32.984+0300][info][gc] GC(53) Concurrent Mark Cycle
[2024-12-25T15:06:32.997+0300][info][gc] GC(53) Pause Remark 5M->5M(12M) 3.235ms
[2024-12-25T15:06:33.002+0300][info][gc] GC(53) Pause Cleanup 5M->5M(12M) 0.083ms
[2024-12-25T15:06:33.002+0300][info][gc] GC(53) Concurrent Mark Cycle 17.769ms
[2024-12-25T15:06:52.003+0300][info][gc] GC(54) Pause Young (Normal) (G1 Evacuation Pause) 7M->5M(12M) 1.523ms
[2024-12-25T15:07:12.025+0300][info][gc] GC(55) Pause Young (Concurrent Start) (G1 Evacuation Pause) 7M->5M(12M) 3.126ms
[2024-12-25T15:07:12.025+0300][info][gc] GC(56) Concurrent Mark Cycle
[2024-12-25T15:07:12.052+0300][info][gc] GC(56) Pause Remark 5M->5M(12M) 6.295ms
[2024-12-25T15:07:12.060+0300][info][gc] GC(56) Pause Cleanup 5M->5M(12M) 0.125ms
[2024-12-25T15:07:12.060+0300][info][gc] GC(56) Concurrent Mark Cycle 35.087ms
[2024-12-25T15:07:32.040+0300][info][gc] GC(57) Pause Young (Normal) (G1 Evacuation Pause) 7M->5M(12M) 1.796ms
[2024-12-25T15:07:51.651+0300][info][gc] GC(58) Pause Young (Concurrent Start) (G1 Evacuation Pause) 7M->5M(12M) 1.207ms
[2024-12-25T15:07:51.651+0300][info][gc] GC(59) Concurrent Mark Cycle
[2024-12-25T15:07:51.668+0300][info][gc] GC(59) Pause Remark 5M->5M(12M) 4.321ms
[2024-12-25T15:07:51.676+0300][info][gc] GC(59) Pause Cleanup 5M->5M(12M) 0.055ms
[2024-12-25T15:07:51.676+0300][info][gc] GC(59) Concurrent Mark Cycle 24.606ms
[2024-12-25T15:08:10.663+0300][info][gc] GC(60) Pause Young (Normal) (G1 Evacuation Pause) 7M->5M(12M) 1.020ms
[2024-12-25T15:08:30.091+0300][info][gc] GC(61) Pause Young (Concurrent Start) (G1 Evacuation Pause) 7M->5M(12M) 1.216ms
[2024-12-25T15:08:30.091+0300][info][gc] GC(62) Concurrent Mark Cycle
[2024-12-25T15:08:30.107+0300][info][gc] GC(62) Pause Remark 5M->5M(12M) 5.576ms
[2024-12-25T15:08:30.112+0300][info][gc] GC(62) Pause Cleanup 5M->5M(12M) 0.101ms
[2024-12-25T15:08:30.112+0300][info][gc] GC(62) Concurrent Mark Cycle 20.594ms
[2024-12-25T15:08:48.107+0300][info][gc] GC(63) Pause Young (Normal) (G1 Evacuation Pause) 7M->5M(12M) 1.326ms
[2024-12-25T15:09:08.126+0300][info][gc] GC(64) Pause Young (Concurrent Start) (G1 Evacuation Pause) 7M->5M(12M) 1.561ms
[2024-12-25T15:09:08.126+0300][info][gc] GC(65) Concurrent Mark Cycle
[2024-12-25T15:09:08.146+0300][info][gc] GC(65) Pause Remark 5M->5M(12M) 4.646ms
[2024-12-25T15:09:08.154+0300][info][gc] GC(65) Pause Cleanup 5M->5M(12M) 0.110ms
[2024-12-25T15:09:08.154+0300][info][gc] GC(65) Concurrent Mark Cycle 28.141ms
[2024-12-25T15:09:28.144+0300][info][gc] GC(66) Pause Young (Normal) (G1 Evacuation Pause) 7M->5M(12M) 3.133ms
[2024-12-25T15:09:48.159+0300][info][gc] GC(67) Pause Young (Concurrent Start) (G1 Evacuation Pause) 7M->5M(12M) 2.496ms
[2024-12-25T15:09:48.159+0300][info][gc] GC(68) Concurrent Mark Cycle
[2024-12-25T15:09:48.191+0300][info][gc] GC(68) Pause Remark 5M->5M(12M) 4.485ms
[2024-12-25T15:09:48.195+0300][info][gc] GC(68) Pause Cleanup 5M->5M(12M) 0.088ms
[2024-12-25T15:09:48.195+0300][info][gc] GC(68) Concurrent Mark Cycle 35.880ms
[2024-12-25T15:10:08.174+0300][info][gc] GC(69) Pause Young (Normal) (G1 Evacuation Pause) 7M->5M(12M) 1.471ms
[2024-12-25T15:10:28.194+0300][info][gc] GC(70) Pause Young (Concurrent Start) (G1 Evacuation Pause) 7M->5M(12M) 1.362ms
[2024-12-25T15:10:28.194+0300][info][gc] GC(71) Concurrent Mark Cycle
[2024-12-25T15:10:28.207+0300][info][gc] GC(71) Pause Remark 5M->5M(12M) 4.186ms
[2024-12-25T15:10:28.212+0300][info][gc] GC(71) Pause Cleanup 5M->5M(12M) 0.137ms
[2024-12-25T15:10:28.212+0300][info][gc] GC(71) Concurrent Mark Cycle 18.390ms
[2024-12-25T15:10:48.211+0300][info][gc] GC(72) Pause Young (Normal) (G1 Evacuation Pause) 7M->5M(12M) 1.677ms
[2024-12-25T15:11:08.228+0300][info][gc] GC(73) Pause Young (Concurrent Start) (G1 Evacuation Pause) 7M->5M(12M) 2.061ms
[2024-12-25T15:11:08.228+0300][info][gc] GC(74) Concurrent Mark Cycle
[2024-12-25T15:11:08.252+0300][info][gc] GC(74) Pause Remark 5M->5M(12M) 7.145ms
[2024-12-25T15:11:08.260+0300][info][gc] GC(74) Pause Cleanup 5M->5M(12M) 0.103ms
[2024-12-25T15:11:08.260+0300][info][gc] GC(74) Concurrent Mark Cycle 32.366ms
[2024-12-25T15:11:28.244+0300][info][gc] GC(75) Pause Young (Normal) (G1 Evacuation Pause) 7M->5M(12M) 2.414ms
[2024-12-25T15:11:48.262+0300][info][gc] GC(76) Pause Young (Concurrent Start) (G1 Evacuation Pause) 7M->5M(12M) 2.436ms
[2024-12-25T15:11:48.262+0300][info][gc] GC(77) Concurrent Mark Cycle
[2024-12-25T15:11:48.285+0300][info][gc] GC(77) Pause Remark 5M->5M(12M) 3.188ms
[2024-12-25T15:11:48.290+0300][info][gc] GC(77) Pause Cleanup 5M->5M(12M) 0.083ms
[2024-12-25T15:11:48.290+0300][info][gc] GC(77) Concurrent Mark Cycle 27.742ms
[2024-12-25T15:12:08.276+0300][info][gc] GC(78) Pause Young (Normal) (G1 Evacuation Pause) 7M->5M(12M) 2.724ms
[2024-12-25T15:12:28.300+0300][info][gc] GC(79) Pause Young (Concurrent Start) (G1 Evacuation Pause) 7M->5M(12M) 3.115ms
[2024-12-25T15:12:28.300+0300][info][gc] GC(80) Concurrent Mark Cycle
[2024-12-25T15:12:28.332+0300][info][gc] GC(80) Pause Remark 5M->5M(12M) 5.189ms
[2024-12-25T15:12:28.336+0300][info][gc] GC(80) Pause Cleanup 5M->5M(12M) 0.075ms
[2024-12-25T15:12:28.337+0300][info][gc] GC(80) Concurrent Mark Cycle 36.715ms
[2024-12-25T15:12:48.314+0300][info][gc] GC(81) Pause Young (Normal) (G1 Evacuation Pause) 7M->5M(12M) 1.063ms
[2024-12-25T15:13:07.341+0300][info][gc] GC(82) Pause Young (Concurrent Start) (G1 Evacuation Pause) 7M->5M(12M) 1.341ms
[2024-12-25T15:13:07.341+0300][info][gc] GC(83) Concurrent Mark Cycle
[2024-12-25T15:13:07.362+0300][info][gc] GC(83) Pause Remark 5M->5M(12M) 4.203ms
[2024-12-25T15:13:07.374+0300][info][gc] GC(83) Pause Cleanup 5M->5M(12M) 0.061ms
[2024-12-25T15:13:07.374+0300][info][gc] GC(83) Concurrent Mark Cycle 32.488ms
[2024-12-25T15:13:27.357+0300][info][gc] GC(84) Pause Young (Normal) (G1 Evacuation Pause) 7M->5M(12M) 1.717ms
[2024-12-25T15:13:47.379+0300][info][gc] GC(85) Pause Young (Concurrent Start) (G1 Evacuation Pause) 7M->5M(12M) 2.747ms
[2024-12-25T15:13:47.379+0300][info][gc] GC(86) Concurrent Mark Cycle
[2024-12-25T15:13:47.395+0300][info][gc] GC(86) Pause Remark 5M->5M(12M) 4.619ms
[2024-12-25T15:13:47.400+0300][info][gc] GC(86) Pause Cleanup 5M->5M(12M) 0.053ms
[2024-12-25T15:13:47.400+0300][info][gc] GC(86) Concurrent Mark Cycle 20.984ms
[2024-12-25T15:14:07.389+0300][info][gc] GC(87) Pause Young (Normal) (G1 Evacuation Pause) 7M->5M(12M) 1.591ms
[2024-12-25T15:14:27.408+0300][info][gc] GC(88) Pause Young (Concurrent Start) (G1 Evacuation Pause) 7M->5M(12M) 0.944ms
[2024-12-25T15:14:27.408+0300][info][gc] GC(89) Concurrent Mark Cycle
[2024-12-25T15:14:27.425+0300][info][gc] GC(89) Pause Remark 5M->5M(12M) 5.019ms
[2024-12-25T15:14:27.432+0300][info][gc] GC(89) Pause Cleanup 5M->5M(12M) 0.091ms
[2024-12-25T15:14:27.432+0300][info][gc] GC(89) Concurrent Mark Cycle 24.063ms
[2024-12-25T15:14:46.429+0300][info][gc] GC(90) Pause Young (Normal) (G1 Evacuation Pause) 7M->5M(12M) 2.667ms
[2024-12-25T15:15:06.448+0300][info][gc] GC(91) Pause Young (Concurrent Start) (G1 Evacuation Pause) 7M->5M(12M) 2.179ms
[2024-12-25T15:15:06.448+0300][info][gc] GC(92) Concurrent Mark Cycle
[2024-12-25T15:15:06.473+0300][info][gc] GC(92) Pause Remark 5M->5M(12M) 7.131ms
[2024-12-25T15:15:06.481+0300][info][gc] GC(92) Pause Cleanup 5M->5M(12M) 0.084ms
[2024-12-25T15:15:06.482+0300][info][gc] GC(92) Concurrent Mark Cycle 33.846ms
[2024-12-25T15:15:26.461+0300][info][gc] GC(93) Pause Young (Normal) (G1 Evacuation Pause) 7M->5M(12M) 2.761ms
[2024-12-25T15:15:46.478+0300][info][gc] GC(94) Pause Young (Concurrent Start) (G1 Evacuation Pause) 7M->5M(12M) 1.574ms
[2024-12-25T15:15:46.479+0300][info][gc] GC(95) Concurrent Mark Cycle
[2024-12-25T15:15:46.499+0300][info][gc] GC(95) Pause Remark 5M->5M(12M) 4.164ms
[2024-12-25T15:15:46.510+0300][info][gc] GC(95) Pause Cleanup 5M->5M(12M) 0.104ms
[2024-12-25T15:15:46.510+0300][info][gc] GC(95) Concurrent Mark Cycle 31.128ms
[2024-12-25T15:16:06.495+0300][info][gc] GC(96) Pause Young (Normal) (G1 Evacuation Pause) 7M->5M(12M) 1.203ms
[2024-12-25T15:16:26.513+0300][info][gc] GC(97) Pause Young (Concurrent Start) (G1 Evacuation Pause) 7M->5M(12M) 1.200ms
[2024-12-25T15:16:26.513+0300][info][gc] GC(98) Concurrent Mark Cycle
[2024-12-25T15:16:26.531+0300][info][gc] GC(98) Pause Remark 5M->5M(12M) 2.372ms
[2024-12-25T15:16:26.537+0300][info][gc] GC(98) Pause Cleanup 5M->5M(12M) 0.060ms
[2024-12-25T15:16:26.537+0300][info][gc] GC(98) Concurrent Mark Cycle 23.938ms
[2024-12-25T15:16:46.534+0300][info][gc] GC(99) Pause Young (Normal) (G1 Evacuation Pause) 7M->5M(12M) 1.001ms
[2024-12-25T15:17:06.556+0300][info][gc] GC(100) Pause Young (Concurrent Start) (G1 Evacuation Pause) 7M->5M(12M) 1.429ms
[2024-12-25T15:17:06.556+0300][info][gc] GC(101) Concurrent Mark Cycle
[2024-12-25T15:17:06.568+0300][info][gc] GC(101) Pause Remark 5M->5M(12M) 2.059ms
[2024-12-25T15:17:06.573+0300][info][gc] GC(101) Pause Cleanup 5M->5M(12M) 0.130ms
[2024-12-25T15:17:06.574+0300][info][gc] GC(101) Concurrent Mark Cycle 16.451ms
[2024-12-25T15:17:26.579+0300][info][gc] GC(102) Pause Young (Normal) (G1 Evacuation Pause) 7M->5M(12M) 1.102ms
[2024-12-25T15:17:46.938+0300][info][gc] GC(103) Pause Young (Concurrent Start) (G1 Evacuation Pause) 7M->5M(12M) 1.021ms
[2024-12-25T15:17:46.939+0300][info][gc] GC(104) Concurrent Mark Cycle
[2024-12-25T15:17:46.961+0300][info][gc] GC(104) Pause Remark 5M->5M(12M) 4.836ms
[2024-12-25T15:17:46.968+0300][info][gc] GC(104) Pause Cleanup 5M->5M(12M) 0.059ms
[2024-12-25T15:17:46.968+0300][info][gc] GC(104) Concurrent Mark Cycle 29.605ms
[2024-12-25T15:18:02.605+0300][info][gc] GC(105) Pause Young (Normal) (G1 Evacuation Pause) 7M->5M(12M) 1.199ms
[2024-12-25T15:18:22.956+0300][info][gc] GC(106) Pause Young (Concurrent Start) (G1 Evacuation Pause) 7M->5M(12M) 1.468ms
[2024-12-25T15:18:22.956+0300][info][gc] GC(107) Concurrent Mark Cycle
[2024-12-25T15:18:22.981+0300][info][gc] GC(107) Pause Remark 5M->5M(12M) 6.558ms
[2024-12-25T15:18:22.989+0300][info][gc] GC(107) Pause Cleanup 5M->5M(12M) 0.061ms
[2024-12-25T15:18:22.989+0300][info][gc] GC(107) Concurrent Mark Cycle 33.405ms
[2024-12-25T15:18:42.972+0300][info][gc] GC(108) Pause Young (Normal) (G1 Evacuation Pause) 7M->5M(12M) 1.484ms
[2024-12-25T15:19:02.987+0300][info][gc] GC(109) Pause Young (Concurrent Start) (G1 Evacuation Pause) 7M->5M(12M) 1.242ms
[2024-12-25T15:19:02.987+0300][info][gc] GC(110) Concurrent Mark Cycle
[2024-12-25T15:19:03.008+0300][info][gc] GC(110) Pause Remark 5M->5M(12M) 2.963ms
[2024-12-25T15:19:03.017+0300][info][gc] GC(110) Pause Cleanup 5M->5M(12M) 0.065ms
[2024-12-25T15:19:03.017+0300][info][gc] GC(110) Concurrent Mark Cycle 29.571ms
[2024-12-25T15:19:23.686+0300][info][gc] GC(111) Pause Young (Normal) (G1 Evacuation Pause) 7M->5M(12M) 1.272ms
[2024-12-25T15:19:34.959+0300][info][gc] GC(112) Pause Young (Concurrent Start) (G1 Humongous Allocation) 6M->5M(12M) 1.405ms
[2024-12-25T15:19:34.959+0300][info][gc] GC(113) Concurrent Mark Cycle
[2024-12-25T15:19:34.972+0300][info][gc] GC(114) Pause Young (Normal) (G1 Evacuation Pause) 8M->6M(12M) 0.994ms
[2024-12-25T15:19:34.994+0300][info][gc] GC(113) Pause Remark 6M->6M(12M) 6.280ms
[2024-12-25T15:19:35.001+0300][info][gc] GC(113) Pause Cleanup 7M->7M(12M) 0.049ms
[2024-12-25T15:19:35.002+0300][info][gc] GC(113) Concurrent Mark Cycle 42.639ms
[2024-12-25T15:19:35.015+0300][info][gc] GC(115) Pause Young (Normal) (G1 Evacuation Pause) 7M->6M(12M) 0.744ms
[2024-12-25T15:19:35.038+0300][info][gc] GC(116) Pause Young (Concurrent Start) (G1 Evacuation Pause) 7M->6M(12M) 1.134ms
[2024-12-25T15:19:35.039+0300][info][gc] GC(117) Concurrent Mark Cycle
[2024-12-25T15:19:35.060+0300][info][gc] GC(117) Pause Remark 7M->7M(12M) 4.790ms
[2024-12-25T15:19:35.063+0300][info][gc] GC(118) Pause Young (Normal) (G1 Evacuation Pause) 7M->6M(12M) 1.025ms
[2024-12-25T15:19:35.069+0300][info][gc] GC(117) Pause Cleanup 7M->7M(12M) 0.060ms
[2024-12-25T15:19:35.069+0300][info][gc] GC(117) Concurrent Mark Cycle 30.653ms
[2024-12-25T15:19:35.080+0300][info][gc] GC(119) Pause Young (Normal) (G1 Evacuation Pause) 7M->6M(12M) 0.798ms
[2024-12-25T15:19:35.094+0300][info][gc] GC(120) Pause Young (Concurrent Start) (G1 Evacuation Pause) 7M->6M(12M) 1.080ms
[2024-12-25T15:19:35.094+0300][info][gc] GC(121) Concurrent Mark Cycle
[2024-12-25T15:19:35.104+0300][info][gc] GC(122) Pause Young (Normal) (G1 Evacuation Pause) 7M->6M(12M) 0.885ms
[2024-12-25T15:19:35.108+0300][info][gc] GC(123) Pause Young (Normal) (G1 Evacuation Pause) 7M->6M(12M) 0.909ms
[2024-12-25T15:19:35.112+0300][info][gc] GC(124) Pause Young (Normal) (G1 Evacuation Pause) 7M->7M(12M) 0.772ms
[2024-12-25T15:19:35.116+0300][info][gc] GC(121) Pause Remark 7M->7M(12M) 2.319ms
[2024-12-25T15:19:35.119+0300][info][gc] GC(125) Pause Young (Normal) (G1 Evacuation Pause) 8M->7M(12M) 0.737ms
[2024-12-25T15:19:35.123+0300][info][gc] GC(126) Pause Young (Normal) (G1 Evacuation Pause) 8M->7M(12M) 0.702ms
[2024-12-25T15:19:35.124+0300][info][gc] GC(121) Pause Cleanup 7M->7M(12M) 0.048ms
[2024-12-25T15:19:35.124+0300][info][gc] GC(121) Concurrent Mark Cycle 30.355ms
[2024-12-25T15:19:35.127+0300][info][gc] GC(127) Pause Young (Normal) (G1 Evacuation Pause) 8M->7M(12M) 0.828ms
[2024-12-25T15:19:35.131+0300][info][gc] GC(128) Pause Young (Concurrent Start) (G1 Evacuation Pause) 8M->7M(12M) 1.047ms
[2024-12-25T15:19:35.131+0300][info][gc] GC(129) Concurrent Mark Cycle
[2024-12-25T15:19:35.135+0300][info][gc] GC(130) Pause Young (Normal) (G1 Evacuation Pause) 8M->7M(12M) 0.634ms
[2024-12-25T15:19:35.138+0300][info][gc] GC(131) Pause Young (Normal) (G1 Evacuation Pause) 8M->7M(12M) 0.575ms
[2024-12-25T15:19:35.141+0300][info][gc] GC(132) Pause Young (Normal) (G1 Evacuation Pause) 8M->7M(12M) 0.531ms
[2024-12-25T15:19:35.145+0300][info][gc] GC(133) Pause Young (Normal) (G1 Evacuation Pause) 8M->7M(12M) 0.549ms
[2024-12-25T15:19:35.150+0300][info][gc] GC(129) Pause Remark 7M->7M(12M) 4.476ms
[2024-12-25T15:19:35.153+0300][info][gc] GC(134) Pause Young (Normal) (G1 Evacuation Pause) 8M->7M(12M) 0.532ms
[2024-12-25T15:19:35.157+0300][info][gc] GC(135) Pause Young (Normal) (G1 Evacuation Pause) 8M->7M(12M) 0.642ms
[2024-12-25T15:19:35.158+0300][info][gc] GC(129) Pause Cleanup 8M->8M(12M) 0.051ms
[2024-12-25T15:19:35.158+0300][info][gc] GC(129) Concurrent Mark Cycle 26.735ms
[2024-12-25T15:19:35.160+0300][info][gc] GC(136) Pause Young (Prepare Mixed) (G1 Evacuation Pause) 8M->7M(12M) 0.538ms
[2024-12-25T15:19:35.163+0300][info][gc] GC(137) Pause Young (Mixed) (G1 Preventive Collection) 8M->7M(12M) 1.935ms
[2024-12-25T15:19:35.167+0300][info][gc] GC(138) Pause Young (Concurrent Start) (G1 Evacuation Pause) 8M->7M(12M) 0.912ms
[2024-12-25T15:19:35.167+0300][info][gc] GC(139) Concurrent Mark Cycle
[2024-12-25T15:19:35.170+0300][info][gc] GC(140) Pause Young (Normal) (G1 Evacuation Pause) 8M->7M(12M) 0.577ms
[2024-12-25T15:19:35.174+0300][info][gc] GC(141) Pause Young (Normal) (G1 Evacuation Pause) 8M->7M(12M) 0.619ms
[2024-12-25T15:19:35.177+0300][info][gc] GC(142) Pause Young (Normal) (G1 Evacuation Pause) 8M->7M(12M) 0.587ms
[2024-12-25T15:19:35.182+0300][info][gc] GC(139) Pause Remark 8M->8M(12M) 2.566ms
[2024-12-25T15:19:35.190+0300][info][gc] GC(139) Pause Cleanup 9M->9M(12M) 0.057ms
[2024-12-25T15:19:35.190+0300][info][gc] GC(139) Concurrent Mark Cycle 22.912ms
[2024-12-25T15:19:35.698+0300][info][gc] GC(143) Pause Young (Normal) (G1 Evacuation Pause) 9M->5M(12M) 0.947ms
[2024-12-25T15:19:41.703+0300][info][gc] GC(144) Pause Young (Concurrent Start) (G1 Evacuation Pause) 6M->5M(12M) 1.247ms
[2024-12-25T15:19:41.703+0300][info][gc] GC(145) Concurrent Mark Cycle
[2024-12-25T15:19:41.717+0300][info][gc] GC(145) Pause Remark 6M->6M(12M) 4.295ms
[2024-12-25T15:19:41.723+0300][info][gc] GC(145) Pause Cleanup 6M->6M(12M) 0.060ms
[2024-12-25T15:19:41.723+0300][info][gc] GC(145) Concurrent Mark Cycle 20.331ms
[2024-12-25T15:19:50.708+0300][info][gc] GC(146) Pause Young (Normal) (G1 Evacuation Pause) 6M->5M(12M) 1.129ms
[2024-12-25T15:20:10.732+0300][info][gc] GC(147) Pause Young (Concurrent Start) (G1 Evacuation Pause) 7M->5M(12M) 1.564ms
[2024-12-25T15:20:10.732+0300][info][gc] GC(148) Concurrent Mark Cycle
[2024-12-25T15:20:10.752+0300][info][gc] GC(148) Pause Remark 5M->5M(12M) 2.500ms
[2024-12-25T15:20:10.756+0300][info][gc] GC(148) Pause Cleanup 5M->5M(12M) 0.060ms
[2024-12-25T15:20:10.757+0300][info][gc] GC(148) Concurrent Mark Cycle 24.442ms
[2024-12-25T15:20:30.748+0300][info][gc] GC(149) Pause Young (Normal) (G1 Evacuation Pause) 7M->5M(12M) 1.302ms
[2024-12-25T15:20:50.770+0300][info][gc] GC(150) Pause Young (Concurrent Start) (G1 Evacuation Pause) 7M->5M(12M) 1.851ms
[2024-12-25T15:20:50.770+0300][info][gc] GC(151) Concurrent Mark Cycle
[2024-12-25T15:20:50.792+0300][info][gc] GC(151) Pause Remark 5M->5M(12M) 3.556ms
[2024-12-25T15:20:50.800+0300][info][gc] GC(151) Pause Cleanup 5M->5M(12M) 0.058ms
[2024-12-25T15:20:50.800+0300][info][gc] GC(151) Concurrent Mark Cycle 29.574ms
[2024-12-25T15:20:58.253+0300][info][gc] GC(152) Pause Young (Concurrent Start) (G1 Humongous Allocation) 6M->5M(12M) 1.333ms
[2024-12-25T15:20:58.253+0300][info][gc] GC(153) Concurrent Mark Cycle
[2024-12-25T15:20:58.275+0300][info][gc] GC(153) Pause Remark 6M->6M(12M) 6.174ms
[2024-12-25T15:20:58.286+0300][info][gc] GC(153) Pause Cleanup 6M->6M(12M) 0.058ms
[2024-12-25T15:20:58.286+0300][info][gc] GC(153) Concurrent Mark Cycle 32.613ms
[2024-12-25T15:21:17.801+0300][info][gc] GC(154) Pause Young (Normal) (G1 Evacuation Pause) 8M->5M(12M) 1.932ms
[2024-12-25T15:21:37.818+0300][info][gc] GC(155) Pause Young (Concurrent Start) (G1 Evacuation Pause) 7M->5M(12M) 1.426ms
[2024-12-25T15:21:37.818+0300][info][gc] GC(156) Concurrent Mark Cycle
[2024-12-25T15:21:37.840+0300][info][gc] GC(156) Pause Remark 5M->5M(12M) 3.671ms
[2024-12-25T15:21:37.850+0300][info][gc] GC(156) Pause Cleanup 5M->5M(12M) 0.058ms
[2024-12-25T15:21:37.850+0300][info][gc] GC(156) Concurrent Mark Cycle 32.123ms
[2024-12-25T15:21:57.833+0300][info][gc] GC(157) Pause Young (Normal) (G1 Evacuation Pause) 7M->5M(12M) 1.144ms
[2024-12-25T15:22:17.859+0300][info][gc] GC(158) Pause Young (Concurrent Start) (G1 Evacuation Pause) 7M->5M(12M) 3.212ms
[2024-12-25T15:22:17.859+0300][info][gc] GC(159) Concurrent Mark Cycle
[2024-12-25T15:22:17.892+0300][info][gc] GC(159) Pause Remark 5M->5M(12M) 2.313ms
[2024-12-25T15:22:17.897+0300][info][gc] GC(159) Pause Cleanup 5M->5M(12M) 0.088ms
[2024-12-25T15:22:17.897+0300][info][gc] GC(159) Concurrent Mark Cycle 37.260ms
[2024-12-25T15:22:22.296+0300][info][gc] GC(160) Pause Young (Concurrent Start) (G1 Humongous Allocation) 6M->5M(12M) 2.265ms
[2024-12-25T15:22:22.296+0300][info][gc] GC(161) Concurrent Mark Cycle
[2024-12-25T15:22:22.332+0300][info][gc] GC(161) Pause Remark 6M->6M(12M) 7.554ms
[2024-12-25T15:22:22.350+0300][info][gc] GC(161) Pause Cleanup 6M->6M(12M) 0.048ms
[2024-12-25T15:22:22.350+0300][info][gc] GC(161) Concurrent Mark Cycle 54.261ms
[2024-12-25T15:22:42.896+0300][info][gc] GC(162) Pause Young (Normal) (G1 Evacuation Pause) 8M->6M(12M) 1.102ms
[2024-12-25T15:22:52.908+0300][info][gc] GC(163) Pause Young (Concurrent Start) (G1 Evacuation Pause) 7M->6M(12M) 1.233ms
[2024-12-25T15:22:52.909+0300][info][gc] GC(164) Concurrent Mark Cycle
[2024-12-25T15:22:52.929+0300][info][gc] GC(164) Pause Remark 6M->6M(12M) 2.687ms
[2024-12-25T15:22:52.937+0300][info][gc] GC(164) Pause Cleanup 6M->6M(12M) 0.052ms
[2024-12-25T15:22:52.938+0300][info][gc] GC(164) Concurrent Mark Cycle 29.090ms
[2024-12-25T15:23:01.132+0300][info][gc] GC(165) Pause Young (Normal) (G1 Evacuation Pause) 7M->6M(12M) 1.127ms
[2024-12-25T15:23:10.938+0300][info][gc] GC(166) Pause Young (Concurrent Start) (G1 Evacuation Pause) 7M->6M(12M) 1.087ms
[2024-12-25T15:23:10.938+0300][info][gc] GC(167) Concurrent Mark Cycle
[2024-12-25T15:23:10.954+0300][info][gc] GC(167) Pause Remark 6M->6M(12M) 2.391ms
[2024-12-25T15:23:10.962+0300][info][gc] GC(167) Pause Cleanup 6M->6M(12M) 0.095ms
[2024-12-25T15:23:10.962+0300][info][gc] GC(167) Concurrent Mark Cycle 23.494ms
[2024-12-25T15:23:20.951+0300][info][gc] GC(168) Pause Young (Normal) (G1 Evacuation Pause) 7M->6M(12M) 1.136ms
[2024-12-25T15:23:30.971+0300][info][gc] GC(169) Pause Young (Concurrent Start) (G1 Evacuation Pause) 7M->6M(12M) 0.813ms
[2024-12-25T15:23:30.971+0300][info][gc] GC(170) Concurrent Mark Cycle
[2024-12-25T15:23:30.990+0300][info][gc] GC(170) Pause Remark 6M->6M(12M) 4.078ms
[2024-12-25T15:23:30.995+0300][info][gc] GC(170) Pause Cleanup 6M->6M(12M) 0.059ms
[2024-12-25T15:23:30.996+0300][info][gc] GC(170) Concurrent Mark Cycle 24.601ms
[2024-12-25T15:23:39.981+0300][info][gc] GC(171) Pause Young (Normal) (G1 Evacuation Pause) 7M->6M(12M) 0.971ms
[2024-12-25T15:23:48.993+0300][info][gc] GC(172) Pause Young (Concurrent Start) (G1 Evacuation Pause) 7M->6M(12M) 1.129ms
[2024-12-25T15:23:48.993+0300][info][gc] GC(173) Concurrent Mark Cycle
[2024-12-25T15:23:49.015+0300][info][gc] GC(173) Pause Remark 6M->6M(12M) 5.003ms
[2024-12-25T15:23:49.023+0300][info][gc] GC(173) Pause Cleanup 6M->6M(12M) 0.060ms
[2024-12-25T15:23:49.023+0300][info][gc] GC(173) Concurrent Mark Cycle 30.753ms
[2024-12-25T15:23:59.004+0300][info][gc] GC(174) Pause Young (Normal) (G1 Evacuation Pause) 7M->6M(12M) 0.943ms
[2024-12-25T15:24:09.018+0300][info][gc] GC(175) Pause Young (Concurrent Start) (G1 Evacuation Pause) 7M->6M(12M) 1.092ms
[2024-12-25T15:24:09.018+0300][info][gc] GC(176) Concurrent Mark Cycle
[2024-12-25T15:24:09.035+0300][info][gc] GC(176) Pause Remark 7M->7M(12M) 2.684ms
[2024-12-25T15:24:09.043+0300][info][gc] GC(176) Pause Cleanup 7M->7M(12M) 0.050ms
[2024-12-25T15:24:09.043+0300][info][gc] GC(176) Concurrent Mark Cycle 24.800ms
[2024-12-25T15:24:19.030+0300][info][gc] GC(177) Pause Young (Normal) (G1 Evacuation Pause) 7M->6M(12M) 0.992ms
[2024-12-25T15:24:29.042+0300][info][gc] GC(178) Pause Young (Concurrent Start) (G1 Evacuation Pause) 7M->6M(12M) 0.967ms
[2024-12-25T15:24:29.042+0300][info][gc] GC(179) Concurrent Mark Cycle
[2024-12-25T15:24:29.056+0300][info][gc] GC(179) Pause Remark 6M->6M(12M) 2.216ms
[2024-12-25T15:24:29.060+0300][info][gc] GC(179) Pause Cleanup 6M->6M(12M) 0.093ms
[2024-12-25T15:24:29.061+0300][info][gc] GC(179) Concurrent Mark Cycle 18.331ms
[2024-12-25T15:24:39.053+0300][info][gc] GC(180) Pause Young (Normal) (G1 Evacuation Pause) 7M->6M(12M) 0.847ms
[2024-12-25T15:24:49.067+0300][info][gc] GC(181) Pause Young (Concurrent Start) (G1 Evacuation Pause) 7M->6M(12M) 1.218ms
[2024-12-25T15:24:49.067+0300][info][gc] GC(182) Concurrent Mark Cycle
[2024-12-25T15:24:49.090+0300][info][gc] GC(182) Pause Remark 7M->7M(12M) 3.545ms
[2024-12-25T15:24:49.100+0300][info][gc] GC(182) Pause Cleanup 7M->7M(12M) 0.053ms
[2024-12-25T15:24:49.100+0300][info][gc] GC(182) Concurrent Mark Cycle 33.209ms
[2024-12-25T15:24:59.079+0300][info][gc] GC(183) Pause Young (Normal) (G1 Evacuation Pause) 7M->6M(12M) 1.037ms
[2024-12-25T15:25:09.091+0300][info][gc] GC(184) Pause Young (Concurrent Start) (G1 Evacuation Pause) 7M->6M(12M) 1.222ms
[2024-12-25T15:25:09.091+0300][info][gc] GC(185) Concurrent Mark Cycle
[2024-12-25T15:25:09.111+0300][info][gc] GC(185) Pause Remark 7M->7M(12M) 2.791ms
[2024-12-25T15:25:09.119+0300][info][gc] GC(185) Pause Cleanup 7M->7M(12M) 0.062ms
[2024-12-25T15:25:09.119+0300][info][gc] GC(185) Concurrent Mark Cycle 28.515ms
[2024-12-25T15:25:19.102+0300][info][gc] GC(186) Pause Young (Normal) (G1 Evacuation Pause) 7M->6M(12M) 0.908ms
[2024-12-25T15:25:29.109+0300][info][gc] GC(187) Pause Young (Concurrent Start) (G1 Evacuation Pause) 7M->5M(12M) 1.222ms
[2024-12-25T15:25:29.109+0300][info][gc] GC(188) Concurrent Mark Cycle
[2024-12-25T15:25:29.121+0300][info][gc] GC(188) Pause Remark 6M->6M(12M) 2.244ms
[2024-12-25T15:25:29.126+0300][info][gc] GC(188) Pause Cleanup 6M->6M(12M) 0.062ms
[2024-12-25T15:25:29.126+0300][info][gc] GC(188) Concurrent Mark Cycle 17.072ms
[2024-12-25T15:25:49.131+0300][info][gc] GC(189) Pause Young (Normal) (G1 Evacuation Pause) 7M->5M(12M) 1.050ms
[2024-12-25T15:26:09.144+0300][info][gc] GC(190) Pause Young (Concurrent Start) (G1 Evacuation Pause) 7M->5M(12M) 1.082ms
[2024-12-25T15:26:09.144+0300][info][gc] GC(191) Concurrent Mark Cycle
[2024-12-25T15:26:09.165+0300][info][gc] GC(191) Pause Remark 5M->5M(12M) 4.850ms
[2024-12-25T15:26:09.173+0300][info][gc] GC(191) Pause Cleanup 5M->5M(12M) 0.055ms
[2024-12-25T15:26:09.173+0300][info][gc] GC(191) Concurrent Mark Cycle 28.925ms
[2024-12-25T15:26:29.253+0300][info][gc] GC(192) Pause Young (Normal) (G1 Evacuation Pause) 7M->5M(12M) 0.983ms
[2024-12-25T15:26:50.186+0300][info][gc] GC(193) Pause Young (Concurrent Start) (G1 Evacuation Pause) 7M->5M(12M) 1.982ms
[2024-12-25T15:26:50.186+0300][info][gc] GC(194) Concurrent Mark Cycle
[2024-12-25T15:26:50.205+0300][info][gc] GC(194) Pause Remark 6M->6M(12M) 3.162ms
[2024-12-25T15:26:50.214+0300][info][gc] GC(194) Pause Cleanup 6M->6M(12M) 0.109ms
[2024-12-25T15:26:50.215+0300][info][gc] GC(194) Concurrent Mark Cycle 28.789ms
[2024-12-25T15:27:10.201+0300][info][gc] GC(195) Pause Young (Normal) (G1 Evacuation Pause) 7M->5M(12M) 1.128ms
[2024-12-25T15:27:30.281+0300][info][gc] GC(196) Pause Young (Concurrent Start) (G1 Evacuation Pause) 7M->5M(12M) 0.954ms
[2024-12-25T15:27:30.281+0300][info][gc] GC(197) Concurrent Mark Cycle
[2024-12-25T15:27:30.297+0300][info][gc] GC(197) Pause Remark 5M->5M(12M) 4.395ms
[2024-12-25T15:27:30.303+0300][info][gc] GC(197) Pause Cleanup 5M->5M(12M) 0.071ms
[2024-12-25T15:27:30.303+0300][info][gc] GC(197) Concurrent Mark Cycle 21.567ms
[2024-12-25T15:27:46.232+0300][info][gc] GC(198) Pause Young (Normal) (G1 Evacuation Pause) 7M->6M(12M) 1.620ms
[2024-12-25T15:28:05.302+0300][info][gc] GC(199) Pause Young (Concurrent Start) (G1 Evacuation Pause) 8M->6M(12M) 1.175ms
[2024-12-25T15:28:05.303+0300][info][gc] GC(200) Concurrent Mark Cycle
[2024-12-25T15:28:05.321+0300][info][gc] GC(200) Pause Remark 6M->6M(12M) 2.442ms
[2024-12-25T15:28:05.328+0300][info][gc] GC(200) Pause Cleanup 6M->6M(12M) 0.160ms
[2024-12-25T15:28:05.328+0300][info][gc] GC(200) Concurrent Mark Cycle 25.691ms
[2024-12-25T15:28:26.271+0300][info][gc] GC(201) Pause Young (Normal) (G1 Evacuation Pause) 8M->5M(12M) 1.539ms
[2024-12-25T15:28:46.286+0300][info][gc] GC(202) Pause Young (Concurrent Start) (G1 Evacuation Pause) 7M->5M(12M) 1.333ms
[2024-12-25T15:28:46.286+0300][info][gc] GC(203) Concurrent Mark Cycle
[2024-12-25T15:28:46.300+0300][info][gc] GC(203) Pause Remark 6M->6M(12M) 4.344ms
[2024-12-25T15:28:46.306+0300][info][gc] GC(203) Pause Cleanup 6M->6M(12M) 0.053ms
[2024-12-25T15:28:46.306+0300][info][gc] GC(203) Concurrent Mark Cycle 20.252ms
[2024-12-25T15:29:06.301+0300][info][gc] GC(204) Pause Young (Normal) (G1 Evacuation Pause) 7M->6M(12M) 1.061ms
[2024-12-25T15:29:26.318+0300][info][gc] GC(205) Pause Young (Concurrent Start) (G1 Evacuation Pause) 8M->6M(12M) 1.116ms
[2024-12-25T15:29:26.318+0300][info][gc] GC(206) Concurrent Mark Cycle
[2024-12-25T15:29:26.332+0300][info][gc] GC(206) Pause Remark 6M->6M(12M) 2.799ms
[2024-12-25T15:29:26.339+0300][info][gc] GC(206) Pause Cleanup 6M->6M(12M) 0.072ms
[2024-12-25T15:29:26.339+0300][info][gc] GC(206) Concurrent Mark Cycle 21.428ms
[2024-12-25T15:29:46.373+0300][info][gc] GC(207) Pause Young (Normal) (G1 Evacuation Pause) 8M->5M(12M) 1.109ms
[2024-12-25T15:30:07.353+0300][info][gc] GC(208) Pause Young (Concurrent Start) (G1 Evacuation Pause) 7M->5M(12M) 1.016ms
[2024-12-25T15:30:07.354+0300][info][gc] GC(209) Concurrent Mark Cycle
[2024-12-25T15:30:07.370+0300][info][gc] GC(209) Pause Remark 6M->6M(12M) 2.716ms
[2024-12-25T15:30:07.377+0300][info][gc] GC(209) Pause Cleanup 6M->6M(12M) 0.060ms
[2024-12-25T15:30:07.377+0300][info][gc] GC(209) Concurrent Mark Cycle 23.187ms
